Archive member included to satisfy reference by file (symbol)

/usr/lib/gcc/arm-none-eabi/12.2.0/../../../../arm-none-eabi/lib/thumb/v7e-m/nofp/libc.a(lib_a-atexit.o)
                              /usr/lib/gcc/arm-none-eabi/12.2.0/../../../../arm-none-eabi/lib/thumb/v7e-m/nofp/crt0.o (atexit)
/usr/lib/gcc/arm-none-eabi/12.2.0/../../../../arm-none-eabi/lib/thumb/v7e-m/nofp/libc.a(lib_a-exit.o)
                              /usr/lib/gcc/arm-none-eabi/12.2.0/../../../../arm-none-eabi/lib/thumb/v7e-m/nofp/crt0.o (exit)
/usr/lib/gcc/arm-none-eabi/12.2.0/../../../../arm-none-eabi/lib/thumb/v7e-m/nofp/libc.a(lib_a-fini.o)
                              /usr/lib/gcc/arm-none-eabi/12.2.0/../../../../arm-none-eabi/lib/thumb/v7e-m/nofp/crt0.o (__libc_fini_array)
/usr/lib/gcc/arm-none-eabi/12.2.0/../../../../arm-none-eabi/lib/thumb/v7e-m/nofp/libc.a(lib_a-impure.o)
                              /usr/lib/gcc/arm-none-eabi/12.2.0/../../../../arm-none-eabi/lib/thumb/v7e-m/nofp/libc.a(lib_a-exit.o) (_global_impure_ptr)
/usr/lib/gcc/arm-none-eabi/12.2.0/../../../../arm-none-eabi/lib/thumb/v7e-m/nofp/libc.a(lib_a-init.o)
                              /usr/lib/gcc/arm-none-eabi/12.2.0/../../../../arm-none-eabi/lib/thumb/v7e-m/nofp/crt0.o (__libc_init_array)
/usr/lib/gcc/arm-none-eabi/12.2.0/../../../../arm-none-eabi/lib/thumb/v7e-m/nofp/libc.a(lib_a-memcpy.o)
                              ./build/asf/thirdparty/FreeRTOS/queue.o (memcpy)
/usr/lib/gcc/arm-none-eabi/12.2.0/../../../../arm-none-eabi/lib/thumb/v7e-m/nofp/libc.a(lib_a-memset.o)
                              /usr/lib/gcc/arm-none-eabi/12.2.0/../../../../arm-none-eabi/lib/thumb/v7e-m/nofp/crt0.o (memset)
/usr/lib/gcc/arm-none-eabi/12.2.0/../../../../arm-none-eabi/lib/thumb/v7e-m/nofp/libc.a(lib_a-__atexit.o)
                              /usr/lib/gcc/arm-none-eabi/12.2.0/../../../../arm-none-eabi/lib/thumb/v7e-m/nofp/libc.a(lib_a-atexit.o) (__register_exitproc)
/usr/lib/gcc/arm-none-eabi/12.2.0/../../../../arm-none-eabi/lib/thumb/v7e-m/nofp/libc.a(lib_a-__call_atexit.o)
                              /usr/lib/gcc/arm-none-eabi/12.2.0/../../../../arm-none-eabi/lib/thumb/v7e-m/nofp/libc.a(lib_a-exit.o) (__call_exitprocs)
/usr/lib/gcc/arm-none-eabi/12.2.0/../../../../arm-none-eabi/lib/thumb/v7e-m/nofp/libc.a(lib_a-lock.o)
                              /usr/lib/gcc/arm-none-eabi/12.2.0/../../../../arm-none-eabi/lib/thumb/v7e-m/nofp/libc.a(lib_a-__atexit.o) (__retarget_lock_acquire_recursive)

Discarded input sections

 .text          0x0000000000000000        0x0 /usr/lib/gcc/arm-none-eabi/12.2.0/thumb/v7e-m/nofp/crti.o
 .data          0x0000000000000000        0x0 /usr/lib/gcc/arm-none-eabi/12.2.0/thumb/v7e-m/nofp/crti.o
 .bss           0x0000000000000000        0x0 /usr/lib/gcc/arm-none-eabi/12.2.0/thumb/v7e-m/nofp/crti.o
 .text          0x0000000000000000        0x0 /usr/lib/gcc/arm-none-eabi/12.2.0/thumb/v7e-m/nofp/crtbegin.o
 .data          0x0000000000000000        0x0 /usr/lib/gcc/arm-none-eabi/12.2.0/thumb/v7e-m/nofp/crtbegin.o
 .bss           0x0000000000000000        0x0 /usr/lib/gcc/arm-none-eabi/12.2.0/thumb/v7e-m/nofp/crtbegin.o
 .rodata.all_implied_fbits
                0x0000000000000000       0x24 /usr/lib/gcc/arm-none-eabi/12.2.0/thumb/v7e-m/nofp/crtbegin.o
 .data.__dso_handle
                0x0000000000000000        0x4 /usr/lib/gcc/arm-none-eabi/12.2.0/thumb/v7e-m/nofp/crtbegin.o
 .text          0x0000000000000000       0x70 /usr/lib/gcc/arm-none-eabi/12.2.0/../../../../arm-none-eabi/lib/thumb/v7e-m/nofp/crt0.o
 .data          0x0000000000000000        0x0 /usr/lib/gcc/arm-none-eabi/12.2.0/../../../../arm-none-eabi/lib/thumb/v7e-m/nofp/crt0.o
 .bss           0x0000000000000000        0x0 /usr/lib/gcc/arm-none-eabi/12.2.0/../../../../arm-none-eabi/lib/thumb/v7e-m/nofp/crt0.o
 .ARM.extab     0x0000000000000000        0x0 /usr/lib/gcc/arm-none-eabi/12.2.0/../../../../arm-none-eabi/lib/thumb/v7e-m/nofp/crt0.o
 .ARM.exidx     0x0000000000000000       0x10 /usr/lib/gcc/arm-none-eabi/12.2.0/../../../../arm-none-eabi/lib/thumb/v7e-m/nofp/crt0.o
 .debug_line_str
                0x0000000000000000       0x84 /usr/lib/gcc/arm-none-eabi/12.2.0/../../../../arm-none-eabi/lib/thumb/v7e-m/nofp/crt0.o
 .ARM.attributes
                0x0000000000000000       0x1c /usr/lib/gcc/arm-none-eabi/12.2.0/../../../../arm-none-eabi/lib/thumb/v7e-m/nofp/crt0.o
 .group         0x0000000000000000        0xc ./build/main_blinky.o
 .group         0x0000000000000000        0xc ./build/main_blinky.o
 .group         0x0000000000000000        0xc ./build/main_blinky.o
 .group         0x0000000000000000        0xc ./build/main_blinky.o
 .group         0x0000000000000000        0xc ./build/main_blinky.o
 .group         0x0000000000000000        0xc ./build/main_blinky.o
 .group         0x0000000000000000        0xc ./build/main_blinky.o
 .group         0x0000000000000000        0xc ./build/main_blinky.o
 .group         0x0000000000000000        0xc ./build/main_blinky.o
[...]
Memory Configuration

Name             Origin             Length             Attributes
rom              0x0000000000400000 0x0000000000200000 xr
ram              0x0000000020000000 0x0000000000028000 xrw
*default*        0x0000000000000000 0xffffffffffffffff

Linker script and memory map

LOAD /usr/lib/gcc/arm-none-eabi/12.2.0/thumb/v7e-m/nofp/crti.o
LOAD /usr/lib/gcc/arm-none-eabi/12.2.0/thumb/v7e-m/nofp/crtbegin.o
LOAD /usr/lib/gcc/arm-none-eabi/12.2.0/../../../../arm-none-eabi/lib/thumb/v7e-m/nofp/crt0.o
                0x0000000000003000                __stack_size__ = DEFINED (__stack_size__)?__stack_size__:0x3000
                0x0000000020027ffc                __ram_end__ = ((ORIGIN (ram) + LENGTH (ram)) - 0x4)

.text           0x0000000000400000     0x27c4
                0x0000000000400000                . = ALIGN (0x4)
                0x0000000000400000                _sfixed = .
 *(.vectors .vectors.*)
 .vectors       0x0000000000400000       0xcc ./build/asf/sam/utils/cmsis/sam4s/source/templates/gcc/startup_sam4s.o
                0x0000000000400000                exception_table
 *(.text .text.* .gnu.linkonce.t.*)
 .text.__do_global_dtors_aux
                0x00000000004000cc       0x24 /usr/lib/gcc/arm-none-eabi/12.2.0/thumb/v7e-m/nofp/crtbegin.o
 .text.frame_dummy
                0x00000000004000f0       0x1c /usr/lib/gcc/arm-none-eabi/12.2.0/thumb/v7e-m/nofp/crtbegin.o
 .text.prvQueueSendTask
                0x000000000040010c       0x48 ./build/main_blinky.o
 .text.prvQueueReceiveTask
                0x0000000000400154       0x40 ./build/main_blinky.o
 .text.main     0x0000000000400194       0x7c ./build/main_blinky.o
                0x0000000000400194                main
 .text.vParTestSetLED
                0x0000000000400210       0x28 ./build/ParTest.o
                0x0000000000400210                vParTestSetLED
 .text.vParTestInitialise
                0x0000000000400238       0x16 ./build/ParTest.o
                0x0000000000400238                vParTestInitialise
 .text.vParTestToggleLED
                0x000000000040024e       0x16 ./build/ParTest.o
                0x000000000040024e                vParTestToggleLED
 .text.sysclk_init
                0x0000000000400264       0x48 ./build/asf/common/services/clock/sam4s/sysclk.o
                0x0000000000400264                sysclk_init
 .text.board_init
                0x00000000004002ac       0xc8 ./build/asf/sam/boards/sam4s_xplained_pro/init.o
                0x00000000004002ac                board_init
 .text.pio_set_peripheral
                0x0000000000400374       0x88 ./build/asf/sam/drivers/pio/pio.o
                0x0000000000400374                pio_set_peripheral
 .text.pio_set_input
                0x00000000004003fc       0x32 ./build/asf/sam/drivers/pio/pio.o
                0x00000000004003fc                pio_set_input
 .text.pio_set_output
                0x000000000040042e       0x26 ./build/asf/sam/drivers/pio/pio.o
                0x000000000040042e                pio_set_output
 .text.pio_get_interrupt_status
                0x0000000000400454        0x4 ./build/asf/sam/drivers/pio/pio.o
                0x0000000000400454                pio_get_interrupt_status
 .text.pio_get_interrupt_mask
                0x0000000000400458        0x4 ./build/asf/sam/drivers/pio/pio.o
                0x0000000000400458                pio_get_interrupt_mask
 .text.pio_set_pin_high
                0x000000000040045c       0x18 ./build/asf/sam/drivers/pio/pio.o
                0x000000000040045c                pio_set_pin_high
 .text.pio_set_pin_low
                0x0000000000400474       0x18 ./build/asf/sam/drivers/pio/pio.o
                0x0000000000400474                pio_set_pin_low
 .text.pio_toggle_pin
                0x000000000040048c       0x20 ./build/asf/sam/drivers/pio/pio.o
                0x000000000040048c                pio_toggle_pin
 .text.pio_configure_pin
                0x00000000004004ac      0x114 ./build/asf/sam/drivers/pio/pio.o
                0x00000000004004ac                pio_configure_pin
 .text.pio_configure_pin_group
                0x00000000004005c0       0xce ./build/asf/sam/drivers/pio/pio.o
                0x00000000004005c0                pio_configure_pin_group
 *fill*         0x000000000040068e        0x2 
 .text.pio_handler_process
                0x0000000000400690       0x60 ./build/asf/sam/drivers/pio/pio_handler.o
                0x0000000000400690                pio_handler_process
 .text.PIOA_Handler
                0x00000000004006f0       0x10 ./build/asf/sam/drivers/pio/pio_handler.o
                0x00000000004006f0                PIOA_Handler
 .text.PIOB_Handler
                0x0000000000400700       0x10 ./build/asf/sam/drivers/pio/pio_handler.o
                0x0000000000400700                PIOB_Handler
 .text.PIOC_Handler
                0x0000000000400710       0x10 ./build/asf/sam/drivers/pio/pio_handler.o
                0x0000000000400710                PIOC_Handler
 .text.pmc_switch_mck_to_pllack
                0x0000000000400720       0x60 ./build/asf/sam/drivers/pmc/pmc.o
                0x0000000000400720                pmc_switch_mck_to_pllack
 .text.pmc_switch_mainck_to_xtal
                0x0000000000400780       0x54 ./build/asf/sam/drivers/pmc/pmc.o
                0x0000000000400780                pmc_switch_mainck_to_xtal
 .text.pmc_osc_is_ready_mainck
                0x00000000004007d4       0x10 ./build/asf/sam/drivers/pmc/pmc.o
                0x00000000004007d4                pmc_osc_is_ready_mainck
 .text.pmc_disable_pllack
                0x00000000004007e4       0x10 ./build/asf/sam/drivers/pmc/pmc.o
                0x00000000004007e4                pmc_disable_pllack
 .text.pmc_is_locked_pllack
                0x00000000004007f4       0x10 ./build/asf/sam/drivers/pmc/pmc.o
                0x00000000004007f4                pmc_is_locked_pllack
 .text.pmc_enable_periph_clk
                0x0000000000400804       0x50 ./build/asf/sam/drivers/pmc/pmc.o
                0x0000000000400804                pmc_enable_periph_clk
 .text.wdt_disable
                0x0000000000400854        0x8 ./build/asf/sam/drivers/wdt/wdt.o
                0x0000000000400854                wdt_disable
 .text.Dummy_Handler
                0x000000000040085c        0x2 ./build/asf/sam/utils/cmsis/sam4s/source/templates/gcc/startup_sam4s.o
                0x000000000040085c                DACC_Handler
                0x000000000040085c                DebugMon_Handler
                0x000000000040085c                HardFault_Handler
                0x000000000040085c                TC2_Handler
                0x000000000040085c                SPI_Handler
                0x000000000040085c                TWI1_Handler
                0x000000000040085c                NMI_Handler
                0x000000000040085c                ADC_Handler
                0x000000000040085c                CRCCU_Handler
                0x000000000040085c                USART0_Handler
                0x000000000040085c                RTT_Handler
                0x000000000040085c                EFC1_Handler
                0x000000000040085c                RTC_Handler
                0x000000000040085c                UsageFault_Handler
                0x000000000040085c                WDT_Handler
                0x000000000040085c                TC4_Handler
                0x000000000040085c                TC1_Handler
                0x000000000040085c                HSMCI_Handler
                0x000000000040085c                UART1_Handler
                0x000000000040085c                TC3_Handler
                0x000000000040085c                Dummy_Handler
                0x000000000040085c                TWI0_Handler
                0x000000000040085c                USART1_Handler
                0x000000000040085c                SSC_Handler
                0x000000000040085c                EFC0_Handler
                0x000000000040085c                ACC_Handler
                0x000000000040085c                PMC_Handler
                0x000000000040085c                PWM_Handler
                0x000000000040085c                MemManage_Handler
                0x000000000040085c                SUPC_Handler
                0x000000000040085c                UART0_Handler
                0x000000000040085c                UDP_Handler
                0x000000000040085c                BusFault_Handler
                0x000000000040085c                RSTC_Handler
                0x000000000040085c                TC0_Handler
                0x000000000040085c                TC5_Handler
 *fill*         0x000000000040085e        0x2 
 .text.Reset_Handler
                0x0000000000400860       0xac ./build/asf/sam/utils/cmsis/sam4s/source/templates/gcc/startup_sam4s.o
                0x0000000000400860                Reset_Handler
 .text.SystemCoreClockUpdate
                0x000000000040090c      0x110 ./build/asf/sam/utils/cmsis/sam4s/source/templates/system_sam4s.o
                0x000000000040090c                SystemCoreClockUpdate
 .text.system_init_flash
                0x0000000000400a1c       0x94 ./build/asf/sam/utils/cmsis/sam4s/source/templates/system_sam4s.o
                0x0000000000400a1c                system_init_flash
 .text.vListInitialise
                0x0000000000400ab0       0x16 ./build/asf/thirdparty/FreeRTOS/list.o
                0x0000000000400ab0                vListInitialise
 .text.vListInitialiseItem
                0x0000000000400ac6        0x6 ./build/asf/thirdparty/FreeRTOS/list.o
                0x0000000000400ac6                vListInitialiseItem
 .text.vListInsert
                0x0000000000400acc       0x32 ./build/asf/thirdparty/FreeRTOS/list.o
                0x0000000000400acc                vListInsert
 .text.uxListRemove
                0x0000000000400afe       0x24 ./build/asf/thirdparty/FreeRTOS/list.o
                0x0000000000400afe                uxListRemove
 .text.prvIsQueueEmpty
                0x0000000000400b22       0x16 ./build/asf/thirdparty/FreeRTOS/queue.o
 .text.prvCopyDataToQueue
                0x0000000000400b38       0x76 ./build/asf/thirdparty/FreeRTOS/queue.o
 .text.prvCopyDataFromQueue
                0x0000000000400bae       0x24 ./build/asf/thirdparty/FreeRTOS/queue.o
 .text.prvNotifyQueueSetContainer
                0x0000000000400bd2       0x9a ./build/asf/thirdparty/FreeRTOS/queue.o
 .text.prvUnlockQueue
                0x0000000000400c6c       0x8a ./build/asf/thirdparty/FreeRTOS/queue.o
 .text.xQueueGenericReset
                0x0000000000400cf6       0xa2 ./build/asf/thirdparty/FreeRTOS/queue.o
                0x0000000000400cf6                xQueueGenericReset
 .text.xQueueGenericCreate
                0x0000000000400d98       0x54 ./build/asf/thirdparty/FreeRTOS/queue.o
                0x0000000000400d98                xQueueGenericCreate
 .text.xQueueGenericSend
                0x0000000000400dec      0x1dc ./build/asf/thirdparty/FreeRTOS/queue.o
                0x0000000000400dec                xQueueGenericSend
 .text.xQueueReceive
                0x0000000000400fc8      0x160 ./build/asf/thirdparty/FreeRTOS/queue.o
                0x0000000000400fc8                xQueueReceive
 .text.vQueueWaitForMessageRestricted
                0x0000000000401128       0x4e ./build/asf/thirdparty/FreeRTOS/queue.o
                0x0000000000401128                vQueueWaitForMessageRestricted
 *fill*         0x0000000000401176        0x2 
 .text.prvResetNextTaskUnblockTime
                0x0000000000401178       0x28 ./build/asf/thirdparty/FreeRTOS/tasks.o
 .text.prvIdleTask
                0x00000000004011a0       0x70 ./build/asf/thirdparty/FreeRTOS/tasks.o
 .text.prvAddCurrentTaskToDelayedList
                0x0000000000401210       0xb0 ./build/asf/thirdparty/FreeRTOS/tasks.o
 .text.xTaskCreate
                0x00000000004012c0      0x1d8 ./build/asf/thirdparty/FreeRTOS/tasks.o
                0x00000000004012c0                xTaskCreate
 .text.vTaskStartScheduler
                0x0000000000401498       0x8c ./build/asf/thirdparty/FreeRTOS/tasks.o
                0x0000000000401498                vTaskStartScheduler
 .text.vTaskSuspendAll
                0x0000000000401524       0x10 ./build/asf/thirdparty/FreeRTOS/tasks.o
                0x0000000000401524                vTaskSuspendAll
 .text.xTaskGetTickCount
                0x0000000000401534        0xc ./build/asf/thirdparty/FreeRTOS/tasks.o
                0x0000000000401534                xTaskGetTickCount
 .text.uxTaskGetNumberOfTasks
                0x0000000000401540        0xc ./build/asf/thirdparty/FreeRTOS/tasks.o
                0x0000000000401540                uxTaskGetNumberOfTasks
 .text.xTaskIncrementTick
                0x000000000040154c      0x1c4 ./build/asf/thirdparty/FreeRTOS/tasks.o
                0x000000000040154c                xTaskIncrementTick
 .text.xTaskResumeAll
                0x0000000000401710      0x18c ./build/asf/thirdparty/FreeRTOS/tasks.o
                0x0000000000401710                xTaskResumeAll
 .text.xTaskDelayUntil
                0x000000000040189c       0xac ./build/asf/thirdparty/FreeRTOS/tasks.o
                0x000000000040189c                xTaskDelayUntil
 .text.vTaskSwitchContext
                0x0000000000401948       0x94 ./build/asf/thirdparty/FreeRTOS/tasks.o
                0x0000000000401948                vTaskSwitchContext
 .text.vTaskPlaceOnEventList
                0x00000000004019dc       0x30 ./build/asf/thirdparty/FreeRTOS/tasks.o
                0x00000000004019dc                vTaskPlaceOnEventList
 .text.vTaskPlaceOnEventListRestricted
                0x0000000000401a0c       0x54 ./build/asf/thirdparty/FreeRTOS/tasks.o
                0x0000000000401a0c                vTaskPlaceOnEventListRestricted
 .text.xTaskRemoveFromEventList
                0x0000000000401a60       0xec ./build/asf/thirdparty/FreeRTOS/tasks.o
                0x0000000000401a60                xTaskRemoveFromEventList
 .text.vTaskInternalSetTimeOutState
                0x0000000000401b4c       0x18 ./build/asf/thirdparty/FreeRTOS/tasks.o
                0x0000000000401b4c                vTaskInternalSetTimeOutState
 .text.xTaskCheckForTimeOut
                0x0000000000401b64       0x88 ./build/asf/thirdparty/FreeRTOS/tasks.o
                0x0000000000401b64                xTaskCheckForTimeOut
 .text.vTaskMissedYield
                0x0000000000401bec        0xc ./build/asf/thirdparty/FreeRTOS/tasks.o
                0x0000000000401bec                vTaskMissedYield
 .text.xTaskGetSchedulerState
                0x0000000000401bf8       0x20 ./build/asf/thirdparty/FreeRTOS/tasks.o
                0x0000000000401bf8                xTaskGetSchedulerState
 .text.xTaskPriorityDisinherit
                0x0000000000401c18       0xbc ./build/asf/thirdparty/FreeRTOS/tasks.o
                0x0000000000401c18                xTaskPriorityDisinherit
 .text.prvInsertTimerInActiveList
                0x0000000000401cd4       0x48 ./build/asf/thirdparty/FreeRTOS/timers.o
 .text.prvReloadTimer
                0x0000000000401d1c       0x28 ./build/asf/thirdparty/FreeRTOS/timers.o
 .text.prvProcessExpiredTimer
                0x0000000000401d44       0x40 ./build/asf/thirdparty/FreeRTOS/timers.o
 .text.prvSampleTimeNow
                0x0000000000401d84       0x58 ./build/asf/thirdparty/FreeRTOS/timers.o
 .text.prvTimerTask
                0x0000000000401ddc      0x188 ./build/asf/thirdparty/FreeRTOS/timers.o
 .text.prvCheckForValidListAndQueue
                0x0000000000401f64       0x50 ./build/asf/thirdparty/FreeRTOS/timers.o
 .text.xTimerCreateTimerTask
                0x0000000000401fb4       0x50 ./build/asf/thirdparty/FreeRTOS/timers.o
                0x0000000000401fb4                xTimerCreateTimerTask
 .text.prvTaskExitError
                0x0000000000402004       0x40 ./build/asf/thirdparty/FreeRTOS/portable/GCC/ARM_CM3/port.o
 .text.prvPortStartFirstTask
                0x0000000000402044       0x20 ./build/asf/thirdparty/FreeRTOS/portable/GCC/ARM_CM3/port.o
 .text.pxPortInitialiseStack
                0x0000000000402064       0x24 ./build/asf/thirdparty/FreeRTOS/portable/GCC/ARM_CM3/port.o
                0x0000000000402064                pxPortInitialiseStack
 *fill*         0x0000000000402088        0x8 
 .text.SVC_Handler
                0x0000000000402090       0x24 ./build/asf/thirdparty/FreeRTOS/portable/GCC/ARM_CM3/port.o
                0x0000000000402090                SVC_Handler
 .text.vPortEnterCritical
                0x00000000004020b4       0x44 ./build/asf/thirdparty/FreeRTOS/portable/GCC/ARM_CM3/port.o
                0x00000000004020b4                vPortEnterCritical
 .text.vPortExitCritical
                0x00000000004020f8       0x2c ./build/asf/thirdparty/FreeRTOS/portable/GCC/ARM_CM3/port.o
                0x00000000004020f8                vPortExitCritical
 *fill*         0x0000000000402124        0xc 
 .text.PendSV_Handler
                0x0000000000402130       0x44 ./build/asf/thirdparty/FreeRTOS/portable/GCC/ARM_CM3/port.o
                0x0000000000402130                PendSV_Handler
 .text.SysTick_Handler
                0x0000000000402174       0x2c ./build/asf/thirdparty/FreeRTOS/portable/GCC/ARM_CM3/port.o
                0x0000000000402174                SysTick_Handler
 .text.vPortSetupTimerInterrupt
                0x00000000004021a0       0x28 ./build/asf/thirdparty/FreeRTOS/portable/GCC/ARM_CM3/port.o
                0x00000000004021a0                vPortSetupTimerInterrupt
 .text.xPortStartScheduler
                0x00000000004021c8       0xc8 ./build/asf/thirdparty/FreeRTOS/portable/GCC/ARM_CM3/port.o
                0x00000000004021c8                xPortStartScheduler
 .text.prvInsertBlockIntoFreeList
                0x0000000000402290       0x5c ./build/asf/thirdparty/FreeRTOS/portable/MemMang/heap_4.o
 .text.pvPortMalloc
                0x00000000004022ec      0x130 ./build/asf/thirdparty/FreeRTOS/portable/MemMang/heap_4.o
                0x00000000004022ec                pvPortMalloc
 .text.vPortFree
                0x000000000040241c       0x70 ./build/asf/thirdparty/FreeRTOS/portable/MemMang/heap_4.o
                0x000000000040241c                vPortFree
 .text.atexit   0x000000000040248c        0xc /usr/lib/gcc/arm-none-eabi/12.2.0/../../../../arm-none-eabi/lib/thumb/v7e-m/nofp/libc.a(lib_a-atexit.o)
                0x000000000040248c                atexit
 .text.__libc_fini_array
                0x0000000000402498       0x2c /usr/lib/gcc/arm-none-eabi/12.2.0/../../../../arm-none-eabi/lib/thumb/v7e-m/nofp/libc.a(lib_a-fini.o)
                0x0000000000402498                __libc_fini_array
 .text.__libc_init_array
                0x00000000004024c4       0x48 /usr/lib/gcc/arm-none-eabi/12.2.0/../../../../arm-none-eabi/lib/thumb/v7e-m/nofp/libc.a(lib_a-init.o)
                0x00000000004024c4                __libc_init_array
 .text          0x000000000040250c      0x134 /usr/lib/gcc/arm-none-eabi/12.2.0/../../../../arm-none-eabi/lib/thumb/v7e-m/nofp/libc.a(lib_a-memcpy.o)
                0x000000000040250c                memcpy
 .text.memset   0x0000000000402640       0xa4 /usr/lib/gcc/arm-none-eabi/12.2.0/../../../../arm-none-eabi/lib/thumb/v7e-m/nofp/libc.a(lib_a-memset.o)
                0x0000000000402640                memset
 .text.__register_exitproc
                0x00000000004026e4       0x84 /usr/lib/gcc/arm-none-eabi/12.2.0/../../../../arm-none-eabi/lib/thumb/v7e-m/nofp/libc.a(lib_a-__atexit.o)
                0x00000000004026e4                __register_exitproc
 .text.startup.register_fini
                0x0000000000402768       0x14 /usr/lib/gcc/arm-none-eabi/12.2.0/../../../../arm-none-eabi/lib/thumb/v7e-m/nofp/libc.a(lib_a-__call_atexit.o)
 .text.__retarget_lock_acquire_recursive
                0x000000000040277c        0x4 /usr/lib/gcc/arm-none-eabi/12.2.0/../../../../arm-none-eabi/lib/thumb/v7e-m/nofp/libc.a(lib_a-lock.o)
                0x000000000040277c                __retarget_lock_acquire_recursive
 .text.__retarget_lock_release_recursive
                0x0000000000402780        0x4 /usr/lib/gcc/arm-none-eabi/12.2.0/../../../../arm-none-eabi/lib/thumb/v7e-m/nofp/libc.a(lib_a-lock.o)
                0x0000000000402780                __retarget_lock_release_recursive
 *(.glue_7t)
 .glue_7t       0x0000000000402784        0x0 linker stubs
 *(.glue_7)
 .glue_7        0x0000000000402784        0x0 linker stubs
 *(.rodata .rodata* .gnu.linkonce.r.*)
 .rodata.main.str1.4
                0x0000000000402784        0x7 ./build/main_blinky.o
 *fill*         0x000000000040278b        0x1 
 .rodata.vTaskStartScheduler.str1.4
                0x000000000040278c        0x5 ./build/asf/thirdparty/FreeRTOS/tasks.o
 *fill*         0x0000000000402791        0x3 
 .rodata.xTimerCreateTimerTask.str1.4
                0x0000000000402794        0x8 ./build/asf/thirdparty/FreeRTOS/timers.o
 .rodata._global_impure_ptr
                0x000000000040279c        0x4 /usr/lib/gcc/arm-none-eabi/12.2.0/../../../../arm-none-eabi/lib/thumb/v7e-m/nofp/libc.a(lib_a-impure.o)
                0x000000000040279c                _global_impure_ptr
 *(.ARM.extab* .gnu.linkonce.armextab.*)
                0x00000000004027a0                . = ALIGN (0x4)
 *(.init)
 .init          0x00000000004027a0        0x4 /usr/lib/gcc/arm-none-eabi/12.2.0/thumb/v7e-m/nofp/crti.o
                0x00000000004027a0                _init
 .init          0x00000000004027a4        0x8 /usr/lib/gcc/arm-none-eabi/12.2.0/thumb/v7e-m/nofp/crtn.o
                0x00000000004027ac                . = ALIGN (0x4)
                0x00000000004027ac                __preinit_array_start = .
 *(.preinit_array)
                0x00000000004027ac                __preinit_array_end = .
                0x00000000004027ac                . = ALIGN (0x4)
                0x00000000004027ac                __init_array_start = .
 *(SORT_BY_NAME(.init_array.*))
 .init_array.00000
                0x00000000004027ac        0x4 /usr/lib/gcc/arm-none-eabi/12.2.0/../../../../arm-none-eabi/lib/thumb/v7e-m/nofp/libc.a(lib_a-__call_atexit.o)
 *(.init_array)
 .init_array    0x00000000004027b0        0x4 /usr/lib/gcc/arm-none-eabi/12.2.0/thumb/v7e-m/nofp/crtbegin.o
                0x00000000004027b4                __init_array_end = .
                0x00000000004027b4                . = ALIGN (0x4)
 *crtbegin.o(.ctors)
 *(EXCLUDE_FILE(*crtend.o) .ctors)
 *(SORT_BY_NAME(.ctors.*))
 *crtend.o(.ctors)
                0x00000000004027b4                . = ALIGN (0x4)
 *(.fini)
 .fini          0x00000000004027b4        0x4 /usr/lib/gcc/arm-none-eabi/12.2.0/thumb/v7e-m/nofp/crti.o
                0x00000000004027b4                _fini
 .fini          0x00000000004027b8        0x8 /usr/lib/gcc/arm-none-eabi/12.2.0/thumb/v7e-m/nofp/crtn.o
                0x00000000004027c0                . = ALIGN (0x4)
                0x00000000004027c0                __fini_array_start = .
 *(.fini_array)
 .fini_array    0x00000000004027c0        0x4 /usr/lib/gcc/arm-none-eabi/12.2.0/thumb/v7e-m/nofp/crtbegin.o
 *(SORT_BY_NAME(.fini_array.*))
                0x00000000004027c4                __fini_array_end = .
 *crtbegin.o(.dtors)
 *(EXCLUDE_FILE(*crtend.o) .dtors)
 *(SORT_BY_NAME(.dtors.*))
 *crtend.o(.dtors)
                0x00000000004027c4                . = ALIGN (0x4)
                0x00000000004027c4                _efixed = .
                [!provide]                        PROVIDE (__exidx_start = .)

.vfp11_veneer   0x00000000004027c4        0x0
 .vfp11_veneer  0x00000000004027c4        0x0 linker stubs

.v4_bx          0x00000000004027c4        0x0
 .v4_bx         0x00000000004027c4        0x0 linker stubs

.iplt           0x00000000004027c4        0x0
 .iplt          0x00000000004027c4        0x0 /usr/lib/gcc/arm-none-eabi/12.2.0/thumb/v7e-m/nofp/crtbegin.o

.igot.plt       0x00000000004027c4        0x0
 .igot.plt      0x00000000004027c4        0x0 /usr/lib/gcc/arm-none-eabi/12.2.0/thumb/v7e-m/nofp/crtbegin.o

.eh_frame       0x00000000004027c4        0x0
 .eh_frame      0x00000000004027c4        0x0 /usr/lib/gcc/arm-none-eabi/12.2.0/thumb/v7e-m/nofp/crtbegin.o

.rel.dyn        0x00000000004027c4        0x0
 .rel.iplt      0x00000000004027c4        0x0 /usr/lib/gcc/arm-none-eabi/12.2.0/thumb/v7e-m/nofp/crtbegin.o

.ARM.exidx
 *(.ARM.exidx* .gnu.linkonce.armexidx.*)
                [!provide]                        PROVIDE (__exidx_end = .)
                0x00000000004027c4                . = ALIGN (0x4)
                0x00000000004027c4                _etext = .

.relocate       0x0000000020000000      0x43c load address 0x00000000004027c4
                0x0000000020000000                . = ALIGN (0x4)
                0x0000000020000000                _srelocate = .
 *(.ramfunc .ramfunc.*)
 *(.data .data.*)
 .data.SystemCoreClock
                0x0000000020000000        0x4 ./build/asf/sam/utils/cmsis/sam4s/source/templates/system_sam4s.o
                0x0000000020000000                SystemCoreClock
 .data.uxTopUsedPriority
                0x0000000020000004        0x4 ./build/asf/thirdparty/FreeRTOS/tasks.o
                0x0000000020000004                uxTopUsedPriority
 .data.uxCriticalNesting
                0x0000000020000008        0x4 ./build/asf/thirdparty/FreeRTOS/portable/GCC/ARM_CM3/port.o
 *fill*         0x000000002000000c        0x4 
 .data.impure_data
                0x0000000020000010      0x428 /usr/lib/gcc/arm-none-eabi/12.2.0/../../../../arm-none-eabi/lib/thumb/v7e-m/nofp/libc.a(lib_a-impure.o)
 .data.__atexit_recursive_mutex
                0x0000000020000438        0x4 /usr/lib/gcc/arm-none-eabi/12.2.0/../../../../arm-none-eabi/lib/thumb/v7e-m/nofp/libc.a(lib_a-__call_atexit.o)
                0x0000000020000438                __atexit_recursive_mutex
                0x000000002000043c                . = ALIGN (0x4)
                0x000000002000043c                _erelocate = .

.bss            0x000000002000043c     0xa200 load address 0x0000000000402c00
                0x000000002000043c                . = ALIGN (0x4)
                0x000000002000043c                _sbss = .
                0x000000002000043c                _szero = .
 *(.bss .bss.*)
 .bss.completed.1
                0x000000002000043c        0x1 /usr/lib/gcc/arm-none-eabi/12.2.0/thumb/v7e-m/nofp/crtbegin.o
 *fill*         0x000000002000043d        0x3 
 .bss.object.0  0x0000000020000440       0x18 /usr/lib/gcc/arm-none-eabi/12.2.0/thumb/v7e-m/nofp/crtbegin.o
 .bss.xQueue    0x0000000020000458        0x4 ./build/main_blinky.o
 .bss.pio_capture_enable_flag
                0x000000002000045c        0x4 ./build/asf/sam/drivers/pio/pio.o
                0x000000002000045c                pio_capture_enable_flag
 .bss.pio_capture_handler
                0x0000000020000460        0x4 ./build/asf/sam/drivers/pio/pio_handler.o
 .bss.gs_interrupt_sources
                0x0000000020000464       0x70 ./build/asf/sam/drivers/pio/pio_handler.o
 .bss.uxSchedulerSuspended
                0x00000000200004d4        0x4 ./build/asf/thirdparty/FreeRTOS/tasks.o
 .bss.xIdleTaskHandle
                0x00000000200004d8        0x4 ./build/asf/thirdparty/FreeRTOS/tasks.o
 .bss.xNextTaskUnblockTime
                0x00000000200004dc        0x4 ./build/asf/thirdparty/FreeRTOS/tasks.o
 .bss.uxTaskNumber
                0x00000000200004e0        0x4 ./build/asf/thirdparty/FreeRTOS/tasks.o
 .bss.xNumOfOverflows
                0x00000000200004e4        0x4 ./build/asf/thirdparty/FreeRTOS/tasks.o
 .bss.xYieldPending
                0x00000000200004e8        0x4 ./build/asf/thirdparty/FreeRTOS/tasks.o
 .bss.xPendedTicks
                0x00000000200004ec        0x4 ./build/asf/thirdparty/FreeRTOS/tasks.o
 .bss.xSchedulerRunning
                0x00000000200004f0        0x4 ./build/asf/thirdparty/FreeRTOS/tasks.o
 .bss.uxTopReadyPriority
                0x00000000200004f4        0x4 ./build/asf/thirdparty/FreeRTOS/tasks.o
 .bss.xTickCount
                0x00000000200004f8        0x4 ./build/asf/thirdparty/FreeRTOS/tasks.o
 .bss.uxCurrentNumberOfTasks
                0x00000000200004fc        0x4 ./build/asf/thirdparty/FreeRTOS/tasks.o
 .bss.xSuspendedTaskList
                0x0000000020000500       0x14 ./build/asf/thirdparty/FreeRTOS/tasks.o
 .bss.uxDeletedTasksWaitingCleanUp
                0x0000000020000514        0x4 ./build/asf/thirdparty/FreeRTOS/tasks.o
 .bss.xTasksWaitingTermination
                0x0000000020000518       0x14 ./build/asf/thirdparty/FreeRTOS/tasks.o
 .bss.xPendingReadyList
                0x000000002000052c       0x14 ./build/asf/thirdparty/FreeRTOS/tasks.o
 .bss.pxOverflowDelayedTaskList
                0x0000000020000540        0x4 ./build/asf/thirdparty/FreeRTOS/tasks.o
 .bss.pxDelayedTaskList
                0x0000000020000544        0x4 ./build/asf/thirdparty/FreeRTOS/tasks.o
 .bss.xDelayedTaskList2
                0x0000000020000548       0x14 ./build/asf/thirdparty/FreeRTOS/tasks.o
 .bss.xDelayedTaskList1
                0x000000002000055c       0x14 ./build/asf/thirdparty/FreeRTOS/tasks.o
 .bss.pxReadyTasksLists
                0x0000000020000570       0x64 ./build/asf/thirdparty/FreeRTOS/tasks.o
 .bss.pxCurrentTCB
                0x00000000200005d4        0x4 ./build/asf/thirdparty/FreeRTOS/tasks.o
                0x00000000200005d4                pxCurrentTCB
 .bss.xLastTime.0
                0x00000000200005d8        0x4 ./build/asf/thirdparty/FreeRTOS/timers.o
 .bss.xTimerTaskHandle
                0x00000000200005dc        0x4 ./build/asf/thirdparty/FreeRTOS/timers.o
 .bss.xTimerQueue
                0x00000000200005e0        0x4 ./build/asf/thirdparty/FreeRTOS/timers.o
 .bss.pxOverflowTimerList
                0x00000000200005e4        0x4 ./build/asf/thirdparty/FreeRTOS/timers.o
 .bss.pxCurrentTimerList
                0x00000000200005e8        0x4 ./build/asf/thirdparty/FreeRTOS/timers.o
 .bss.xActiveTimerList2
                0x00000000200005ec       0x14 ./build/asf/thirdparty/FreeRTOS/timers.o
 .bss.xActiveTimerList1
                0x0000000020000600       0x14 ./build/asf/thirdparty/FreeRTOS/timers.o
 .bss.ulMaxPRIGROUPValue
                0x0000000020000614        0x4 ./build/asf/thirdparty/FreeRTOS/portable/GCC/ARM_CM3/port.o
 .bss.ucMaxSysCallPriority
                0x0000000020000618        0x1 ./build/asf/thirdparty/FreeRTOS/portable/GCC/ARM_CM3/port.o
 *fill*         0x0000000020000619        0x3 
 .bss.xNumberOfSuccessfulFrees
                0x000000002000061c        0x4 ./build/asf/thirdparty/FreeRTOS/portable/MemMang/heap_4.o
 .bss.xNumberOfSuccessfulAllocations
                0x0000000020000620        0x4 ./build/asf/thirdparty/FreeRTOS/portable/MemMang/heap_4.o
 .bss.xMinimumEverFreeBytesRemaining
                0x0000000020000624        0x4 ./build/asf/thirdparty/FreeRTOS/portable/MemMang/heap_4.o
 .bss.xFreeBytesRemaining
                0x0000000020000628        0x4 ./build/asf/thirdparty/FreeRTOS/portable/MemMang/heap_4.o
 .bss.pxEnd     0x000000002000062c        0x4 ./build/asf/thirdparty/FreeRTOS/portable/MemMang/heap_4.o
 .bss.xStart    0x0000000020000630        0x8 ./build/asf/thirdparty/FreeRTOS/portable/MemMang/heap_4.o
 .bss.ucHeap    0x0000000020000638     0xa000 ./build/asf/thirdparty/FreeRTOS/portable/MemMang/heap_4.o
 .bss.__lock___atexit_recursive_mutex
                0x000000002000a638        0x1 /usr/lib/gcc/arm-none-eabi/12.2.0/../../../../arm-none-eabi/lib/thumb/v7e-m/nofp/libc.a(lib_a-lock.o)
                0x000000002000a638                __lock___atexit_recursive_mutex
 *(COMMON)
                0x000000002000a63c                . = ALIGN (0x4)
 *fill*         0x000000002000a639        0x3 
                0x000000002000a63c                _ebss = .
                0x000000002000a63c                _ezero = .

.stack          0x000000002000a63c     0x3004 load address 0x000000000040ce00
                0x000000002000a640                . = ALIGN (0x8)
 *fill*         0x000000002000a63c        0x4 
                0x000000002000a640                _sstack = .
                0x000000002000d640                . = (. + __stack_size__)
 *fill*         0x000000002000a640     0x3000 
                0x000000002000d640                . = ALIGN (0x8)
                0x000000002000d640                _estack = .
                0x000000002000d640                . = ALIGN (0x4)
                0x000000002000d640                _end = .
LOAD ./build/main_blinky.o
LOAD ./build/ParTest.o
LOAD ./build/asf/common/services/clock/sam4s/sysclk.o
LOAD ./build/asf/common/services/delay/sam/cycle_counter.o
LOAD ./build/asf/sam/boards/sam4s_xplained_pro/init.o
LOAD ./build/asf/sam/drivers/pio/pio.o
LOAD ./build/asf/sam/drivers/pio/pio_handler.o
LOAD ./build/asf/sam/drivers/pmc/pmc.o
LOAD ./build/asf/sam/drivers/pmc/sleep.o
LOAD ./build/asf/sam/drivers/wdt/wdt.o
LOAD ./build/asf/sam/drivers/tc/tc.o
LOAD ./build/asf/sam/utils/cmsis/sam4s/source/templates/gcc/startup_sam4s.o
LOAD ./build/asf/sam/utils/cmsis/sam4s/source/templates/system_sam4s.o
LOAD ./build/asf/sam/utils/syscalls/gcc/syscalls.o
LOAD ./build/asf/thirdparty/FreeRTOS/event_groups.o
LOAD ./build/asf/thirdparty/FreeRTOS/list.o
LOAD ./build/asf/thirdparty/FreeRTOS/queue.o
LOAD ./build/asf/thirdparty/FreeRTOS/tasks.o
LOAD ./build/asf/thirdparty/FreeRTOS/timers.o
LOAD ./build/asf/thirdparty/FreeRTOS/portable/GCC/ARM_CM3/port.o
LOAD ./build/asf/thirdparty/FreeRTOS/portable/MemMang/heap_4.o
LOAD .//asf/thirdparty/CMSIS/Lib/GCC/libarm_cortexM4l_math.a
LOAD /usr/lib/gcc/arm-none-eabi/12.2.0/../../../../arm-none-eabi/lib/thumb/v7e-m/nofp/libstdc++.a
LOAD /usr/lib/gcc/arm-none-eabi/12.2.0/../../../../arm-none-eabi/lib/thumb/v7e-m/nofp/libm.a
LOAD /usr/lib/gcc/arm-none-eabi/12.2.0/../../../../arm-none-eabi/lib/thumb/v7e-m/nofp/libc.a
START GROUP
LOAD /usr/lib/gcc/arm-none-eabi/12.2.0/thumb/v7e-m/nofp/libgcc.a
LOAD /usr/lib/gcc/arm-none-eabi/12.2.0/../../../../arm-none-eabi/lib/thumb/v7e-m/nofp/libc.a
END GROUP
LOAD /usr/lib/gcc/arm-none-eabi/12.2.0/thumb/v7e-m/nofp/crtend.o
LOAD /usr/lib/gcc/arm-none-eabi/12.2.0/thumb/v7e-m/nofp/crtn.o
OUTPUT(free_rtos_demo.elf elf32-littlearm)
LOAD linker stubs

.ARM.attributes
                0x0000000000000000       0x2a
 .ARM.attributes
                0x0000000000000000       0x1e /usr/lib/gcc/arm-none-eabi/12.2.0/thumb/v7e-m/nofp/crti.o
 .ARM.attributes
                0x000000000000001e       0x2e /usr/lib/gcc/arm-none-eabi/12.2.0/thumb/v7e-m/nofp/crtbegin.o
 .ARM.attributes
                0x000000000000004c       0x2e ./build/main_blinky.o
 .ARM.attributes
                0x000000000000007a       0x2e ./build/ParTest.o
 .ARM.attributes
                0x00000000000000a8       0x2e ./build/asf/common/services/clock/sam4s/sysclk.o
 .ARM.attributes
                0x00000000000000d6       0x2e ./build/asf/sam/boards/sam4s_xplained_pro/init.o
 .ARM.attributes
                0x0000000000000104       0x2e ./build/asf/sam/drivers/pio/pio.o
 .ARM.attributes
                0x0000000000000132       0x2e ./build/asf/sam/drivers/pio/pio_handler.o
 .ARM.attributes
                0x0000000000000160       0x2e ./build/asf/sam/drivers/pmc/pmc.o
 .ARM.attributes
                0x000000000000018e       0x2e ./build/asf/sam/drivers/wdt/wdt.o
 .ARM.attributes
                0x00000000000001bc       0x2e ./build/asf/sam/utils/cmsis/sam4s/source/templates/gcc/startup_sam4s.o
 .ARM.attributes
                0x00000000000001ea       0x2e ./build/asf/sam/utils/cmsis/sam4s/source/templates/system_sam4s.o
 .ARM.attributes
                0x0000000000000218       0x2e ./build/asf/thirdparty/FreeRTOS/list.o
 .ARM.attributes
                0x0000000000000246       0x2e ./build/asf/thirdparty/FreeRTOS/queue.o
 .ARM.attributes
                0x0000000000000274       0x2e ./build/asf/thirdparty/FreeRTOS/tasks.o
 .ARM.attributes
                0x00000000000002a2       0x2e ./build/asf/thirdparty/FreeRTOS/timers.o
 .ARM.attributes
                0x00000000000002d0       0x2e ./build/asf/thirdparty/FreeRTOS/portable/GCC/ARM_CM3/port.o
 .ARM.attributes
                0x00000000000002fe       0x2e ./build/asf/thirdparty/FreeRTOS/portable/MemMang/heap_4.o
 .ARM.attributes
                0x000000000000032c       0x2e /usr/lib/gcc/arm-none-eabi/12.2.0/../../../../arm-none-eabi/lib/thumb/v7e-m/nofp/libc.a(lib_a-atexit.o)
 .ARM.attributes
                0x000000000000035a       0x2e /usr/lib/gcc/arm-none-eabi/12.2.0/../../../../arm-none-eabi/lib/thumb/v7e-m/nofp/libc.a(lib_a-fini.o)
 .ARM.attributes
                0x0000000000000388       0x2e /usr/lib/gcc/arm-none-eabi/12.2.0/../../../../arm-none-eabi/lib/thumb/v7e-m/nofp/libc.a(lib_a-impure.o)
 .ARM.attributes
                0x00000000000003b6       0x2e /usr/lib/gcc/arm-none-eabi/12.2.0/../../../../arm-none-eabi/lib/thumb/v7e-m/nofp/libc.a(lib_a-init.o)
 .ARM.attributes
                0x00000000000003e4       0x1c /usr/lib/gcc/arm-none-eabi/12.2.0/../../../../arm-none-eabi/lib/thumb/v7e-m/nofp/libc.a(lib_a-memcpy.o)
 .ARM.attributes
                0x0000000000000400       0x2e /usr/lib/gcc/arm-none-eabi/12.2.0/../../../../arm-none-eabi/lib/thumb/v7e-m/nofp/libc.a(lib_a-memset.o)
 .ARM.attributes
                0x000000000000042e       0x2e /usr/lib/gcc/arm-none-eabi/12.2.0/../../../../arm-none-eabi/lib/thumb/v7e-m/nofp/libc.a(lib_a-__atexit.o)
 .ARM.attributes
                0x000000000000045c       0x2e /usr/lib/gcc/arm-none-eabi/12.2.0/../../../../arm-none-eabi/lib/thumb/v7e-m/nofp/libc.a(lib_a-__call_atexit.o)
 .ARM.attributes
                0x000000000000048a       0x2e /usr/lib/gcc/arm-none-eabi/12.2.0/../../../../arm-none-eabi/lib/thumb/v7e-m/nofp/libc.a(lib_a-lock.o)
 .ARM.attributes
                0x00000000000004b8       0x1e /usr/lib/gcc/arm-none-eabi/12.2.0/thumb/v7e-m/nofp/crtn.o

.comment        0x0000000000000000       0x3c
 .comment       0x0000000000000000       0x1e ./build/main_blinky.o
                                         0x1f (size before relaxing)
 .comment       0x000000000000001e       0x1f ./build/ParTest.o
 .comment       0x000000000000001e       0x1f ./build/asf/common/services/clock/sam4s/sysclk.o
 .comment       0x000000000000001e       0x1f ./build/asf/sam/boards/sam4s_xplained_pro/init.o
 .comment       0x000000000000001e       0x1f ./build/asf/sam/drivers/pio/pio.o
 .comment       0x000000000000001e       0x1f ./build/asf/sam/drivers/pio/pio_handler.o
 .comment       0x000000000000001e       0x1f ./build/asf/sam/drivers/pmc/pmc.o
 .comment       0x000000000000001e       0x1f ./build/asf/sam/drivers/wdt/wdt.o
 .comment       0x000000000000001e       0x1f ./build/asf/sam/utils/cmsis/sam4s/source/templates/gcc/startup_sam4s.o
 .comment       0x000000000000001e       0x1f ./build/asf/sam/utils/cmsis/sam4s/source/templates/system_sam4s.o
 .comment       0x000000000000001e       0x1f ./build/asf/thirdparty/FreeRTOS/list.o
 .comment       0x000000000000001e       0x1f ./build/asf/thirdparty/FreeRTOS/queue.o
 .comment       0x000000000000001e       0x1f ./build/asf/thirdparty/FreeRTOS/tasks.o
 .comment       0x000000000000001e       0x1f ./build/asf/thirdparty/FreeRTOS/timers.o
 .comment       0x000000000000001e       0x1f ./build/asf/thirdparty/FreeRTOS/portable/GCC/ARM_CM3/port.o
 .comment       0x000000000000001e       0x1f ./build/asf/thirdparty/FreeRTOS/portable/MemMang/heap_4.o
 .comment       0x000000000000001e       0x1e /usr/lib/gcc/arm-none-eabi/12.2.0/../../../../arm-none-eabi/lib/thumb/v7e-m/nofp/libc.a(lib_a-atexit.o)
                                         0x1f (size before relaxing)
 .comment       0x000000000000003c       0x1f /usr/lib/gcc/arm-none-eabi/12.2.0/../../../../arm-none-eabi/lib/thumb/v7e-m/nofp/libc.a(lib_a-fini.o)
 .comment       0x000000000000003c       0x1f /usr/lib/gcc/arm-none-eabi/12.2.0/../../../../arm-none-eabi/lib/thumb/v7e-m/nofp/libc.a(lib_a-impure.o)
 .comment       0x000000000000003c       0x1f /usr/lib/gcc/arm-none-eabi/12.2.0/../../../../arm-none-eabi/lib/thumb/v7e-m/nofp/libc.a(lib_a-init.o)
 .comment       0x000000000000003c       0x1f /usr/lib/gcc/arm-none-eabi/12.2.0/../../../../arm-none-eabi/lib/thumb/v7e-m/nofp/libc.a(lib_a-memset.o)
 .comment       0x000000000000003c       0x1f /usr/lib/gcc/arm-none-eabi/12.2.0/../../../../arm-none-eabi/lib/thumb/v7e-m/nofp/libc.a(lib_a-__atexit.o)
 .comment       0x000000000000003c       0x1f /usr/lib/gcc/arm-none-eabi/12.2.0/../../../../arm-none-eabi/lib/thumb/v7e-m/nofp/libc.a(lib_a-__call_atexit.o)
 .comment       0x000000000000003c       0x1f /usr/lib/gcc/arm-none-eabi/12.2.0/../../../../arm-none-eabi/lib/thumb/v7e-m/nofp/libc.a(lib_a-lock.o)

.debug_info     0x0000000000000000     0xfcb9
 .debug_info    0x0000000000000000      0x6f6 ./build/main_blinky.o
 .debug_info    0x00000000000006f6      0x2df ./build/ParTest.o
 .debug_info    0x00000000000009d5      0x9af ./build/asf/common/services/clock/sam4s/sysclk.o
 .debug_info    0x0000000000001384      0xeb8 ./build/asf/sam/boards/sam4s_xplained_pro/init.o
 .debug_info    0x000000000000223c     0x18e5 ./build/asf/sam/drivers/pio/pio.o
 .debug_info    0x0000000000003b21      0xf67 ./build/asf/sam/drivers/pio/pio_handler.o
 .debug_info    0x0000000000004a88      0xf41 ./build/asf/sam/drivers/pmc/pmc.o
 .debug_info    0x00000000000059c9      0x284 ./build/asf/sam/drivers/wdt/wdt.o
 .debug_info    0x0000000000005c4d      0x57e ./build/asf/sam/utils/cmsis/sam4s/source/templates/gcc/startup_sam4s.o
 .debug_info    0x00000000000061cb      0x3bb ./build/asf/sam/utils/cmsis/sam4s/source/templates/system_sam4s.o
 .debug_info    0x0000000000006586      0x2bc ./build/asf/thirdparty/FreeRTOS/list.o
 .debug_info    0x0000000000006842     0x250d ./build/asf/thirdparty/FreeRTOS/queue.o
 .debug_info    0x0000000000008d4f     0x2ba9 ./build/asf/thirdparty/FreeRTOS/tasks.o
 .debug_info    0x000000000000b8f8     0x152b ./build/asf/thirdparty/FreeRTOS/timers.o
 .debug_info    0x000000000000ce23      0x502 ./build/asf/thirdparty/FreeRTOS/portable/GCC/ARM_CM3/port.o
 .debug_info    0x000000000000d325      0x684 ./build/asf/thirdparty/FreeRTOS/portable/MemMang/heap_4.o
 .debug_info    0x000000000000d9a9      0x118 /usr/lib/gcc/arm-none-eabi/12.2.0/../../../../arm-none-eabi/lib/thumb/v7e-m/nofp/libc.a(lib_a-atexit.o)
 .debug_info    0x000000000000dac1       0xf7 /usr/lib/gcc/arm-none-eabi/12.2.0/../../../../arm-none-eabi/lib/thumb/v7e-m/nofp/libc.a(lib_a-fini.o)
 .debug_info    0x000000000000dbb8      0x8c8 /usr/lib/gcc/arm-none-eabi/12.2.0/../../../../arm-none-eabi/lib/thumb/v7e-m/nofp/libc.a(lib_a-impure.o)
 .debug_info    0x000000000000e480      0x10b /usr/lib/gcc/arm-none-eabi/12.2.0/../../../../arm-none-eabi/lib/thumb/v7e-m/nofp/libc.a(lib_a-init.o)
 .debug_info    0x000000000000e58b       0x25 /usr/lib/gcc/arm-none-eabi/12.2.0/../../../../arm-none-eabi/lib/thumb/v7e-m/nofp/libc.a(lib_a-memcpy.o)
 .debug_info    0x000000000000e5b0      0x135 /usr/lib/gcc/arm-none-eabi/12.2.0/../../../../arm-none-eabi/lib/thumb/v7e-m/nofp/libc.a(lib_a-memset.o)
 .debug_info    0x000000000000e6e5      0x999 /usr/lib/gcc/arm-none-eabi/12.2.0/../../../../arm-none-eabi/lib/thumb/v7e-m/nofp/libc.a(lib_a-__atexit.o)
 .debug_info    0x000000000000f07e      0xa21 /usr/lib/gcc/arm-none-eabi/12.2.0/../../../../arm-none-eabi/lib/thumb/v7e-m/nofp/libc.a(lib_a-__call_atexit.o)
 .debug_info    0x000000000000fa9f      0x21a /usr/lib/gcc/arm-none-eabi/12.2.0/../../../../arm-none-eabi/lib/thumb/v7e-m/nofp/libc.a(lib_a-lock.o)

.debug_abbrev   0x0000000000000000     0x33d0
 .debug_abbrev  0x0000000000000000      0x261 ./build/main_blinky.o
 .debug_abbrev  0x0000000000000261      0x175 ./build/ParTest.o
 .debug_abbrev  0x00000000000003d6      0x324 ./build/asf/common/services/clock/sam4s/sysclk.o
 .debug_abbrev  0x00000000000006fa      0x279 ./build/asf/sam/boards/sam4s_xplained_pro/init.o
 .debug_abbrev  0x0000000000000973      0x305 ./build/asf/sam/drivers/pio/pio.o
 .debug_abbrev  0x0000000000000c78      0x38a ./build/asf/sam/drivers/pio/pio_handler.o
 .debug_abbrev  0x0000000000001002      0x2a4 ./build/asf/sam/drivers/pmc/pmc.o
 .debug_abbrev  0x00000000000012a6      0x129 ./build/asf/sam/drivers/wdt/wdt.o
 .debug_abbrev  0x00000000000013cf      0x180 ./build/asf/sam/utils/cmsis/sam4s/source/templates/gcc/startup_sam4s.o
 .debug_abbrev  0x000000000000154f      0x119 ./build/asf/sam/utils/cmsis/sam4s/source/templates/system_sam4s.o
 .debug_abbrev  0x0000000000001668      0x10c ./build/asf/thirdparty/FreeRTOS/list.o
 .debug_abbrev  0x0000000000001774      0x37a ./build/asf/thirdparty/FreeRTOS/queue.o
 .debug_abbrev  0x0000000000001aee      0x438 ./build/asf/thirdparty/FreeRTOS/tasks.o
 .debug_abbrev  0x0000000000001f26      0x3c3 ./build/asf/thirdparty/FreeRTOS/timers.o
 .debug_abbrev  0x00000000000022e9      0x2a6 ./build/asf/thirdparty/FreeRTOS/portable/GCC/ARM_CM3/port.o
 .debug_abbrev  0x000000000000258f      0x2e9 ./build/asf/thirdparty/FreeRTOS/portable/MemMang/heap_4.o
 .debug_abbrev  0x0000000000002878       0xc1 /usr/lib/gcc/arm-none-eabi/12.2.0/../../../../arm-none-eabi/lib/thumb/v7e-m/nofp/libc.a(lib_a-atexit.o)
 .debug_abbrev  0x0000000000002939       0xcc /usr/lib/gcc/arm-none-eabi/12.2.0/../../../../arm-none-eabi/lib/thumb/v7e-m/nofp/libc.a(lib_a-fini.o)
 .debug_abbrev  0x0000000000002a05      0x1ca /usr/lib/gcc/arm-none-eabi/12.2.0/../../../../arm-none-eabi/lib/thumb/v7e-m/nofp/libc.a(lib_a-impure.o)
 .debug_abbrev  0x0000000000002bcf       0xc9 /usr/lib/gcc/arm-none-eabi/12.2.0/../../../../arm-none-eabi/lib/thumb/v7e-m/nofp/libc.a(lib_a-init.o)
 .debug_abbrev  0x0000000000002c98       0x14 /usr/lib/gcc/arm-none-eabi/12.2.0/../../../../arm-none-eabi/lib/thumb/v7e-m/nofp/libc.a(lib_a-memcpy.o)
 .debug_abbrev  0x0000000000002cac       0xb7 /usr/lib/gcc/arm-none-eabi/12.2.0/../../../../arm-none-eabi/lib/thumb/v7e-m/nofp/libc.a(lib_a-memset.o)
 .debug_abbrev  0x0000000000002d63      0x272 /usr/lib/gcc/arm-none-eabi/12.2.0/../../../../arm-none-eabi/lib/thumb/v7e-m/nofp/libc.a(lib_a-__atexit.o)
 .debug_abbrev  0x0000000000002fd5      0x2e6 /usr/lib/gcc/arm-none-eabi/12.2.0/../../../../arm-none-eabi/lib/thumb/v7e-m/nofp/libc.a(lib_a-__call_atexit.o)
 .debug_abbrev  0x00000000000032bb      0x115 /usr/lib/gcc/arm-none-eabi/12.2.0/../../../../arm-none-eabi/lib/thumb/v7e-m/nofp/libc.a(lib_a-lock.o)

.debug_loclists
                0x0000000000000000     0x5054
 .debug_loclists
                0x0000000000000000       0x61 ./build/main_blinky.o
 .debug_loclists
                0x0000000000000061       0xb6 ./build/ParTest.o
 .debug_loclists
                0x0000000000000117      0x129 ./build/asf/common/services/clock/sam4s/sysclk.o
 .debug_loclists
                0x0000000000000240      0x294 ./build/asf/sam/boards/sam4s_xplained_pro/init.o
 .debug_loclists
                0x00000000000004d4      0xa7d ./build/asf/sam/drivers/pio/pio.o
 .debug_loclists
                0x0000000000000f51      0x321 ./build/asf/sam/drivers/pio/pio_handler.o
 .debug_loclists
                0x0000000000001272      0x7a8 ./build/asf/sam/drivers/pmc/pmc.o
 .debug_loclists
                0x0000000000001a1a       0xb7 ./build/asf/sam/drivers/wdt/wdt.o
 .debug_loclists
                0x0000000000001ad1       0x70 ./build/asf/sam/utils/cmsis/sam4s/source/templates/gcc/startup_sam4s.o
 .debug_loclists
                0x0000000000001b41       0x68 ./build/asf/thirdparty/FreeRTOS/list.o
 .debug_loclists
                0x0000000000001ba9      0xf69 ./build/asf/thirdparty/FreeRTOS/queue.o
 .debug_loclists
                0x0000000000002b12     0x146d ./build/asf/thirdparty/FreeRTOS/tasks.o
 .debug_loclists
                0x0000000000003f7f      0x909 ./build/asf/thirdparty/FreeRTOS/timers.o
 .debug_loclists
                0x0000000000004888       0x92 ./build/asf/thirdparty/FreeRTOS/portable/GCC/ARM_CM3/port.o
 .debug_loclists
                0x000000000000491a      0x2ef ./build/asf/thirdparty/FreeRTOS/portable/MemMang/heap_4.o
 .debug_loclists
                0x0000000000004c09       0x2a /usr/lib/gcc/arm-none-eabi/12.2.0/../../../../arm-none-eabi/lib/thumb/v7e-m/nofp/libc.a(lib_a-atexit.o)
 .debug_loclists
                0x0000000000004c33       0x4c /usr/lib/gcc/arm-none-eabi/12.2.0/../../../../arm-none-eabi/lib/thumb/v7e-m/nofp/libc.a(lib_a-fini.o)
 .debug_loclists
                0x0000000000004c7f       0x7a /usr/lib/gcc/arm-none-eabi/12.2.0/../../../../arm-none-eabi/lib/thumb/v7e-m/nofp/libc.a(lib_a-init.o)
 .debug_loclists
                0x0000000000004cf9      0x1a5 /usr/lib/gcc/arm-none-eabi/12.2.0/../../../../arm-none-eabi/lib/thumb/v7e-m/nofp/libc.a(lib_a-memset.o)
 .debug_loclists
                0x0000000000004e9e       0x79 /usr/lib/gcc/arm-none-eabi/12.2.0/../../../../arm-none-eabi/lib/thumb/v7e-m/nofp/libc.a(lib_a-__atexit.o)
 .debug_loclists
                0x0000000000004f17      0x11a /usr/lib/gcc/arm-none-eabi/12.2.0/../../../../arm-none-eabi/lib/thumb/v7e-m/nofp/libc.a(lib_a-__call_atexit.o)
 .debug_loclists
                0x0000000000005031       0x23 /usr/lib/gcc/arm-none-eabi/12.2.0/../../../../arm-none-eabi/lib/thumb/v7e-m/nofp/libc.a(lib_a-lock.o)

.debug_aranges  0x0000000000000000      0xb10
 .debug_aranges
                0x0000000000000000       0x30 ./build/main_blinky.o
 .debug_aranges
                0x0000000000000030       0x30 ./build/ParTest.o
 .debug_aranges
                0x0000000000000060       0x40 ./build/asf/common/services/clock/sam4s/sysclk.o
 .debug_aranges
                0x00000000000000a0       0x20 ./build/asf/sam/boards/sam4s_xplained_pro/init.o
 .debug_aranges
                0x00000000000000c0      0x1a8 ./build/asf/sam/drivers/pio/pio.o
 .debug_aranges
                0x0000000000000268       0x58 ./build/asf/sam/drivers/pio/pio_handler.o
 .debug_aranges
                0x00000000000002c0      0x208 ./build/asf/sam/drivers/pmc/pmc.o
 .debug_aranges
                0x00000000000004c8       0x48 ./build/asf/sam/drivers/wdt/wdt.o
 .debug_aranges
                0x0000000000000510       0x28 ./build/asf/sam/utils/cmsis/sam4s/source/templates/gcc/startup_sam4s.o
 .debug_aranges
                0x0000000000000538       0x30 ./build/asf/sam/utils/cmsis/sam4s/source/templates/system_sam4s.o
 .debug_aranges
                0x0000000000000568       0x40 ./build/asf/thirdparty/FreeRTOS/list.o
 .debug_aranges
                0x00000000000005a8      0x110 ./build/asf/thirdparty/FreeRTOS/queue.o
 .debug_aranges
                0x00000000000006b8      0x1a0 ./build/asf/thirdparty/FreeRTOS/tasks.o
 .debug_aranges
                0x0000000000000858       0xc0 ./build/asf/thirdparty/FreeRTOS/timers.o
 .debug_aranges
                0x0000000000000918       0x78 ./build/asf/thirdparty/FreeRTOS/portable/GCC/ARM_CM3/port.o
 .debug_aranges
                0x0000000000000990       0x58 ./build/asf/thirdparty/FreeRTOS/portable/MemMang/heap_4.o
 .debug_aranges
                0x00000000000009e8       0x20 /usr/lib/gcc/arm-none-eabi/12.2.0/../../../../arm-none-eabi/lib/thumb/v7e-m/nofp/libc.a(lib_a-atexit.o)
 .debug_aranges
                0x0000000000000a08       0x20 /usr/lib/gcc/arm-none-eabi/12.2.0/../../../../arm-none-eabi/lib/thumb/v7e-m/nofp/libc.a(lib_a-fini.o)
 .debug_aranges
                0x0000000000000a28       0x18 /usr/lib/gcc/arm-none-eabi/12.2.0/../../../../arm-none-eabi/lib/thumb/v7e-m/nofp/libc.a(lib_a-impure.o)
 .debug_aranges
                0x0000000000000a40       0x20 /usr/lib/gcc/arm-none-eabi/12.2.0/../../../../arm-none-eabi/lib/thumb/v7e-m/nofp/libc.a(lib_a-init.o)
 .debug_aranges
                0x0000000000000a60       0x20 /usr/lib/gcc/arm-none-eabi/12.2.0/../../../../arm-none-eabi/lib/thumb/v7e-m/nofp/libc.a(lib_a-memcpy.o)
 .debug_aranges
                0x0000000000000a80       0x20 /usr/lib/gcc/arm-none-eabi/12.2.0/../../../../arm-none-eabi/lib/thumb/v7e-m/nofp/libc.a(lib_a-memset.o)
 .debug_aranges
                0x0000000000000aa0       0x20 /usr/lib/gcc/arm-none-eabi/12.2.0/../../../../arm-none-eabi/lib/thumb/v7e-m/nofp/libc.a(lib_a-__atexit.o)
 .debug_aranges
                0x0000000000000ac0       0x28 /usr/lib/gcc/arm-none-eabi/12.2.0/../../../../arm-none-eabi/lib/thumb/v7e-m/nofp/libc.a(lib_a-__call_atexit.o)
 .debug_aranges
                0x0000000000000ae8       0x28 /usr/lib/gcc/arm-none-eabi/12.2.0/../../../../arm-none-eabi/lib/thumb/v7e-m/nofp/libc.a(lib_a-lock.o)

.debug_rnglists
                0x0000000000000000      0x9a6
 .debug_rnglists
                0x0000000000000000       0x1f ./build/main_blinky.o
 .debug_rnglists
                0x000000000000001f       0x1f ./build/ParTest.o
 .debug_rnglists
                0x000000000000003e       0x2b ./build/asf/common/services/clock/sam4s/sysclk.o
 .debug_rnglists
                0x0000000000000069       0x14 ./build/asf/sam/boards/sam4s_xplained_pro/init.o
 .debug_rnglists
                0x000000000000007d      0x149 ./build/asf/sam/drivers/pio/pio.o
 .debug_rnglists
                0x00000000000001c6       0x61 ./build/asf/sam/drivers/pio/pio_handler.o
 .debug_rnglists
                0x0000000000000227      0x181 ./build/asf/sam/drivers/pmc/pmc.o
 .debug_rnglists
                0x00000000000003a8       0x31 ./build/asf/sam/drivers/wdt/wdt.o
 .debug_rnglists
                0x00000000000003d9       0x1a ./build/asf/sam/utils/cmsis/sam4s/source/templates/gcc/startup_sam4s.o
 .debug_rnglists
                0x00000000000003f3       0x21 ./build/asf/sam/utils/cmsis/sam4s/source/templates/system_sam4s.o
 .debug_rnglists
                0x0000000000000414       0x2b ./build/asf/thirdparty/FreeRTOS/list.o
 .debug_rnglists
                0x000000000000043f      0x177 ./build/asf/thirdparty/FreeRTOS/queue.o
 .debug_rnglists
                0x00000000000005b6      0x1f3 ./build/asf/thirdparty/FreeRTOS/tasks.o
 .debug_rnglists
                0x00000000000007a9       0xbe ./build/asf/thirdparty/FreeRTOS/timers.o
 .debug_rnglists
                0x0000000000000867       0x56 ./build/asf/thirdparty/FreeRTOS/portable/GCC/ARM_CM3/port.o
 .debug_rnglists
                0x00000000000008bd       0x3f ./build/asf/thirdparty/FreeRTOS/portable/MemMang/heap_4.o
 .debug_rnglists
                0x00000000000008fc       0x13 /usr/lib/gcc/arm-none-eabi/12.2.0/../../../../arm-none-eabi/lib/thumb/v7e-m/nofp/libc.a(lib_a-atexit.o)
 .debug_rnglists
                0x000000000000090f       0x13 /usr/lib/gcc/arm-none-eabi/12.2.0/../../../../arm-none-eabi/lib/thumb/v7e-m/nofp/libc.a(lib_a-fini.o)
 .debug_rnglists
                0x0000000000000922       0x13 /usr/lib/gcc/arm-none-eabi/12.2.0/../../../../arm-none-eabi/lib/thumb/v7e-m/nofp/libc.a(lib_a-init.o)
 .debug_rnglists
                0x0000000000000935       0x14 /usr/lib/gcc/arm-none-eabi/12.2.0/../../../../arm-none-eabi/lib/thumb/v7e-m/nofp/libc.a(lib_a-memset.o)
 .debug_rnglists
                0x0000000000000949       0x14 /usr/lib/gcc/arm-none-eabi/12.2.0/../../../../arm-none-eabi/lib/thumb/v7e-m/nofp/libc.a(lib_a-__atexit.o)
 .debug_rnglists
                0x000000000000095d       0x30 /usr/lib/gcc/arm-none-eabi/12.2.0/../../../../arm-none-eabi/lib/thumb/v7e-m/nofp/libc.a(lib_a-__call_atexit.o)
 .debug_rnglists
                0x000000000000098d       0x19 /usr/lib/gcc/arm-none-eabi/12.2.0/../../../../arm-none-eabi/lib/thumb/v7e-m/nofp/libc.a(lib_a-lock.o)

.debug_macro    0x0000000000000000    0x149fc
 .debug_macro   0x0000000000000000      0x6dd ./build/main_blinky.o
 .debug_macro   0x00000000000006dd      0xaba ./build/main_blinky.o
 .debug_macro   0x0000000000001197       0x22 ./build/main_blinky.o
 .debug_macro   0x00000000000011b9       0x64 ./build/main_blinky.o
 .debug_macro   0x000000000000121d       0x18 ./build/main_blinky.o
 .debug_macro   0x0000000000001235       0x94 ./build/main_blinky.o
 .debug_macro   0x00000000000012c9       0x3c ./build/main_blinky.o
 .debug_macro   0x0000000000001305       0x34 ./build/main_blinky.o
 .debug_macro   0x0000000000001339       0x16 ./build/main_blinky.o
 .debug_macro   0x000000000000134f       0x57 ./build/main_blinky.o
 .debug_macro   0x00000000000013a6       0x9e ./build/main_blinky.o
 .debug_macro   0x0000000000001444      0x35d ./build/main_blinky.o
 .debug_macro   0x00000000000017a1      0x104 ./build/main_blinky.o
 .debug_macro   0x00000000000018a5       0x10 ./build/main_blinky.o
 .debug_macro   0x00000000000018b5       0x16 ./build/main_blinky.o
 .debug_macro   0x00000000000018cb       0x43 ./build/main_blinky.o
 .debug_macro   0x000000000000190e       0x34 ./build/main_blinky.o
 .debug_macro   0x0000000000001942       0x10 ./build/main_blinky.o
 .debug_macro   0x0000000000001952       0x58 ./build/main_blinky.o
 .debug_macro   0x00000000000019aa      0x182 ./build/main_blinky.o
 .debug_macro   0x0000000000001b2c       0x10 ./build/main_blinky.o
 .debug_macro   0x0000000000001b3c       0x6a ./build/main_blinky.o
 .debug_macro   0x0000000000001ba6       0x1c ./build/main_blinky.o
 .debug_macro   0x0000000000001bc2       0x52 ./build/main_blinky.o
 .debug_macro   0x0000000000001c14       0x22 ./build/main_blinky.o
 .debug_macro   0x0000000000001c36       0x10 ./build/main_blinky.o
 .debug_macro   0x0000000000001c46       0x52 ./build/main_blinky.o
 .debug_macro   0x0000000000001c98       0xd5 ./build/main_blinky.o
 .debug_macro   0x0000000000001d6d       0x1c ./build/main_blinky.o
 .debug_macro   0x0000000000001d89       0x3d ./build/main_blinky.o
 .debug_macro   0x0000000000001dc6       0x16 ./build/main_blinky.o
 .debug_macro   0x0000000000001ddc      0x16f ./build/main_blinky.o
 .debug_macro   0x0000000000001f4b      0x103 ./build/main_blinky.o
 .debug_macro   0x000000000000204e      0x1df ./build/main_blinky.o
 .debug_macro   0x000000000000222d      0x113 ./build/main_blinky.o
 .debug_macro   0x0000000000002340      0x15a ./build/main_blinky.o
 .debug_macro   0x000000000000249a       0xe4 ./build/main_blinky.o
 .debug_macro   0x000000000000257e       0x28 ./build/main_blinky.o
 .debug_macro   0x00000000000025a6       0x1f ./build/main_blinky.o
 .debug_macro   0x00000000000025c5       0x12 ./build/main_blinky.o
 .debug_macro   0x00000000000025d7      0x51f ./build/main_blinky.o
 .debug_macro   0x0000000000002af6       0xc3 ./build/main_blinky.o
 .debug_macro   0x0000000000002bb9      0x120 ./build/main_blinky.o
 .debug_macro   0x0000000000002cd9       0x80 ./build/main_blinky.o
 .debug_macro   0x0000000000002d59       0x77 ./build/main_blinky.o
 .debug_macro   0x0000000000002dd0      0x71d ./build/main_blinky.o
 .debug_macro   0x00000000000034ed       0x76 ./build/main_blinky.o
 .debug_macro   0x0000000000003563       0x16 ./build/main_blinky.o
 .debug_macro   0x0000000000003579      0x6da ./build/main_blinky.o
 .debug_macro   0x0000000000003c53       0x2d ./build/main_blinky.o
 .debug_macro   0x0000000000003c80       0x1c ./build/main_blinky.o
 .debug_macro   0x0000000000003c9c       0x22 ./build/main_blinky.o
 .debug_macro   0x0000000000003cbe       0xd9 ./build/main_blinky.o
 .debug_macro   0x0000000000003d97     0x102d ./build/main_blinky.o
 .debug_macro   0x0000000000004dc4      0x11f ./build/main_blinky.o
 .debug_macro   0x0000000000004ee3      0x154 ./build/main_blinky.o
 .debug_macro   0x0000000000005037      0xaa5 ./build/main_blinky.o
 .debug_macro   0x0000000000005adc      0x1b4 ./build/main_blinky.o
 .debug_macro   0x0000000000005c90      0x11e ./build/main_blinky.o
 .debug_macro   0x0000000000005dae       0xac ./build/main_blinky.o
 .debug_macro   0x0000000000005e5a      0x3f7 ./build/main_blinky.o
 .debug_macro   0x0000000000006251      0x106 ./build/main_blinky.o
 .debug_macro   0x0000000000006357       0x1c ./build/main_blinky.o
 .debug_macro   0x0000000000006373      0x72f ./build/main_blinky.o
 .debug_macro   0x0000000000006aa2      0x2c9 ./build/main_blinky.o
 .debug_macro   0x0000000000006d6b       0xbe ./build/main_blinky.o
 .debug_macro   0x0000000000006e29     0x2807 ./build/main_blinky.o
 .debug_macro   0x0000000000009630      0x76e ./build/main_blinky.o
 .debug_macro   0x0000000000009d9e      0xa84 ./build/main_blinky.o
 .debug_macro   0x000000000000a822       0x9a ./build/main_blinky.o
 .debug_macro   0x000000000000a8bc      0x3cf ./build/main_blinky.o
 .debug_macro   0x000000000000ac8b       0x64 ./build/main_blinky.o
 .debug_macro   0x000000000000acef      0x1a6 ./build/main_blinky.o
 .debug_macro   0x000000000000ae95      0x37c ./build/main_blinky.o
 .debug_macro   0x000000000000b211      0x61b ./build/main_blinky.o
 .debug_macro   0x000000000000b82c      0x686 ./build/main_blinky.o
 .debug_macro   0x000000000000beb2      0x595 ./build/main_blinky.o
 .debug_macro   0x000000000000c447      0x344 ./build/main_blinky.o
 .debug_macro   0x000000000000c78b      0x283 ./build/main_blinky.o
 .debug_macro   0x000000000000ca0e      0x2cd ./build/main_blinky.o
 .debug_macro   0x000000000000ccdb      0x6cf ./build/main_blinky.o
 .debug_macro   0x000000000000d3aa       0x76 ./build/main_blinky.o
 .debug_macro   0x000000000000d420       0xb8 ./build/main_blinky.o
 .debug_macro   0x000000000000d4d8       0xb2 ./build/main_blinky.o
 .debug_macro   0x000000000000d58a       0x88 ./build/main_blinky.o
 .debug_macro   0x000000000000d612      0x100 ./build/main_blinky.o
 .debug_macro   0x000000000000d712      0x100 ./build/main_blinky.o
 .debug_macro   0x000000000000d812       0x88 ./build/main_blinky.o
 .debug_macro   0x000000000000d89a       0x88 ./build/main_blinky.o
 .debug_macro   0x000000000000d922      0x2cd ./build/main_blinky.o
 .debug_macro   0x000000000000dbef       0xb2 ./build/main_blinky.o
 .debug_macro   0x000000000000dca1       0xb2 ./build/main_blinky.o
 .debug_macro   0x000000000000dd53       0x52 ./build/main_blinky.o
 .debug_macro   0x000000000000dda5       0xac ./build/main_blinky.o
 .debug_macro   0x000000000000de51       0x7c ./build/main_blinky.o
 .debug_macro   0x000000000000decd       0x40 ./build/main_blinky.o
 .debug_macro   0x000000000000df0d       0x64 ./build/main_blinky.o
 .debug_macro   0x000000000000df71       0x46 ./build/main_blinky.o
 .debug_macro   0x000000000000dfb7       0x88 ./build/main_blinky.o
 .debug_macro   0x000000000000e03f       0x4c ./build/main_blinky.o
 .debug_macro   0x000000000000e08b       0xa6 ./build/main_blinky.o
 .debug_macro   0x000000000000e131       0x7c ./build/main_blinky.o
 .debug_macro   0x000000000000e1ad       0x16 ./build/main_blinky.o
 .debug_macro   0x000000000000e1c3       0x7c ./build/main_blinky.o
 .debug_macro   0x000000000000e23f       0x22 ./build/main_blinky.o
 .debug_macro   0x000000000000e261       0x22 ./build/main_blinky.o
 .debug_macro   0x000000000000e283      0x18b ./build/main_blinky.o
 .debug_macro   0x000000000000e40e      0x15b ./build/main_blinky.o
 .debug_macro   0x000000000000e569      0x15b ./build/main_blinky.o
 .debug_macro   0x000000000000e6c4       0x1c ./build/main_blinky.o
 .debug_macro   0x000000000000e6e0       0x2e ./build/main_blinky.o
 .debug_macro   0x000000000000e70e       0x22 ./build/main_blinky.o
 .debug_macro   0x000000000000e730       0x1c ./build/main_blinky.o
 .debug_macro   0x000000000000e74c       0x52 ./build/main_blinky.o
 .debug_macro   0x000000000000e79e       0x10 ./build/main_blinky.o
 .debug_macro   0x000000000000e7ae      0x234 ./build/main_blinky.o
 .debug_macro   0x000000000000e9e2      0x92e ./build/main_blinky.o
 .debug_macro   0x000000000000f310      0x12a ./build/main_blinky.o
 .debug_macro   0x000000000000f43a       0x22 ./build/main_blinky.o
 .debug_macro   0x000000000000f45c       0x16 ./build/main_blinky.o
 .debug_macro   0x000000000000f472       0x35 ./build/main_blinky.o
 .debug_macro   0x000000000000f4a7       0x16 ./build/main_blinky.o
 .debug_macro   0x000000000000f4bd       0x29 ./build/main_blinky.o
 .debug_macro   0x000000000000f4e6       0x73 ./build/main_blinky.o
 .debug_macro   0x000000000000f559       0x3e ./build/main_blinky.o
 .debug_macro   0x000000000000f597      0x3ca ./build/main_blinky.o
 .debug_macro   0x000000000000f961       0x94 ./build/main_blinky.o
 .debug_macro   0x000000000000f9f5       0x40 ./build/main_blinky.o
 .debug_macro   0x000000000000fa35      0x2df ./build/main_blinky.o
 .debug_macro   0x000000000000fd14       0x2e ./build/main_blinky.o
 .debug_macro   0x000000000000fd42      0x8da ./build/main_blinky.o
 .debug_macro   0x000000000001061c       0x58 ./build/main_blinky.o
 .debug_macro   0x0000000000010674       0x34 ./build/main_blinky.o
 .debug_macro   0x00000000000106a8       0x46 ./build/main_blinky.o
 .debug_macro   0x00000000000106ee       0x6a ./build/main_blinky.o
 .debug_macro   0x0000000000010758       0x46 ./build/main_blinky.o
 .debug_macro   0x000000000001079e       0x90 ./build/main_blinky.o
 .debug_macro   0x000000000001082e       0x2e ./build/main_blinky.o
 .debug_macro   0x000000000001085c       0x10 ./build/main_blinky.o
 .debug_macro   0x000000000001086c      0x60f ./build/ParTest.o
 .debug_macro   0x0000000000010e7b      0x182 ./build/ParTest.o
 .debug_macro   0x0000000000010ffd       0x8e ./build/ParTest.o
 .debug_macro   0x000000000001108b       0x51 ./build/ParTest.o
 .debug_macro   0x00000000000110dc       0x6a ./build/ParTest.o
 .debug_macro   0x0000000000011146      0x2d9 ./build/ParTest.o
 .debug_macro   0x000000000001141f      0x5bf ./build/asf/common/services/clock/sam4s/sysclk.o
 .debug_macro   0x00000000000119de       0x27 ./build/asf/common/services/clock/sam4s/sysclk.o
 .debug_macro   0x0000000000011a05       0x64 ./build/asf/common/services/clock/sam4s/sysclk.o
 .debug_macro   0x0000000000011a69      0x608 ./build/asf/sam/boards/sam4s_xplained_pro/init.o
 .debug_macro   0x0000000000012071       0x82 ./build/asf/sam/boards/sam4s_xplained_pro/init.o
 .debug_macro   0x00000000000120f3       0x10 ./build/asf/sam/boards/sam4s_xplained_pro/init.o
 .debug_macro   0x0000000000012103      0x555 ./build/asf/sam/drivers/pio/pio.o
 .debug_macro   0x0000000000012658       0x8e ./build/asf/sam/drivers/pio/pio.o
 .debug_macro   0x00000000000126e6      0x55f ./build/asf/sam/drivers/pio/pio_handler.o
 .debug_macro   0x0000000000012c45      0x555 ./build/asf/sam/drivers/pmc/pmc.o
 .debug_macro   0x000000000001319a       0x52 ./build/asf/sam/drivers/pmc/pmc.o
 .debug_macro   0x00000000000131ec      0x562 ./build/asf/sam/drivers/wdt/wdt.o
 .debug_macro   0x000000000001374e      0x33a ./build/asf/sam/utils/cmsis/sam4s/source/templates/gcc/startup_sam4s.o
 .debug_macro   0x0000000000013a88      0x342 ./build/asf/sam/utils/cmsis/sam4s/source/templates/system_sam4s.o
 .debug_macro   0x0000000000013dca      0x189 ./build/asf/thirdparty/FreeRTOS/list.o
 .debug_macro   0x0000000000013f53      0x21b ./build/asf/thirdparty/FreeRTOS/queue.o
 .debug_macro   0x000000000001416e       0x16 ./build/asf/thirdparty/FreeRTOS/queue.o
 .debug_macro   0x0000000000014184      0x26a ./build/asf/thirdparty/FreeRTOS/tasks.o
 .debug_macro   0x00000000000143ee       0x17 ./build/asf/thirdparty/FreeRTOS/tasks.o
 .debug_macro   0x0000000000014405      0x1d8 ./build/asf/thirdparty/FreeRTOS/timers.o
 .debug_macro   0x00000000000145dd       0x97 ./build/asf/thirdparty/FreeRTOS/timers.o
 .debug_macro   0x0000000000014674      0x183 ./build/asf/thirdparty/FreeRTOS/portable/GCC/ARM_CM3/port.o
 .debug_macro   0x00000000000147f7      0x205 ./build/asf/thirdparty/FreeRTOS/portable/MemMang/heap_4.o

.debug_line     0x0000000000000000     0xfd20
 .debug_line    0x0000000000000000      0xe45 ./build/main_blinky.o
 .debug_line    0x0000000000000e45      0xbe1 ./build/ParTest.o
 .debug_line    0x0000000000001a26      0xc89 ./build/asf/common/services/clock/sam4s/sysclk.o
 .debug_line    0x00000000000026af      0xe64 ./build/asf/sam/boards/sam4s_xplained_pro/init.o
 .debug_line    0x0000000000003513     0x156b ./build/asf/sam/drivers/pio/pio.o
 .debug_line    0x0000000000004a7e      0xc7e ./build/asf/sam/drivers/pio/pio_handler.o
 .debug_line    0x00000000000056fc     0x18d0 ./build/asf/sam/drivers/pmc/pmc.o
 .debug_line    0x0000000000006fcc      0xa5b ./build/asf/sam/drivers/wdt/wdt.o
 .debug_line    0x0000000000007a27      0x80d ./build/asf/sam/utils/cmsis/sam4s/source/templates/gcc/startup_sam4s.o
 .debug_line    0x0000000000008234      0x90e ./build/asf/sam/utils/cmsis/sam4s/source/templates/system_sam4s.o
 .debug_line    0x0000000000008b42      0x467 ./build/asf/thirdparty/FreeRTOS/list.o
 .debug_line    0x0000000000008fa9     0x1cf5 ./build/asf/thirdparty/FreeRTOS/queue.o
 .debug_line    0x000000000000ac9e     0x28cb ./build/asf/thirdparty/FreeRTOS/tasks.o
 .debug_line    0x000000000000d569      0xceb ./build/asf/thirdparty/FreeRTOS/timers.o
 .debug_line    0x000000000000e254      0x65b ./build/asf/thirdparty/FreeRTOS/portable/GCC/ARM_CM3/port.o
 .debug_line    0x000000000000e8af      0x83c ./build/asf/thirdparty/FreeRTOS/portable/MemMang/heap_4.o
 .debug_line    0x000000000000f0eb       0xea /usr/lib/gcc/arm-none-eabi/12.2.0/../../../../arm-none-eabi/lib/thumb/v7e-m/nofp/libc.a(lib_a-atexit.o)
 .debug_line    0x000000000000f1d5       0xf9 /usr/lib/gcc/arm-none-eabi/12.2.0/../../../../arm-none-eabi/lib/thumb/v7e-m/nofp/libc.a(lib_a-fini.o)
 .debug_line    0x000000000000f2ce      0x10e /usr/lib/gcc/arm-none-eabi/12.2.0/../../../../arm-none-eabi/lib/thumb/v7e-m/nofp/libc.a(lib_a-impure.o)
 .debug_line    0x000000000000f3dc      0x13a /usr/lib/gcc/arm-none-eabi/12.2.0/../../../../arm-none-eabi/lib/thumb/v7e-m/nofp/libc.a(lib_a-init.o)
 .debug_line    0x000000000000f516       0x95 /usr/lib/gcc/arm-none-eabi/12.2.0/../../../../arm-none-eabi/lib/thumb/v7e-m/nofp/libc.a(lib_a-memcpy.o)
 .debug_line    0x000000000000f5ab      0x1f0 /usr/lib/gcc/arm-none-eabi/12.2.0/../../../../arm-none-eabi/lib/thumb/v7e-m/nofp/libc.a(lib_a-memset.o)
 .debug_line    0x000000000000f79b      0x1e4 /usr/lib/gcc/arm-none-eabi/12.2.0/../../../../arm-none-eabi/lib/thumb/v7e-m/nofp/libc.a(lib_a-__atexit.o)
 .debug_line    0x000000000000f97f      0x2b6 /usr/lib/gcc/arm-none-eabi/12.2.0/../../../../arm-none-eabi/lib/thumb/v7e-m/nofp/libc.a(lib_a-__call_atexit.o)
 .debug_line    0x000000000000fc35       0xeb /usr/lib/gcc/arm-none-eabi/12.2.0/../../../../arm-none-eabi/lib/thumb/v7e-m/nofp/libc.a(lib_a-lock.o)

.debug_str      0x0000000000000000    0x5ea18
 .debug_str     0x0000000000000000    0x584a1 ./build/main_blinky.o
                                      0x5887b (size before relaxing)
 .debug_str     0x00000000000584a1      0x148 ./build/ParTest.o
                                      0x56d34 (size before relaxing)
 .debug_str     0x00000000000585e9      0x484 ./build/asf/common/services/clock/sam4s/sysclk.o
                                      0x523f3 (size before relaxing)
 .debug_str     0x0000000000058a6d      0x6f3 ./build/asf/sam/boards/sam4s_xplained_pro/init.o
                                      0x52d66 (size before relaxing)
 .debug_str     0x0000000000059160      0x571 ./build/asf/sam/drivers/pio/pio.o
                                      0x4ea31 (size before relaxing)
 .debug_str     0x00000000000596d1      0x35f ./build/asf/sam/drivers/pio/pio_handler.o
                                      0x4e983 (size before relaxing)
 .debug_str     0x0000000000059a30      0x567 ./build/asf/sam/drivers/pmc/pmc.o
                                      0x4e87d (size before relaxing)
 .debug_str     0x0000000000059f97       0xd6 ./build/asf/sam/drivers/wdt/wdt.o
                                      0x4df18 (size before relaxing)
 .debug_str     0x000000000005a06d      0x419 ./build/asf/sam/utils/cmsis/sam4s/source/templates/gcc/startup_sam4s.o
                                      0x3df46 (size before relaxing)
 .debug_str     0x000000000005a486       0xc2 ./build/asf/sam/utils/cmsis/sam4s/source/templates/system_sam4s.o
                                      0x3dcfe (size before relaxing)
 .debug_str     0x000000000005a548      0x172 ./build/asf/thirdparty/FreeRTOS/list.o
                                       0xa8d5 (size before relaxing)
 .debug_str     0x000000000005a6ba      0xc5d ./build/asf/thirdparty/FreeRTOS/queue.o
                                       0xcf9d (size before relaxing)
 .debug_str     0x000000000005b317     0x1937 ./build/asf/thirdparty/FreeRTOS/tasks.o
                                       0xd804 (size before relaxing)
 .debug_str     0x000000000005cc4e      0x5c6 ./build/asf/thirdparty/FreeRTOS/timers.o
                                       0xd1c2 (size before relaxing)
 .debug_str     0x000000000005d214      0x6c3 ./build/asf/thirdparty/FreeRTOS/portable/GCC/ARM_CM3/port.o
                                       0x986f (size before relaxing)
 .debug_str     0x000000000005d8d7      0x5d8 ./build/asf/thirdparty/FreeRTOS/portable/MemMang/heap_4.o
                                       0xc0c1 (size before relaxing)
 .debug_str     0x000000000005deaf      0x16e /usr/lib/gcc/arm-none-eabi/12.2.0/../../../../arm-none-eabi/lib/thumb/v7e-m/nofp/libc.a(lib_a-atexit.o)
                                        0x20a (size before relaxing)
 .debug_str     0x000000000005e01d       0xd9 /usr/lib/gcc/arm-none-eabi/12.2.0/../../../../arm-none-eabi/lib/thumb/v7e-m/nofp/libc.a(lib_a-fini.o)
                                        0x202 (size before relaxing)
 .debug_str     0x000000000005e0f6      0x41f /usr/lib/gcc/arm-none-eabi/12.2.0/../../../../arm-none-eabi/lib/thumb/v7e-m/nofp/libc.a(lib_a-impure.o)
                                        0x5a5 (size before relaxing)
 .debug_str     0x000000000005e515       0x94 /usr/lib/gcc/arm-none-eabi/12.2.0/../../../../arm-none-eabi/lib/thumb/v7e-m/nofp/libc.a(lib_a-init.o)
                                        0x22c (size before relaxing)
 .debug_str     0x000000000005e5a9       0x80 /usr/lib/gcc/arm-none-eabi/12.2.0/../../../../arm-none-eabi/lib/thumb/v7e-m/nofp/libc.a(lib_a-memcpy.o)
 .debug_str     0x000000000005e629       0xbd /usr/lib/gcc/arm-none-eabi/12.2.0/../../../../arm-none-eabi/lib/thumb/v7e-m/nofp/libc.a(lib_a-memset.o)
                                        0x1e1 (size before relaxing)
 .debug_str     0x000000000005e6e6       0x90 /usr/lib/gcc/arm-none-eabi/12.2.0/../../../../arm-none-eabi/lib/thumb/v7e-m/nofp/libc.a(lib_a-__atexit.o)
                                        0x63c (size before relaxing)
 .debug_str     0x000000000005e776       0xa7 /usr/lib/gcc/arm-none-eabi/12.2.0/../../../../arm-none-eabi/lib/thumb/v7e-m/nofp/libc.a(lib_a-__call_atexit.o)
                                        0x66f (size before relaxing)
 .debug_str     0x000000000005e81d      0x1fb /usr/lib/gcc/arm-none-eabi/12.2.0/../../../../arm-none-eabi/lib/thumb/v7e-m/nofp/libc.a(lib_a-lock.o)
                                        0x35d (size before relaxing)

.debug_frame    0x0000000000000000     0x1a5c
 .debug_frame   0x0000000000000000       0x58 ./build/main_blinky.o
 .debug_frame   0x0000000000000058       0x5c ./build/ParTest.o
 .debug_frame   0x00000000000000b4       0x88 ./build/asf/common/services/clock/sam4s/sysclk.o
 .debug_frame   0x000000000000013c       0x2c ./build/asf/sam/boards/sam4s_xplained_pro/init.o
 .debug_frame   0x0000000000000168      0x378 ./build/asf/sam/drivers/pio/pio.o
 .debug_frame   0x00000000000004e0       0xf4 ./build/asf/sam/drivers/pio/pio_handler.o
 .debug_frame   0x00000000000005d4      0x444 ./build/asf/sam/drivers/pmc/pmc.o
 .debug_frame   0x0000000000000a18       0x7c ./build/asf/sam/drivers/wdt/wdt.o
 .debug_frame   0x0000000000000a94       0x38 ./build/asf/sam/utils/cmsis/sam4s/source/templates/gcc/startup_sam4s.o
 .debug_frame   0x0000000000000acc       0x40 ./build/asf/sam/utils/cmsis/sam4s/source/templates/system_sam4s.o
 .debug_frame   0x0000000000000b0c       0x70 ./build/asf/thirdparty/FreeRTOS/list.o
 .debug_frame   0x0000000000000b7c      0x3bc ./build/asf/thirdparty/FreeRTOS/queue.o
 .debug_frame   0x0000000000000f38      0x52c ./build/asf/thirdparty/FreeRTOS/tasks.o
 .debug_frame   0x0000000000001464      0x24c ./build/asf/thirdparty/FreeRTOS/timers.o
 .debug_frame   0x00000000000016b0       0xf0 ./build/asf/thirdparty/FreeRTOS/portable/GCC/ARM_CM3/port.o
 .debug_frame   0x00000000000017a0       0xd0 ./build/asf/thirdparty/FreeRTOS/portable/MemMang/heap_4.o
 .debug_frame   0x0000000000001870       0x20 /usr/lib/gcc/arm-none-eabi/12.2.0/../../../../arm-none-eabi/lib/thumb/v7e-m/nofp/libc.a(lib_a-atexit.o)
 .debug_frame   0x0000000000001890       0x34 /usr/lib/gcc/arm-none-eabi/12.2.0/../../../../arm-none-eabi/lib/thumb/v7e-m/nofp/libc.a(lib_a-fini.o)
 .debug_frame   0x00000000000018c4       0x2c /usr/lib/gcc/arm-none-eabi/12.2.0/../../../../arm-none-eabi/lib/thumb/v7e-m/nofp/libc.a(lib_a-init.o)
 .debug_frame   0x00000000000018f0       0x2c /usr/lib/gcc/arm-none-eabi/12.2.0/../../../../arm-none-eabi/lib/thumb/v7e-m/nofp/libc.a(lib_a-memset.o)
 .debug_frame   0x000000000000191c       0x34 /usr/lib/gcc/arm-none-eabi/12.2.0/../../../../arm-none-eabi/lib/thumb/v7e-m/nofp/libc.a(lib_a-__atexit.o)
 .debug_frame   0x0000000000001950       0x5c /usr/lib/gcc/arm-none-eabi/12.2.0/../../../../arm-none-eabi/lib/thumb/v7e-m/nofp/libc.a(lib_a-__call_atexit.o)
 .debug_frame   0x00000000000019ac       0xb0 /usr/lib/gcc/arm-none-eabi/12.2.0/../../../../arm-none-eabi/lib/thumb/v7e-m/nofp/libc.a(lib_a-lock.o)

.debug_line_str
                0x0000000000000000       0x59
 .debug_line_str
                0x0000000000000000       0x59 /usr/lib/gcc/arm-none-eabi/12.2.0/../../../../arm-none-eabi/lib/thumb/v7e-m/nofp/libc.a(lib_a-memcpy.o)
                                         0xb2 (size before relaxing)

Cross Reference Table

Symbol                                            File
ACC_Handler                                       ./build/asf/sam/utils/cmsis/sam4s/source/templates/gcc/startup_sam4s.o
ADC_Handler                                       ./build/asf/sam/utils/cmsis/sam4s/source/templates/gcc/startup_sam4s.o
BusFault_Handler                                  ./build/asf/sam/utils/cmsis/sam4s/source/templates/gcc/startup_sam4s.o
CRCCU_Handler                                     ./build/asf/sam/utils/cmsis/sam4s/source/templates/gcc/startup_sam4s.o
DACC_Handler                                      ./build/asf/sam/utils/cmsis/sam4s/source/templates/gcc/startup_sam4s.o
DebugMon_Handler                                  ./build/asf/sam/utils/cmsis/sam4s/source/templates/gcc/startup_sam4s.o
Dummy_Handler                                     ./build/asf/sam/utils/cmsis/sam4s/source/templates/gcc/startup_sam4s.o
EFC0_Handler                                      ./build/asf/sam/utils/cmsis/sam4s/source/templates/gcc/startup_sam4s.o
EFC1_Handler                                      ./build/asf/sam/utils/cmsis/sam4s/source/templates/gcc/startup_sam4s.o
HSMCI_Handler                                     ./build/asf/sam/utils/cmsis/sam4s/source/templates/gcc/startup_sam4s.o
HardFault_Handler                                 ./build/asf/sam/utils/cmsis/sam4s/source/templates/gcc/startup_sam4s.o
MemManage_Handler                                 ./build/asf/sam/utils/cmsis/sam4s/source/templates/gcc/startup_sam4s.o
NMI_Handler                                       ./build/asf/sam/utils/cmsis/sam4s/source/templates/gcc/startup_sam4s.o
PIOA_Handler                                      ./build/asf/sam/drivers/pio/pio_handler.o
PIOB_Handler                                      ./build/asf/sam/drivers/pio/pio_handler.o
PIOC_Handler                                      ./build/asf/sam/drivers/pio/pio_handler.o
PMC_Handler                                       ./build/asf/sam/utils/cmsis/sam4s/source/templates/gcc/startup_sam4s.o
PWM_Handler                                       ./build/asf/sam/utils/cmsis/sam4s/source/templates/gcc/startup_sam4s.o
PendSV_Handler                                    ./build/asf/thirdparty/FreeRTOS/portable/GCC/ARM_CM3/port.o
                                                  ./build/asf/sam/utils/cmsis/sam4s/source/templates/gcc/startup_sam4s.o
RSTC_Handler                                      ./build/asf/sam/utils/cmsis/sam4s/source/templates/gcc/startup_sam4s.o
RTC_Handler                                       ./build/asf/sam/utils/cmsis/sam4s/source/templates/gcc/startup_sam4s.o
RTT_Handler                                       ./build/asf/sam/utils/cmsis/sam4s/source/templates/gcc/startup_sam4s.o
Reset_Handler                                     ./build/asf/sam/utils/cmsis/sam4s/source/templates/gcc/startup_sam4s.o
SPI_Handler                                       ./build/asf/sam/utils/cmsis/sam4s/source/templates/gcc/startup_sam4s.o
SSC_Handler                                       ./build/asf/sam/utils/cmsis/sam4s/source/templates/gcc/startup_sam4s.o
SUPC_Handler                                      ./build/asf/sam/utils/cmsis/sam4s/source/templates/gcc/startup_sam4s.o
SVC_Handler                                       ./build/asf/thirdparty/FreeRTOS/portable/GCC/ARM_CM3/port.o
                                                  ./build/asf/sam/utils/cmsis/sam4s/source/templates/gcc/startup_sam4s.o
SysTick_Handler                                   ./build/asf/thirdparty/FreeRTOS/portable/GCC/ARM_CM3/port.o
                                                  ./build/asf/sam/utils/cmsis/sam4s/source/templates/gcc/startup_sam4s.o
SystemCoreClock                                   ./build/asf/sam/utils/cmsis/sam4s/source/templates/system_sam4s.o
                                                  ./build/asf/thirdparty/FreeRTOS/portable/GCC/ARM_CM3/port.o
SystemCoreClockUpdate                             ./build/asf/sam/utils/cmsis/sam4s/source/templates/system_sam4s.o
                                                  ./build/asf/common/services/clock/sam4s/sysclk.o
SystemInit                                        ./build/asf/sam/utils/cmsis/sam4s/source/templates/system_sam4s.o
TC0_Handler                                       ./build/asf/sam/utils/cmsis/sam4s/source/templates/gcc/startup_sam4s.o
TC1_Handler                                       ./build/asf/sam/utils/cmsis/sam4s/source/templates/gcc/startup_sam4s.o
TC2_Handler                                       ./build/asf/sam/utils/cmsis/sam4s/source/templates/gcc/startup_sam4s.o
TC3_Handler                                       ./build/asf/sam/utils/cmsis/sam4s/source/templates/gcc/startup_sam4s.o
TC4_Handler                                       ./build/asf/sam/utils/cmsis/sam4s/source/templates/gcc/startup_sam4s.o
TC5_Handler                                       ./build/asf/sam/utils/cmsis/sam4s/source/templates/gcc/startup_sam4s.o
TWI0_Handler                                      ./build/asf/sam/utils/cmsis/sam4s/source/templates/gcc/startup_sam4s.o
TWI1_Handler                                      ./build/asf/sam/utils/cmsis/sam4s/source/templates/gcc/startup_sam4s.o
UART0_Handler                                     ./build/asf/sam/utils/cmsis/sam4s/source/templates/gcc/startup_sam4s.o
UART1_Handler                                     ./build/asf/sam/utils/cmsis/sam4s/source/templates/gcc/startup_sam4s.o
UDP_Handler                                       ./build/asf/sam/utils/cmsis/sam4s/source/templates/gcc/startup_sam4s.o
USART0_Handler                                    ./build/asf/sam/utils/cmsis/sam4s/source/templates/gcc/startup_sam4s.o
USART1_Handler                                    ./build/asf/sam/utils/cmsis/sam4s/source/templates/gcc/startup_sam4s.o
UsageFault_Handler                                ./build/asf/sam/utils/cmsis/sam4s/source/templates/gcc/startup_sam4s.o
WDT_Handler                                       ./build/asf/sam/utils/cmsis/sam4s/source/templates/gcc/startup_sam4s.o
__atexit_recursive_mutex                          /usr/lib/gcc/arm-none-eabi/12.2.0/../../../../arm-none-eabi/lib/thumb/v7e-m/nofp/libc.a(lib_a-__call_atexit.o)
                                                  /usr/lib/gcc/arm-none-eabi/12.2.0/../../../../arm-none-eabi/lib/thumb/v7e-m/nofp/libc.a(lib_a-__atexit.o)
__bss_end__                                       /usr/lib/gcc/arm-none-eabi/12.2.0/../../../../arm-none-eabi/lib/thumb/v7e-m/nofp/crt0.o
__bss_start__                                     /usr/lib/gcc/arm-none-eabi/12.2.0/../../../../arm-none-eabi/lib/thumb/v7e-m/nofp/crt0.o
__call_exitprocs                                  /usr/lib/gcc/arm-none-eabi/12.2.0/../../../../arm-none-eabi/lib/thumb/v7e-m/nofp/libc.a(lib_a-__call_atexit.o)
                                                  /usr/lib/gcc/arm-none-eabi/12.2.0/../../../../arm-none-eabi/lib/thumb/v7e-m/nofp/libc.a(lib_a-exit.o)
__deregister_frame_info                           /usr/lib/gcc/arm-none-eabi/12.2.0/thumb/v7e-m/nofp/crtbegin.o
__dso_handle                                      /usr/lib/gcc/arm-none-eabi/12.2.0/thumb/v7e-m/nofp/crtbegin.o
__fini_array_end                                  /usr/lib/gcc/arm-none-eabi/12.2.0/../../../../arm-none-eabi/lib/thumb/v7e-m/nofp/libc.a(lib_a-fini.o)
__fini_array_start                                /usr/lib/gcc/arm-none-eabi/12.2.0/../../../../arm-none-eabi/lib/thumb/v7e-m/nofp/libc.a(lib_a-fini.o)
__init_array_end                                  /usr/lib/gcc/arm-none-eabi/12.2.0/../../../../arm-none-eabi/lib/thumb/v7e-m/nofp/libc.a(lib_a-init.o)
__init_array_start                                /usr/lib/gcc/arm-none-eabi/12.2.0/../../../../arm-none-eabi/lib/thumb/v7e-m/nofp/libc.a(lib_a-init.o)
__libc_fini                                       /usr/lib/gcc/arm-none-eabi/12.2.0/../../../../arm-none-eabi/lib/thumb/v7e-m/nofp/libc.a(lib_a-__call_atexit.o)
__libc_fini_array                                 /usr/lib/gcc/arm-none-eabi/12.2.0/../../../../arm-none-eabi/lib/thumb/v7e-m/nofp/libc.a(lib_a-fini.o)
                                                  /usr/lib/gcc/arm-none-eabi/12.2.0/../../../../arm-none-eabi/lib/thumb/v7e-m/nofp/libc.a(lib_a-__call_atexit.o)
                                                  /usr/lib/gcc/arm-none-eabi/12.2.0/../../../../arm-none-eabi/lib/thumb/v7e-m/nofp/crt0.o
__libc_init_array                                 /usr/lib/gcc/arm-none-eabi/12.2.0/../../../../arm-none-eabi/lib/thumb/v7e-m/nofp/libc.a(lib_a-init.o)
                                                  ./build/asf/sam/utils/cmsis/sam4s/source/templates/gcc/startup_sam4s.o
                                                  /usr/lib/gcc/arm-none-eabi/12.2.0/../../../../arm-none-eabi/lib/thumb/v7e-m/nofp/crt0.o
__lock___arc4random_mutex                         /usr/lib/gcc/arm-none-eabi/12.2.0/../../../../arm-none-eabi/lib/thumb/v7e-m/nofp/libc.a(lib_a-lock.o)
__lock___at_quick_exit_mutex                      /usr/lib/gcc/arm-none-eabi/12.2.0/../../../../arm-none-eabi/lib/thumb/v7e-m/nofp/libc.a(lib_a-lock.o)
__lock___atexit_recursive_mutex                   /usr/lib/gcc/arm-none-eabi/12.2.0/../../../../arm-none-eabi/lib/thumb/v7e-m/nofp/libc.a(lib_a-lock.o)
                                                  /usr/lib/gcc/arm-none-eabi/12.2.0/../../../../arm-none-eabi/lib/thumb/v7e-m/nofp/libc.a(lib_a-__call_atexit.o)
__lock___dd_hash_mutex                            /usr/lib/gcc/arm-none-eabi/12.2.0/../../../../arm-none-eabi/lib/thumb/v7e-m/nofp/libc.a(lib_a-lock.o)
__lock___env_recursive_mutex                      /usr/lib/gcc/arm-none-eabi/12.2.0/../../../../arm-none-eabi/lib/thumb/v7e-m/nofp/libc.a(lib_a-lock.o)
__lock___malloc_recursive_mutex                   /usr/lib/gcc/arm-none-eabi/12.2.0/../../../../arm-none-eabi/lib/thumb/v7e-m/nofp/libc.a(lib_a-lock.o)
__lock___sfp_recursive_mutex                      /usr/lib/gcc/arm-none-eabi/12.2.0/../../../../arm-none-eabi/lib/thumb/v7e-m/nofp/libc.a(lib_a-lock.o)
__lock___sinit_recursive_mutex                    /usr/lib/gcc/arm-none-eabi/12.2.0/../../../../arm-none-eabi/lib/thumb/v7e-m/nofp/libc.a(lib_a-lock.o)
__lock___tz_mutex                                 /usr/lib/gcc/arm-none-eabi/12.2.0/../../../../arm-none-eabi/lib/thumb/v7e-m/nofp/libc.a(lib_a-lock.o)
__preinit_array_end                               /usr/lib/gcc/arm-none-eabi/12.2.0/../../../../arm-none-eabi/lib/thumb/v7e-m/nofp/libc.a(lib_a-init.o)
__preinit_array_start                             /usr/lib/gcc/arm-none-eabi/12.2.0/../../../../arm-none-eabi/lib/thumb/v7e-m/nofp/libc.a(lib_a-init.o)
__ram_end__                                       ./build/asf/sam/utils/syscalls/gcc/syscalls.o
__register_exitproc                               /usr/lib/gcc/arm-none-eabi/12.2.0/../../../../arm-none-eabi/lib/thumb/v7e-m/nofp/libc.a(lib_a-__atexit.o)
                                                  /usr/lib/gcc/arm-none-eabi/12.2.0/../../../../arm-none-eabi/lib/thumb/v7e-m/nofp/libc.a(lib_a-atexit.o)
__register_frame_info                             /usr/lib/gcc/arm-none-eabi/12.2.0/thumb/v7e-m/nofp/crtbegin.o
__retarget_lock_acquire                           /usr/lib/gcc/arm-none-eabi/12.2.0/../../../../arm-none-eabi/lib/thumb/v7e-m/nofp/libc.a(lib_a-lock.o)
__retarget_lock_acquire_recursive                 /usr/lib/gcc/arm-none-eabi/12.2.0/../../../../arm-none-eabi/lib/thumb/v7e-m/nofp/libc.a(lib_a-lock.o)
                                                  /usr/lib/gcc/arm-none-eabi/12.2.0/../../../../arm-none-eabi/lib/thumb/v7e-m/nofp/libc.a(lib_a-__call_atexit.o)
                                                  /usr/lib/gcc/arm-none-eabi/12.2.0/../../../../arm-none-eabi/lib/thumb/v7e-m/nofp/libc.a(lib_a-__atexit.o)
__retarget_lock_close                             /usr/lib/gcc/arm-none-eabi/12.2.0/../../../../arm-none-eabi/lib/thumb/v7e-m/nofp/libc.a(lib_a-lock.o)
__retarget_lock_close_recursive                   /usr/lib/gcc/arm-none-eabi/12.2.0/../../../../arm-none-eabi/lib/thumb/v7e-m/nofp/libc.a(lib_a-lock.o)
__retarget_lock_init                              /usr/lib/gcc/arm-none-eabi/12.2.0/../../../../arm-none-eabi/lib/thumb/v7e-m/nofp/libc.a(lib_a-lock.o)
__retarget_lock_init_recursive                    /usr/lib/gcc/arm-none-eabi/12.2.0/../../../../arm-none-eabi/lib/thumb/v7e-m/nofp/libc.a(lib_a-lock.o)
__retarget_lock_release                           /usr/lib/gcc/arm-none-eabi/12.2.0/../../../../arm-none-eabi/lib/thumb/v7e-m/nofp/libc.a(lib_a-lock.o)
__retarget_lock_release_recursive                 /usr/lib/gcc/arm-none-eabi/12.2.0/../../../../arm-none-eabi/lib/thumb/v7e-m/nofp/libc.a(lib_a-lock.o)
                                                  /usr/lib/gcc/arm-none-eabi/12.2.0/../../../../arm-none-eabi/lib/thumb/v7e-m/nofp/libc.a(lib_a-__call_atexit.o)
                                                  /usr/lib/gcc/arm-none-eabi/12.2.0/../../../../arm-none-eabi/lib/thumb/v7e-m/nofp/libc.a(lib_a-__atexit.o)
__retarget_lock_try_acquire                       /usr/lib/gcc/arm-none-eabi/12.2.0/../../../../arm-none-eabi/lib/thumb/v7e-m/nofp/libc.a(lib_a-lock.o)
__retarget_lock_try_acquire_recursive             /usr/lib/gcc/arm-none-eabi/12.2.0/../../../../arm-none-eabi/lib/thumb/v7e-m/nofp/libc.a(lib_a-lock.o)
__stack                                           /usr/lib/gcc/arm-none-eabi/12.2.0/../../../../arm-none-eabi/lib/thumb/v7e-m/nofp/crt0.o
_close                                            ./build/asf/sam/utils/syscalls/gcc/syscalls.o
_end                                              ./build/asf/sam/utils/syscalls/gcc/syscalls.o
_erelocate                                        ./build/asf/sam/utils/cmsis/sam4s/source/templates/gcc/startup_sam4s.o
_estack                                           ./build/asf/sam/utils/cmsis/sam4s/source/templates/gcc/startup_sam4s.o
_etext                                            ./build/asf/sam/utils/cmsis/sam4s/source/templates/gcc/startup_sam4s.o
_exit                                             ./build/asf/sam/utils/syscalls/gcc/syscalls.o
                                                  /usr/lib/gcc/arm-none-eabi/12.2.0/../../../../arm-none-eabi/lib/thumb/v7e-m/nofp/libc.a(lib_a-exit.o)
_ezero                                            ./build/asf/sam/utils/cmsis/sam4s/source/templates/gcc/startup_sam4s.o
_fini                                             /usr/lib/gcc/arm-none-eabi/12.2.0/thumb/v7e-m/nofp/crti.o
                                                  /usr/lib/gcc/arm-none-eabi/12.2.0/../../../../arm-none-eabi/lib/thumb/v7e-m/nofp/libc.a(lib_a-fini.o)
_fstat                                            ./build/asf/sam/utils/syscalls/gcc/syscalls.o
_getpid                                           ./build/asf/sam/utils/syscalls/gcc/syscalls.o
_global_impure_ptr                                /usr/lib/gcc/arm-none-eabi/12.2.0/../../../../arm-none-eabi/lib/thumb/v7e-m/nofp/libc.a(lib_a-impure.o)
                                                  /usr/lib/gcc/arm-none-eabi/12.2.0/../../../../arm-none-eabi/lib/thumb/v7e-m/nofp/libc.a(lib_a-__call_atexit.o)
                                                  /usr/lib/gcc/arm-none-eabi/12.2.0/../../../../arm-none-eabi/lib/thumb/v7e-m/nofp/libc.a(lib_a-__atexit.o)
                                                  /usr/lib/gcc/arm-none-eabi/12.2.0/../../../../arm-none-eabi/lib/thumb/v7e-m/nofp/libc.a(lib_a-exit.o)
_impure_ptr                                       /usr/lib/gcc/arm-none-eabi/12.2.0/../../../../arm-none-eabi/lib/thumb/v7e-m/nofp/libc.a(lib_a-impure.o)
_init                                             /usr/lib/gcc/arm-none-eabi/12.2.0/thumb/v7e-m/nofp/crti.o
                                                  /usr/lib/gcc/arm-none-eabi/12.2.0/../../../../arm-none-eabi/lib/thumb/v7e-m/nofp/libc.a(lib_a-init.o)
_isatty                                           ./build/asf/sam/utils/syscalls/gcc/syscalls.o
_kill                                             ./build/asf/sam/utils/syscalls/gcc/syscalls.o
_lseek                                            ./build/asf/sam/utils/syscalls/gcc/syscalls.o
_mainCRTStartup                                   /usr/lib/gcc/arm-none-eabi/12.2.0/../../../../arm-none-eabi/lib/thumb/v7e-m/nofp/crt0.o
_sbrk                                             ./build/asf/sam/utils/syscalls/gcc/syscalls.o
_sfixed                                           ./build/asf/sam/utils/cmsis/sam4s/source/templates/gcc/startup_sam4s.o
_srelocate                                        ./build/asf/sam/utils/cmsis/sam4s/source/templates/gcc/startup_sam4s.o
_stack_init                                       /usr/lib/gcc/arm-none-eabi/12.2.0/../../../../arm-none-eabi/lib/thumb/v7e-m/nofp/crt0.o
_start                                            /usr/lib/gcc/arm-none-eabi/12.2.0/../../../../arm-none-eabi/lib/thumb/v7e-m/nofp/crt0.o
_szero                                            ./build/asf/sam/utils/cmsis/sam4s/source/templates/gcc/startup_sam4s.o
atexit                                            /usr/lib/gcc/arm-none-eabi/12.2.0/../../../../arm-none-eabi/lib/thumb/v7e-m/nofp/libc.a(lib_a-atexit.o)