Archive member included to satisfy reference by file (symbol)

/usr/lib/gcc/arm-none-eabi/12.2.0/../../../../arm-none-eabi/lib/thumb/v7e-m/nofp/libc.a(lib_a-atexit.o)
                              /usr/lib/gcc/arm-none-eabi/12.2.0/../../../../arm-none-eabi/lib/thumb/v7e-m/nofp/crt0.o (atexit)
/usr/lib/gcc/arm-none-eabi/12.2.0/../../../../arm-none-eabi/lib/thumb/v7e-m/nofp/libc.a(lib_a-exit.o)
                              /usr/lib/gcc/arm-none-eabi/12.2.0/../../../../arm-none-eabi/lib/thumb/v7e-m/nofp/crt0.o (exit)
/usr/lib/gcc/arm-none-eabi/12.2.0/../../../../arm-none-eabi/lib/thumb/v7e-m/nofp/libc.a(lib_a-fini.o)
                              /usr/lib/gcc/arm-none-eabi/12.2.0/../../../../arm-none-eabi/lib/thumb/v7e-m/nofp/crt0.o (__libc_fini_array)
/usr/lib/gcc/arm-none-eabi/12.2.0/../../../../arm-none-eabi/lib/thumb/v7e-m/nofp/libc.a(lib_a-impure.o)
                              /usr/lib/gcc/arm-none-eabi/12.2.0/../../../../arm-none-eabi/lib/thumb/v7e-m/nofp/libc.a(lib_a-exit.o) (_global_impure_ptr)
/usr/lib/gcc/arm-none-eabi/12.2.0/../../../../arm-none-eabi/lib/thumb/v7e-m/nofp/libc.a(lib_a-init.o)
                              /usr/lib/gcc/arm-none-eabi/12.2.0/../../../../arm-none-eabi/lib/thumb/v7e-m/nofp/crt0.o (__libc_init_array)
/usr/lib/gcc/arm-none-eabi/12.2.0/../../../../arm-none-eabi/lib/thumb/v7e-m/nofp/libc.a(lib_a-memcpy.o)
                              ./build/asf/thirdparty/FreeRTOS/queue.o (memcpy)
/usr/lib/gcc/arm-none-eabi/12.2.0/../../../../arm-none-eabi/lib/thumb/v7e-m/nofp/libc.a(lib_a-memset.o)
                              /usr/lib/gcc/arm-none-eabi/12.2.0/../../../../arm-none-eabi/lib/thumb/v7e-m/nofp/crt0.o (memset)
/usr/lib/gcc/arm-none-eabi/12.2.0/../../../../arm-none-eabi/lib/thumb/v7e-m/nofp/libc.a(lib_a-__atexit.o)
                              /usr/lib/gcc/arm-none-eabi/12.2.0/../../../../arm-none-eabi/lib/thumb/v7e-m/nofp/libc.a(lib_a-atexit.o) (__register_exitproc)
/usr/lib/gcc/arm-none-eabi/12.2.0/../../../../arm-none-eabi/lib/thumb/v7e-m/nofp/libc.a(lib_a-__call_atexit.o)
                              /usr/lib/gcc/arm-none-eabi/12.2.0/../../../../arm-none-eabi/lib/thumb/v7e-m/nofp/libc.a(lib_a-exit.o) (__call_exitprocs)
/usr/lib/gcc/arm-none-eabi/12.2.0/../../../../arm-none-eabi/lib/thumb/v7e-m/nofp/libc.a(lib_a-lock.o)
                              /usr/lib/gcc/arm-none-eabi/12.2.0/../../../../arm-none-eabi/lib/thumb/v7e-m/nofp/libc.a(lib_a-__atexit.o) (__retarget_lock_acquire_recursive)

Discarded input sections

 .text          0x0000000000000000        0x0 /usr/lib/gcc/arm-none-eabi/12.2.0/thumb/v7e-m/nofp/crti.o
 .data          0x0000000000000000        0x0 /usr/lib/gcc/arm-none-eabi/12.2.0/thumb/v7e-m/nofp/crti.o
 .bss           0x0000000000000000        0x0 /usr/lib/gcc/arm-none-eabi/12.2.0/thumb/v7e-m/nofp/crti.o
 .text          0x0000000000000000        0x0 /usr/lib/gcc/arm-none-eabi/12.2.0/thumb/v7e-m/nofp/crtbegin.o
 .data          0x0000000000000000        0x0 /usr/lib/gcc/arm-none-eabi/12.2.0/thumb/v7e-m/nofp/crtbegin.o
 .bss           0x0000000000000000        0x0 /usr/lib/gcc/arm-none-eabi/12.2.0/thumb/v7e-m/nofp/crtbegin.o
 .rodata.all_implied_fbits
                0x0000000000000000       0x24 /usr/lib/gcc/arm-none-eabi/12.2.0/thumb/v7e-m/nofp/crtbegin.o
 .data.__dso_handle
                0x0000000000000000        0x4 /usr/lib/gcc/arm-none-eabi/12.2.0/thumb/v7e-m/nofp/crtbegin.o
 .text          0x0000000000000000       0x70 /usr/lib/gcc/arm-none-eabi/12.2.0/../../../../arm-none-eabi/lib/thumb/v7e-m/nofp/crt0.o
 .data          0x0000000000000000        0x0 /usr/lib/gcc/arm-none-eabi/12.2.0/../../../../arm-none-eabi/lib/thumb/v7e-m/nofp/crt0.o
 .bss           0x0000000000000000        0x0 /usr/lib/gcc/arm-none-eabi/12.2.0/../../../../arm-none-eabi/lib/thumb/v7e-m/nofp/crt0.o
 .ARM.extab     0x0000000000000000        0x0 /usr/lib/gcc/arm-none-eabi/12.2.0/../../../../arm-none-eabi/lib/thumb/v7e-m/nofp/crt0.o
 .ARM.exidx     0x0000000000000000       0x10 /usr/lib/gcc/arm-none-eabi/12.2.0/../../../../arm-none-eabi/lib/thumb/v7e-m/nofp/crt0.o
 .debug_line_str
                0x0000000000000000       0x84 /usr/lib/gcc/arm-none-eabi/12.2.0/../../../../arm-none-eabi/lib/thumb/v7e-m/nofp/crt0.o
 .ARM.attributes
                0x0000000000000000       0x1c /usr/lib/gcc/arm-none-eabi/12.2.0/../../../../arm-none-eabi/lib/thumb/v7e-m/nofp/crt0.o
 .group         0x0000000000000000        0xc ./build/main.o
 .group         0x0000000000000000        0xc ./build/main.o
 .group         0x0000000000000000        0xc ./build/main.o
 .group         0x0000000000000000        0xc ./build/main.o
 .group         0x0000000000000000        0xc ./build/main.o
 .group         0x0000000000000000        0xc ./build/main.o
 .group         0x0000000000000000        0xc ./build/main.o
 .group         0x0000000000000000        0xc ./build/main.o
 .group         0x0000000000000000        0xc ./build/main.o
 .group         0x0000000000000000        0xc ./build/main.o
[...]
Memory Configuration

Name             Origin             Length             Attributes
rom              0x0000000000400000 0x0000000000200000 xr
ram              0x0000000020000000 0x0000000000028000 xrw
*default*        0x0000000000000000 0xffffffffffffffff

Linker script and memory map

LOAD /usr/lib/gcc/arm-none-eabi/12.2.0/thumb/v7e-m/nofp/crti.o
LOAD /usr/lib/gcc/arm-none-eabi/12.2.0/thumb/v7e-m/nofp/crtbegin.o
LOAD /usr/lib/gcc/arm-none-eabi/12.2.0/../../../../arm-none-eabi/lib/thumb/v7e-m/nofp/crt0.o
                0x0000000000003000                __stack_size__ = DEFINED (__stack_size__)?__stack_size__:0x3000
                0x0000000020027ffc                __ram_end__ = ((ORIGIN (ram) + LENGTH (ram)) - 0x4)

.text           0x0000000000400000     0x2868
                0x0000000000400000                . = ALIGN (0x4)
                0x0000000000400000                _sfixed = .
 *(.vectors .vectors.*)
 .vectors       0x0000000000400000       0xcc ./build/asf/sam/utils/cmsis/sam4s/source/templates/gcc/startup_sam4s.o
                0x0000000000400000                exception_table
 *(.text .text.* .gnu.linkonce.t.*)
 .text.__do_global_dtors_aux
                0x00000000004000cc       0x24 /usr/lib/gcc/arm-none-eabi/12.2.0/thumb/v7e-m/nofp/crtbegin.o
 .text.frame_dummy
                0x00000000004000f0       0x1c /usr/lib/gcc/arm-none-eabi/12.2.0/thumb/v7e-m/nofp/crtbegin.o
 .text.main     0x000000000040010c       0x30 ./build/main.o
                0x000000000040010c                main
 .text.vApplicationMallocFailedHook
                0x000000000040013c       0x12 ./build/main.o
                0x000000000040013c                vApplicationMallocFailedHook
 .text.vApplicationIdleHook
                0x000000000040014e        0x2 ./build/main.o
                0x000000000040014e                vApplicationIdleHook
 .text.vApplicationStackOverflowHook
                0x0000000000400150       0x12 ./build/main.o
                0x0000000000400150                vApplicationStackOverflowHook
 .text.vApplicationTickHook
                0x0000000000400162        0x2 ./build/main.o
                0x0000000000400162                vApplicationTickHook
 .text.prvQueueSendTask
                0x0000000000400164       0x48 ./build/main_blinky.o
 .text.prvQueueReceiveTask
                0x00000000004001ac       0x40 ./build/main_blinky.o
 .text.main_blinky
                0x00000000004001ec       0x58 ./build/main_blinky.o
                0x00000000004001ec                main_blinky
 .text.vParTestSetLED
                0x0000000000400244       0x28 ./build/ParTest.o
                0x0000000000400244                vParTestSetLED
 .text.vParTestInitialise
                0x000000000040026c       0x16 ./build/ParTest.o
                0x000000000040026c                vParTestInitialise
 .text.vParTestToggleLED
                0x0000000000400282       0x16 ./build/ParTest.o
                0x0000000000400282                vParTestToggleLED
 .text.sysclk_init
                0x0000000000400298       0x48 ./build/asf/common/services/clock/sam4s/sysclk.o
                0x0000000000400298                sysclk_init
 .text.board_init
                0x00000000004002e0       0xc8 ./build/asf/sam/boards/sam4s_xplained_pro/init.o
                0x00000000004002e0                board_init
 .text.pio_set_peripheral
                0x00000000004003a8       0x88 ./build/asf/sam/drivers/pio/pio.o
                0x00000000004003a8                pio_set_peripheral
 .text.pio_set_input
                0x0000000000400430       0x32 ./build/asf/sam/drivers/pio/pio.o
                0x0000000000400430                pio_set_input
 .text.pio_set_output
                0x0000000000400462       0x26 ./build/asf/sam/drivers/pio/pio.o
                0x0000000000400462                pio_set_output
 .text.pio_get_interrupt_status
                0x0000000000400488        0x4 ./build/asf/sam/drivers/pio/pio.o
                0x0000000000400488                pio_get_interrupt_status
 .text.pio_get_interrupt_mask
                0x000000000040048c        0x4 ./build/asf/sam/drivers/pio/pio.o
                0x000000000040048c                pio_get_interrupt_mask
 .text.pio_set_pin_high
                0x0000000000400490       0x18 ./build/asf/sam/drivers/pio/pio.o
                0x0000000000400490                pio_set_pin_high
 .text.pio_set_pin_low
                0x00000000004004a8       0x18 ./build/asf/sam/drivers/pio/pio.o
                0x00000000004004a8                pio_set_pin_low
 .text.pio_toggle_pin
                0x00000000004004c0       0x20 ./build/asf/sam/drivers/pio/pio.o
                0x00000000004004c0                pio_toggle_pin
 .text.pio_configure_pin
                0x00000000004004e0      0x114 ./build/asf/sam/drivers/pio/pio.o
                0x00000000004004e0                pio_configure_pin
 .text.pio_configure_pin_group
                0x00000000004005f4       0xce ./build/asf/sam/drivers/pio/pio.o
                0x00000000004005f4                pio_configure_pin_group
 *fill*         0x00000000004006c2        0x2 
 .text.pio_handler_process
                0x00000000004006c4       0x60 ./build/asf/sam/drivers/pio/pio_handler.o
                0x00000000004006c4                pio_handler_process
 .text.PIOA_Handler
                0x0000000000400724       0x10 ./build/asf/sam/drivers/pio/pio_handler.o
                0x0000000000400724                PIOA_Handler
 .text.PIOB_Handler
                0x0000000000400734       0x10 ./build/asf/sam/drivers/pio/pio_handler.o
                0x0000000000400734                PIOB_Handler
 .text.PIOC_Handler
                0x0000000000400744       0x10 ./build/asf/sam/drivers/pio/pio_handler.o
                0x0000000000400744                PIOC_Handler
 .text.pmc_switch_mck_to_pllack
                0x0000000000400754       0x60 ./build/asf/sam/drivers/pmc/pmc.o
                0x0000000000400754                pmc_switch_mck_to_pllack
 .text.pmc_switch_mainck_to_xtal
                0x00000000004007b4       0x54 ./build/asf/sam/drivers/pmc/pmc.o
                0x00000000004007b4                pmc_switch_mainck_to_xtal
 .text.pmc_osc_is_ready_mainck
                0x0000000000400808       0x10 ./build/asf/sam/drivers/pmc/pmc.o
                0x0000000000400808                pmc_osc_is_ready_mainck
 .text.pmc_disable_pllack
                0x0000000000400818       0x10 ./build/asf/sam/drivers/pmc/pmc.o
                0x0000000000400818                pmc_disable_pllack
 .text.pmc_is_locked_pllack
                0x0000000000400828       0x10 ./build/asf/sam/drivers/pmc/pmc.o
                0x0000000000400828                pmc_is_locked_pllack
 .text.pmc_enable_periph_clk
                0x0000000000400838       0x50 ./build/asf/sam/drivers/pmc/pmc.o
                0x0000000000400838                pmc_enable_periph_clk
 .text.wdt_disable
                0x0000000000400888        0x8 ./build/asf/sam/drivers/wdt/wdt.o
                0x0000000000400888                wdt_disable
 .text.Dummy_Handler
                0x0000000000400890        0x2 ./build/asf/sam/utils/cmsis/sam4s/source/templates/gcc/startup_sam4s.o
                0x0000000000400890                DACC_Handler
                0x0000000000400890                DebugMon_Handler
                0x0000000000400890                HardFault_Handler
                0x0000000000400890                TC2_Handler
                0x0000000000400890                SPI_Handler
                0x0000000000400890                TWI1_Handler
                0x0000000000400890                NMI_Handler
                0x0000000000400890                ADC_Handler
                0x0000000000400890                CRCCU_Handler
                0x0000000000400890                USART0_Handler
                0x0000000000400890                RTT_Handler
                0x0000000000400890                EFC1_Handler
                0x0000000000400890                RTC_Handler
                0x0000000000400890                UsageFault_Handler
                0x0000000000400890                WDT_Handler
                0x0000000000400890                TC4_Handler
                0x0000000000400890                TC1_Handler
                0x0000000000400890                HSMCI_Handler
                0x0000000000400890                UART1_Handler
                0x0000000000400890                TC3_Handler
                0x0000000000400890                Dummy_Handler
                0x0000000000400890                TWI0_Handler
                0x0000000000400890                USART1_Handler
                0x0000000000400890                SSC_Handler
                0x0000000000400890                EFC0_Handler
                0x0000000000400890                ACC_Handler
                0x0000000000400890                PMC_Handler
                0x0000000000400890                PWM_Handler
                0x0000000000400890                MemManage_Handler
                0x0000000000400890                SUPC_Handler
                0x0000000000400890                UART0_Handler
                0x0000000000400890                UDP_Handler
                0x0000000000400890                BusFault_Handler
                0x0000000000400890                RSTC_Handler
                0x0000000000400890                TC0_Handler
                0x0000000000400890                TC5_Handler
 *fill*         0x0000000000400892        0x2 
 .text.Reset_Handler
                0x0000000000400894       0xac ./build/asf/sam/utils/cmsis/sam4s/source/templates/gcc/startup_sam4s.o
                0x0000000000400894                Reset_Handler
 .text.SystemCoreClockUpdate
                0x0000000000400940      0x110 ./build/asf/sam/utils/cmsis/sam4s/source/templates/system_sam4s.o
                0x0000000000400940                SystemCoreClockUpdate
 .text.system_init_flash
                0x0000000000400a50       0x94 ./build/asf/sam/utils/cmsis/sam4s/source/templates/system_sam4s.o
                0x0000000000400a50                system_init_flash
 .text.vListInitialise
                0x0000000000400ae4       0x16 ./build/asf/thirdparty/FreeRTOS/list.o
                0x0000000000400ae4                vListInitialise
 .text.vListInitialiseItem
                0x0000000000400afa        0x6 ./build/asf/thirdparty/FreeRTOS/list.o
                0x0000000000400afa                vListInitialiseItem
 .text.vListInsert
                0x0000000000400b00       0x32 ./build/asf/thirdparty/FreeRTOS/list.o
                0x0000000000400b00                vListInsert
 .text.uxListRemove
                0x0000000000400b32       0x24 ./build/asf/thirdparty/FreeRTOS/list.o
                0x0000000000400b32                uxListRemove
 .text.prvIsQueueEmpty
                0x0000000000400b56       0x16 ./build/asf/thirdparty/FreeRTOS/queue.o
 .text.prvCopyDataToQueue
                0x0000000000400b6c       0x76 ./build/asf/thirdparty/FreeRTOS/queue.o
 .text.prvCopyDataFromQueue
                0x0000000000400be2       0x24 ./build/asf/thirdparty/FreeRTOS/queue.o
 .text.prvNotifyQueueSetContainer
                0x0000000000400c06       0x9a ./build/asf/thirdparty/FreeRTOS/queue.o
 .text.prvUnlockQueue
                0x0000000000400ca0       0x8a ./build/asf/thirdparty/FreeRTOS/queue.o
 .text.xQueueGenericReset
                0x0000000000400d2a       0xa2 ./build/asf/thirdparty/FreeRTOS/queue.o
                0x0000000000400d2a                xQueueGenericReset
 .text.xQueueGenericCreate
                0x0000000000400dcc       0x54 ./build/asf/thirdparty/FreeRTOS/queue.o
                0x0000000000400dcc                xQueueGenericCreate
 .text.xQueueGenericSend
                0x0000000000400e20      0x1dc ./build/asf/thirdparty/FreeRTOS/queue.o
                0x0000000000400e20                xQueueGenericSend
 .text.xQueueReceive
                0x0000000000400ffc      0x160 ./build/asf/thirdparty/FreeRTOS/queue.o
                0x0000000000400ffc                xQueueReceive
 .text.vQueueWaitForMessageRestricted
                0x000000000040115c       0x4e ./build/asf/thirdparty/FreeRTOS/queue.o
                0x000000000040115c                vQueueWaitForMessageRestricted
 *fill*         0x00000000004011aa        0x2 
 .text.prvResetNextTaskUnblockTime
                0x00000000004011ac       0x28 ./build/asf/thirdparty/FreeRTOS/tasks.o
 .text.prvAddCurrentTaskToDelayedList
                0x00000000004011d4       0xb0 ./build/asf/thirdparty/FreeRTOS/tasks.o
 .text.prvIdleTask
                0x0000000000401284       0x70 ./build/asf/thirdparty/FreeRTOS/tasks.o
 .text.xTaskCreate
                0x00000000004012f4      0x1e8 ./build/asf/thirdparty/FreeRTOS/tasks.o
                0x00000000004012f4                xTaskCreate
 .text.vTaskStartScheduler
                0x00000000004014dc       0x8c ./build/asf/thirdparty/FreeRTOS/tasks.o
                0x00000000004014dc                vTaskStartScheduler
 .text.vTaskSuspendAll
                0x0000000000401568       0x10 ./build/asf/thirdparty/FreeRTOS/tasks.o
                0x0000000000401568                vTaskSuspendAll
 .text.xTaskGetTickCount
                0x0000000000401578        0xc ./build/asf/thirdparty/FreeRTOS/tasks.o
                0x0000000000401578                xTaskGetTickCount
 .text.uxTaskGetNumberOfTasks
                0x0000000000401584        0xc ./build/asf/thirdparty/FreeRTOS/tasks.o
                0x0000000000401584                uxTaskGetNumberOfTasks
 .text.xTaskIncrementTick
                0x0000000000401590      0x1d8 ./build/asf/thirdparty/FreeRTOS/tasks.o
                0x0000000000401590                xTaskIncrementTick
 .text.xTaskResumeAll
                0x0000000000401768      0x18c ./build/asf/thirdparty/FreeRTOS/tasks.o
                0x0000000000401768                xTaskResumeAll
 .text.xTaskDelayUntil
                0x00000000004018f4       0xac ./build/asf/thirdparty/FreeRTOS/tasks.o
                0x00000000004018f4                xTaskDelayUntil
 .text.vTaskSwitchContext
                0x00000000004019a0       0xc8 ./build/asf/thirdparty/FreeRTOS/tasks.o
                0x00000000004019a0                vTaskSwitchContext
 .text.vTaskPlaceOnEventList
                0x0000000000401a68       0x30 ./build/asf/thirdparty/FreeRTOS/tasks.o
                0x0000000000401a68                vTaskPlaceOnEventList
 .text.vTaskPlaceOnEventListRestricted
                0x0000000000401a98       0x54 ./build/asf/thirdparty/FreeRTOS/tasks.o
                0x0000000000401a98                vTaskPlaceOnEventListRestricted
 .text.xTaskRemoveFromEventList
                0x0000000000401aec       0xec ./build/asf/thirdparty/FreeRTOS/tasks.o
                0x0000000000401aec                xTaskRemoveFromEventList
 .text.vTaskInternalSetTimeOutState
                0x0000000000401bd8       0x18 ./build/asf/thirdparty/FreeRTOS/tasks.o
                0x0000000000401bd8                vTaskInternalSetTimeOutState
 .text.xTaskCheckForTimeOut
                0x0000000000401bf0       0x88 ./build/asf/thirdparty/FreeRTOS/tasks.o
                0x0000000000401bf0                xTaskCheckForTimeOut
 .text.vTaskMissedYield
                0x0000000000401c78        0xc ./build/asf/thirdparty/FreeRTOS/tasks.o
                0x0000000000401c78                vTaskMissedYield
 .text.xTaskGetSchedulerState
                0x0000000000401c84       0x20 ./build/asf/thirdparty/FreeRTOS/tasks.o
                0x0000000000401c84                xTaskGetSchedulerState
 .text.xTaskPriorityDisinherit
                0x0000000000401ca4       0xbc ./build/asf/thirdparty/FreeRTOS/tasks.o
                0x0000000000401ca4                xTaskPriorityDisinherit
 .text.prvInsertTimerInActiveList
                0x0000000000401d60       0x48 ./build/asf/thirdparty/FreeRTOS/timers.o
 .text.prvReloadTimer
                0x0000000000401da8       0x28 ./build/asf/thirdparty/FreeRTOS/timers.o
 .text.prvProcessExpiredTimer
                0x0000000000401dd0       0x40 ./build/asf/thirdparty/FreeRTOS/timers.o
 .text.prvSampleTimeNow
                0x0000000000401e10       0x58 ./build/asf/thirdparty/FreeRTOS/timers.o
 .text.prvTimerTask
                0x0000000000401e68      0x188 ./build/asf/thirdparty/FreeRTOS/timers.o
 .text.prvCheckForValidListAndQueue
                0x0000000000401ff0       0x50 ./build/asf/thirdparty/FreeRTOS/timers.o
 .text.xTimerCreateTimerTask
                0x0000000000402040       0x50 ./build/asf/thirdparty/FreeRTOS/timers.o
                0x0000000000402040                xTimerCreateTimerTask
 .text.prvTaskExitError
                0x0000000000402090       0x40 ./build/asf/thirdparty/FreeRTOS/portable/GCC/ARM_CM3/port.o
 .text.prvPortStartFirstTask
                0x00000000004020d0       0x20 ./build/asf/thirdparty/FreeRTOS/portable/GCC/ARM_CM3/port.o
 .text.pxPortInitialiseStack
                0x00000000004020f0       0x24 ./build/asf/thirdparty/FreeRTOS/portable/GCC/ARM_CM3/port.o
                0x00000000004020f0                pxPortInitialiseStack
 *fill*         0x0000000000402114        0xc 
 .text.SVC_Handler
                0x0000000000402120       0x24 ./build/asf/thirdparty/FreeRTOS/portable/GCC/ARM_CM3/port.o
                0x0000000000402120                SVC_Handler
 .text.vPortEnterCritical
                0x0000000000402144       0x44 ./build/asf/thirdparty/FreeRTOS/portable/GCC/ARM_CM3/port.o
                0x0000000000402144                vPortEnterCritical
 .text.vPortExitCritical
                0x0000000000402188       0x2c ./build/asf/thirdparty/FreeRTOS/portable/GCC/ARM_CM3/port.o
                0x0000000000402188                vPortExitCritical
 *fill*         0x00000000004021b4        0xc 
 .text.PendSV_Handler
                0x00000000004021c0       0x44 ./build/asf/thirdparty/FreeRTOS/portable/GCC/ARM_CM3/port.o
                0x00000000004021c0                PendSV_Handler
 .text.SysTick_Handler
                0x0000000000402204       0x2c ./build/asf/thirdparty/FreeRTOS/portable/GCC/ARM_CM3/port.o
                0x0000000000402204                SysTick_Handler
 .text.vPortSetupTimerInterrupt
                0x0000000000402230       0x28 ./build/asf/thirdparty/FreeRTOS/portable/GCC/ARM_CM3/port.o
                0x0000000000402230                vPortSetupTimerInterrupt
 .text.xPortStartScheduler
                0x0000000000402258       0xc8 ./build/asf/thirdparty/FreeRTOS/portable/GCC/ARM_CM3/port.o
                0x0000000000402258                xPortStartScheduler
 .text.prvInsertBlockIntoFreeList
                0x0000000000402320       0x5c ./build/asf/thirdparty/FreeRTOS/portable/MemMang/heap_4.o
 .text.pvPortMalloc
                0x000000000040237c      0x144 ./build/asf/thirdparty/FreeRTOS/portable/MemMang/heap_4.o
                0x000000000040237c                pvPortMalloc
 .text.vPortFree
                0x00000000004024c0       0x70 ./build/asf/thirdparty/FreeRTOS/portable/MemMang/heap_4.o
                0x00000000004024c0                vPortFree
 .text.atexit   0x0000000000402530        0xc /usr/lib/gcc/arm-none-eabi/12.2.0/../../../../arm-none-eabi/lib/thumb/v7e-m/nofp/libc.a(lib_a-atexit.o)
                0x0000000000402530                atexit
 .text.__libc_fini_array
                0x000000000040253c       0x2c /usr/lib/gcc/arm-none-eabi/12.2.0/../../../../arm-none-eabi/lib/thumb/v7e-m/nofp/libc.a(lib_a-fini.o)
                0x000000000040253c                __libc_fini_array
 .text.__libc_init_array
                0x0000000000402568       0x48 /usr/lib/gcc/arm-none-eabi/12.2.0/../../../../arm-none-eabi/lib/thumb/v7e-m/nofp/libc.a(lib_a-init.o)
                0x0000000000402568                __libc_init_array
 .text          0x00000000004025b0      0x134 /usr/lib/gcc/arm-none-eabi/12.2.0/../../../../arm-none-eabi/lib/thumb/v7e-m/nofp/libc.a(lib_a-memcpy.o)
                0x00000000004025b0                memcpy
 .text.memset   0x00000000004026e4       0xa4 /usr/lib/gcc/arm-none-eabi/12.2.0/../../../../arm-none-eabi/lib/thumb/v7e-m/nofp/libc.a(lib_a-memset.o)
                0x00000000004026e4                memset
 .text.__register_exitproc
                0x0000000000402788       0x84 /usr/lib/gcc/arm-none-eabi/12.2.0/../../../../arm-none-eabi/lib/thumb/v7e-m/nofp/libc.a(lib_a-__atexit.o)
                0x0000000000402788                __register_exitproc
 .text.startup.register_fini
                0x000000000040280c       0x14 /usr/lib/gcc/arm-none-eabi/12.2.0/../../../../arm-none-eabi/lib/thumb/v7e-m/nofp/libc.a(lib_a-__call_atexit.o)
 .text.__retarget_lock_acquire_recursive
                0x0000000000402820        0x4 /usr/lib/gcc/arm-none-eabi/12.2.0/../../../../arm-none-eabi/lib/thumb/v7e-m/nofp/libc.a(lib_a-lock.o)
                0x0000000000402820                __retarget_lock_acquire_recursive
 .text.__retarget_lock_release_recursive
                0x0000000000402824        0x4 /usr/lib/gcc/arm-none-eabi/12.2.0/../../../../arm-none-eabi/lib/thumb/v7e-m/nofp/libc.a(lib_a-lock.o)
                0x0000000000402824                __retarget_lock_release_recursive
 *(.glue_7t)
 .glue_7t       0x0000000000402828        0x0 linker stubs
 *(.glue_7)
 .glue_7        0x0000000000402828        0x0 linker stubs
 *(.rodata .rodata* .gnu.linkonce.r.*)
 .rodata.main_blinky.str1.4
                0x0000000000402828        0x7 ./build/main_blinky.o
 *fill*         0x000000000040282f        0x1 
 .rodata.vTaskStartScheduler.str1.4
                0x0000000000402830        0x5 ./build/asf/thirdparty/FreeRTOS/tasks.o
 *fill*         0x0000000000402835        0x3 
 .rodata.xTimerCreateTimerTask.str1.4
                0x0000000000402838        0x8 ./build/asf/thirdparty/FreeRTOS/timers.o
 .rodata._global_impure_ptr
                0x0000000000402840        0x4 /usr/lib/gcc/arm-none-eabi/12.2.0/../../../../arm-none-eabi/lib/thumb/v7e-m/nofp/libc.a(lib_a-impure.o)
                0x0000000000402840                _global_impure_ptr
 *(.ARM.extab* .gnu.linkonce.armextab.*)
                0x0000000000402844                . = ALIGN (0x4)
 *(.init)
 .init          0x0000000000402844        0x4 /usr/lib/gcc/arm-none-eabi/12.2.0/thumb/v7e-m/nofp/crti.o
                0x0000000000402844                _init
 .init          0x0000000000402848        0x8 /usr/lib/gcc/arm-none-eabi/12.2.0/thumb/v7e-m/nofp/crtn.o
                0x0000000000402850                . = ALIGN (0x4)
                0x0000000000402850                __preinit_array_start = .
 *(.preinit_array)
                0x0000000000402850                __preinit_array_end = .
                0x0000000000402850                . = ALIGN (0x4)
                0x0000000000402850                __init_array_start = .
 *(SORT_BY_NAME(.init_array.*))
 .init_array.00000
                0x0000000000402850        0x4 /usr/lib/gcc/arm-none-eabi/12.2.0/../../../../arm-none-eabi/lib/thumb/v7e-m/nofp/libc.a(lib_a-__call_atexit.o)
 *(.init_array)
 .init_array    0x0000000000402854        0x4 /usr/lib/gcc/arm-none-eabi/12.2.0/thumb/v7e-m/nofp/crtbegin.o
                0x0000000000402858                __init_array_end = .
                0x0000000000402858                . = ALIGN (0x4)
 *crtbegin.o(.ctors)
 *(EXCLUDE_FILE(*crtend.o) .ctors)
 *(SORT_BY_NAME(.ctors.*))
 *crtend.o(.ctors)
                0x0000000000402858                . = ALIGN (0x4)
 *(.fini)
 .fini          0x0000000000402858        0x4 /usr/lib/gcc/arm-none-eabi/12.2.0/thumb/v7e-m/nofp/crti.o
                0x0000000000402858                _fini
 .fini          0x000000000040285c        0x8 /usr/lib/gcc/arm-none-eabi/12.2.0/thumb/v7e-m/nofp/crtn.o
                0x0000000000402864                . = ALIGN (0x4)
                0x0000000000402864                __fini_array_start = .
 *(.fini_array)
 .fini_array    0x0000000000402864        0x4 /usr/lib/gcc/arm-none-eabi/12.2.0/thumb/v7e-m/nofp/crtbegin.o
 *(SORT_BY_NAME(.fini_array.*))
                0x0000000000402868                __fini_array_end = .
 *crtbegin.o(.dtors)
 *(EXCLUDE_FILE(*crtend.o) .dtors)
 *(SORT_BY_NAME(.dtors.*))
 *crtend.o(.dtors)
                0x0000000000402868                . = ALIGN (0x4)
                0x0000000000402868                _efixed = .
                [!provide]                        PROVIDE (__exidx_start = .)

.vfp11_veneer   0x0000000000402868        0x0
 .vfp11_veneer  0x0000000000402868        0x0 linker stubs

.v4_bx          0x0000000000402868        0x0
 .v4_bx         0x0000000000402868        0x0 linker stubs

.iplt           0x0000000000402868        0x0
 .iplt          0x0000000000402868        0x0 /usr/lib/gcc/arm-none-eabi/12.2.0/thumb/v7e-m/nofp/crtbegin.o

.igot.plt       0x0000000000402868        0x0
 .igot.plt      0x0000000000402868        0x0 /usr/lib/gcc/arm-none-eabi/12.2.0/thumb/v7e-m/nofp/crtbegin.o

.eh_frame       0x0000000000402868        0x0
 .eh_frame      0x0000000000402868        0x0 /usr/lib/gcc/arm-none-eabi/12.2.0/thumb/v7e-m/nofp/crtbegin.o

.rel.dyn        0x0000000000402868        0x0
 .rel.iplt      0x0000000000402868        0x0 /usr/lib/gcc/arm-none-eabi/12.2.0/thumb/v7e-m/nofp/crtbegin.o

.ARM.exidx
 *(.ARM.exidx* .gnu.linkonce.armexidx.*)
                [!provide]                        PROVIDE (__exidx_end = .)
                0x0000000000402868                . = ALIGN (0x4)
                0x0000000000402868                _etext = .

.relocate       0x0000000020000000      0x43c load address 0x0000000000402868
                0x0000000020000000                . = ALIGN (0x4)
                0x0000000020000000                _srelocate = .
 *(.ramfunc .ramfunc.*)
 *(.data .data.*)
 .data.SystemCoreClock
                0x0000000020000000        0x4 ./build/asf/sam/utils/cmsis/sam4s/source/templates/system_sam4s.o
                0x0000000020000000                SystemCoreClock
 .data.uxTopUsedPriority
                0x0000000020000004        0x4 ./build/asf/thirdparty/FreeRTOS/tasks.o
                0x0000000020000004                uxTopUsedPriority
 .data.uxCriticalNesting
                0x0000000020000008        0x4 ./build/asf/thirdparty/FreeRTOS/portable/GCC/ARM_CM3/port.o
 *fill*         0x000000002000000c        0x4 
 .data.impure_data
                0x0000000020000010      0x428 /usr/lib/gcc/arm-none-eabi/12.2.0/../../../../arm-none-eabi/lib/thumb/v7e-m/nofp/libc.a(lib_a-impure.o)
 .data.__atexit_recursive_mutex
                0x0000000020000438        0x4 /usr/lib/gcc/arm-none-eabi/12.2.0/../../../../arm-none-eabi/lib/thumb/v7e-m/nofp/libc.a(lib_a-__call_atexit.o)
                0x0000000020000438                __atexit_recursive_mutex
                0x000000002000043c                . = ALIGN (0x4)
                0x000000002000043c                _erelocate = .

.bss            0x000000002000043c     0xa200 load address 0x0000000000402ca4
                0x000000002000043c                . = ALIGN (0x4)
                0x000000002000043c                _sbss = .
                0x000000002000043c                _szero = .
 *(.bss .bss.*)
 .bss.completed.1
                0x000000002000043c        0x1 /usr/lib/gcc/arm-none-eabi/12.2.0/thumb/v7e-m/nofp/crtbegin.o
 *fill*         0x000000002000043d        0x3 
 .bss.object.0  0x0000000020000440       0x18 /usr/lib/gcc/arm-none-eabi/12.2.0/thumb/v7e-m/nofp/crtbegin.o
 .bss.xQueue    0x0000000020000458        0x4 ./build/main_blinky.o
 .bss.pio_capture_enable_flag
                0x000000002000045c        0x4 ./build/asf/sam/drivers/pio/pio.o
                0x000000002000045c                pio_capture_enable_flag
 .bss.pio_capture_handler
                0x0000000020000460        0x4 ./build/asf/sam/drivers/pio/pio_handler.o
 .bss.gs_interrupt_sources
                0x0000000020000464       0x70 ./build/asf/sam/drivers/pio/pio_handler.o
 .bss.uxSchedulerSuspended
                0x00000000200004d4        0x4 ./build/asf/thirdparty/FreeRTOS/tasks.o
 .bss.xIdleTaskHandle
                0x00000000200004d8        0x4 ./build/asf/thirdparty/FreeRTOS/tasks.o
 .bss.xNextTaskUnblockTime
                0x00000000200004dc        0x4 ./build/asf/thirdparty/FreeRTOS/tasks.o
 .bss.uxTaskNumber
                0x00000000200004e0        0x4 ./build/asf/thirdparty/FreeRTOS/tasks.o
 .bss.xNumOfOverflows
                0x00000000200004e4        0x4 ./build/asf/thirdparty/FreeRTOS/tasks.o
 .bss.xYieldPending
                0x00000000200004e8        0x4 ./build/asf/thirdparty/FreeRTOS/tasks.o
 .bss.xPendedTicks
                0x00000000200004ec        0x4 ./build/asf/thirdparty/FreeRTOS/tasks.o
 .bss.xSchedulerRunning
                0x00000000200004f0        0x4 ./build/asf/thirdparty/FreeRTOS/tasks.o
 .bss.uxTopReadyPriority
                0x00000000200004f4        0x4 ./build/asf/thirdparty/FreeRTOS/tasks.o
 .bss.xTickCount
                0x00000000200004f8        0x4 ./build/asf/thirdparty/FreeRTOS/tasks.o
 .bss.uxCurrentNumberOfTasks
                0x00000000200004fc        0x4 ./build/asf/thirdparty/FreeRTOS/tasks.o
 .bss.xSuspendedTaskList
                0x0000000020000500       0x14 ./build/asf/thirdparty/FreeRTOS/tasks.o
 .bss.uxDeletedTasksWaitingCleanUp
                0x0000000020000514        0x4 ./build/asf/thirdparty/FreeRTOS/tasks.o
 .bss.xTasksWaitingTermination
                0x0000000020000518       0x14 ./build/asf/thirdparty/FreeRTOS/tasks.o
 .bss.xPendingReadyList
                0x000000002000052c       0x14 ./build/asf/thirdparty/FreeRTOS/tasks.o
 .bss.pxOverflowDelayedTaskList
                0x0000000020000540        0x4 ./build/asf/thirdparty/FreeRTOS/tasks.o
 .bss.pxDelayedTaskList
                0x0000000020000544        0x4 ./build/asf/thirdparty/FreeRTOS/tasks.o
 .bss.xDelayedTaskList2
                0x0000000020000548       0x14 ./build/asf/thirdparty/FreeRTOS/tasks.o
 .bss.xDelayedTaskList1
                0x000000002000055c       0x14 ./build/asf/thirdparty/FreeRTOS/tasks.o
 .bss.pxReadyTasksLists
                0x0000000020000570       0x64 ./build/asf/thirdparty/FreeRTOS/tasks.o
 .bss.pxCurrentTCB
                0x00000000200005d4        0x4 ./build/asf/thirdparty/FreeRTOS/tasks.o
                0x00000000200005d4                pxCurrentTCB
 .bss.xLastTime.0
                0x00000000200005d8        0x4 ./build/asf/thirdparty/FreeRTOS/timers.o
 .bss.xTimerTaskHandle
                0x00000000200005dc        0x4 ./build/asf/thirdparty/FreeRTOS/timers.o
 .bss.xTimerQueue
                0x00000000200005e0        0x4 ./build/asf/thirdparty/FreeRTOS/timers.o
 .bss.pxOverflowTimerList
                0x00000000200005e4        0x4 ./build/asf/thirdparty/FreeRTOS/timers.o
 .bss.pxCurrentTimerList
                0x00000000200005e8        0x4 ./build/asf/thirdparty/FreeRTOS/timers.o
 .bss.xActiveTimerList2
                0x00000000200005ec       0x14 ./build/asf/thirdparty/FreeRTOS/timers.o
 .bss.xActiveTimerList1
                0x0000000020000600       0x14 ./build/asf/thirdparty/FreeRTOS/timers.o
 .bss.ulMaxPRIGROUPValue
                0x0000000020000614        0x4 ./build/asf/thirdparty/FreeRTOS/portable/GCC/ARM_CM3/port.o
 .bss.ucMaxSysCallPriority
                0x0000000020000618        0x1 ./build/asf/thirdparty/FreeRTOS/portable/GCC/ARM_CM3/port.o
 *fill*         0x0000000020000619        0x3 
 .bss.xNumberOfSuccessfulFrees
                0x000000002000061c        0x4 ./build/asf/thirdparty/FreeRTOS/portable/MemMang/heap_4.o
 .bss.xNumberOfSuccessfulAllocations
                0x0000000020000620        0x4 ./build/asf/thirdparty/FreeRTOS/portable/MemMang/heap_4.o
 .bss.xMinimumEverFreeBytesRemaining
                0x0000000020000624        0x4 ./build/asf/thirdparty/FreeRTOS/portable/MemMang/heap_4.o
 .bss.xFreeBytesRemaining
                0x0000000020000628        0x4 ./build/asf/thirdparty/FreeRTOS/portable/MemMang/heap_4.o
 .bss.pxEnd     0x000000002000062c        0x4 ./build/asf/thirdparty/FreeRTOS/portable/MemMang/heap_4.o
 .bss.xStart    0x0000000020000630        0x8 ./build/asf/thirdparty/FreeRTOS/portable/MemMang/heap_4.o
 .bss.ucHeap    0x0000000020000638     0xa000 ./build/asf/thirdparty/FreeRTOS/portable/MemMang/heap_4.o
 .bss.__lock___atexit_recursive_mutex
                0x000000002000a638        0x1 /usr/lib/gcc/arm-none-eabi/12.2.0/../../../../arm-none-eabi/lib/thumb/v7e-m/nofp/libc.a(lib_a-lock.o)
                0x000000002000a638                __lock___atexit_recursive_mutex
 *(COMMON)
                0x000000002000a63c                . = ALIGN (0x4)
 *fill*         0x000000002000a639        0x3 
                0x000000002000a63c                _ebss = .
                0x000000002000a63c                _ezero = .

.stack          0x000000002000a63c     0x3004 load address 0x000000000040cea4
                0x000000002000a640                . = ALIGN (0x8)
 *fill*         0x000000002000a63c        0x4 
                0x000000002000a640                _sstack = .
                0x000000002000d640                . = (. + __stack_size__)
 *fill*         0x000000002000a640     0x3000 
                0x000000002000d640                . = ALIGN (0x8)
                0x000000002000d640                _estack = .
                0x000000002000d640                . = ALIGN (0x4)
                0x000000002000d640                _end = .
LOAD ./build/main.o
LOAD ./build/main_blinky.o
LOAD ./build/main_full.o
LOAD ./build/ParTest.o
LOAD ./build/asf/common/services/clock/sam4s/sysclk.o
LOAD ./build/asf/common/services/delay/sam/cycle_counter.o
LOAD ./build/asf/sam/boards/sam4s_xplained_pro/init.o
LOAD ./build/asf/sam/drivers/pio/pio.o
LOAD ./build/asf/sam/drivers/pio/pio_handler.o
LOAD ./build/asf/sam/drivers/pmc/pmc.o
LOAD ./build/asf/sam/drivers/pmc/sleep.o
LOAD ./build/asf/sam/drivers/wdt/wdt.o
LOAD ./build/asf/sam/drivers/tc/tc.o
LOAD ./build/asf/sam/utils/cmsis/sam4s/source/templates/gcc/startup_sam4s.o
LOAD ./build/asf/sam/utils/cmsis/sam4s/source/templates/system_sam4s.o
LOAD ./build/asf/sam/utils/syscalls/gcc/syscalls.o
LOAD ./build/asf/thirdparty/FreeRTOS/event_groups.o
LOAD ./build/asf/thirdparty/FreeRTOS/list.o
LOAD ./build/asf/thirdparty/FreeRTOS/queue.o
LOAD ./build/asf/thirdparty/FreeRTOS/tasks.o
LOAD ./build/asf/thirdparty/FreeRTOS/timers.o
LOAD ./build/asf/thirdparty/FreeRTOS/portable/GCC/ARM_CM3/port.o
LOAD ./build/asf/thirdparty/FreeRTOS/portable/MemMang/heap_4.o
LOAD .//asf/thirdparty/CMSIS/Lib/GCC/libarm_cortexM4l_math.a
LOAD /usr/lib/gcc/arm-none-eabi/12.2.0/../../../../arm-none-eabi/lib/thumb/v7e-m/nofp/libstdc++.a
LOAD /usr/lib/gcc/arm-none-eabi/12.2.0/../../../../arm-none-eabi/lib/thumb/v7e-m/nofp/libm.a
LOAD /usr/lib/gcc/arm-none-eabi/12.2.0/../../../../arm-none-eabi/lib/thumb/v7e-m/nofp/libc.a
START GROUP
LOAD /usr/lib/gcc/arm-none-eabi/12.2.0/thumb/v7e-m/nofp/libgcc.a
LOAD /usr/lib/gcc/arm-none-eabi/12.2.0/../../../../arm-none-eabi/lib/thumb/v7e-m/nofp/libc.a
END GROUP
LOAD /usr/lib/gcc/arm-none-eabi/12.2.0/thumb/v7e-m/nofp/crtend.o
LOAD /usr/lib/gcc/arm-none-eabi/12.2.0/thumb/v7e-m/nofp/crtn.o
OUTPUT(free_rtos_demo.elf elf32-littlearm)
LOAD linker stubs

.ARM.attributes
                0x0000000000000000       0x2a
 .ARM.attributes
                0x0000000000000000       0x1e /usr/lib/gcc/arm-none-eabi/12.2.0/thumb/v7e-m/nofp/crti.o
 .ARM.attributes
                0x000000000000001e       0x2e /usr/lib/gcc/arm-none-eabi/12.2.0/thumb/v7e-m/nofp/crtbegin.o
 .ARM.attributes
                0x000000000000004c       0x2e ./build/main.o
 .ARM.attributes
                0x000000000000007a       0x2e ./build/main_blinky.o
 .ARM.attributes
                0x00000000000000a8       0x2e ./build/ParTest.o
 .ARM.attributes
                0x00000000000000d6       0x2e ./build/asf/common/services/clock/sam4s/sysclk.o
 .ARM.attributes
                0x0000000000000104       0x2e ./build/asf/sam/boards/sam4s_xplained_pro/init.o
 .ARM.attributes
                0x0000000000000132       0x2e ./build/asf/sam/drivers/pio/pio.o
 .ARM.attributes
                0x0000000000000160       0x2e ./build/asf/sam/drivers/pio/pio_handler.o
 .ARM.attributes
                0x000000000000018e       0x2e ./build/asf/sam/drivers/pmc/pmc.o
 .ARM.attributes
                0x00000000000001bc       0x2e ./build/asf/sam/drivers/wdt/wdt.o
 .ARM.attributes
                0x00000000000001ea       0x2e ./build/asf/sam/utils/cmsis/sam4s/source/templates/gcc/startup_sam4s.o
 .ARM.attributes
                0x0000000000000218       0x2e ./build/asf/sam/utils/cmsis/sam4s/source/templates/system_sam4s.o
 .ARM.attributes
                0x0000000000000246       0x2e ./build/asf/thirdparty/FreeRTOS/list.o
 .ARM.attributes
                0x0000000000000274       0x2e ./build/asf/thirdparty/FreeRTOS/queue.o
 .ARM.attributes
                0x00000000000002a2       0x2e ./build/asf/thirdparty/FreeRTOS/tasks.o
 .ARM.attributes
                0x00000000000002d0       0x2e ./build/asf/thirdparty/FreeRTOS/timers.o
 .ARM.attributes
                0x00000000000002fe       0x2e ./build/asf/thirdparty/FreeRTOS/portable/GCC/ARM_CM3/port.o
 .ARM.attributes
                0x000000000000032c       0x2e ./build/asf/thirdparty/FreeRTOS/portable/MemMang/heap_4.o
 .ARM.attributes
                0x000000000000035a       0x2e /usr/lib/gcc/arm-none-eabi/12.2.0/../../../../arm-none-eabi/lib/thumb/v7e-m/nofp/libc.a(lib_a-atexit.o)
 .ARM.attributes
                0x0000000000000388       0x2e /usr/lib/gcc/arm-none-eabi/12.2.0/../../../../arm-none-eabi/lib/thumb/v7e-m/nofp/libc.a(lib_a-fini.o)
 .ARM.attributes
                0x00000000000003b6       0x2e /usr/lib/gcc/arm-none-eabi/12.2.0/../../../../arm-none-eabi/lib/thumb/v7e-m/nofp/libc.a(lib_a-impure.o)
 .ARM.attributes
                0x00000000000003e4       0x2e /usr/lib/gcc/arm-none-eabi/12.2.0/../../../../arm-none-eabi/lib/thumb/v7e-m/nofp/libc.a(lib_a-init.o)
 .ARM.attributes
                0x0000000000000412       0x1c /usr/lib/gcc/arm-none-eabi/12.2.0/../../../../arm-none-eabi/lib/thumb/v7e-m/nofp/libc.a(lib_a-memcpy.o)
 .ARM.attributes
                0x000000000000042e       0x2e /usr/lib/gcc/arm-none-eabi/12.2.0/../../../../arm-none-eabi/lib/thumb/v7e-m/nofp/libc.a(lib_a-memset.o)
 .ARM.attributes
                0x000000000000045c       0x2e /usr/lib/gcc/arm-none-eabi/12.2.0/../../../../arm-none-eabi/lib/thumb/v7e-m/nofp/libc.a(lib_a-__atexit.o)
 .ARM.attributes
                0x000000000000048a       0x2e /usr/lib/gcc/arm-none-eabi/12.2.0/../../../../arm-none-eabi/lib/thumb/v7e-m/nofp/libc.a(lib_a-__call_atexit.o)
 .ARM.attributes
                0x00000000000004b8       0x2e /usr/lib/gcc/arm-none-eabi/12.2.0/../../../../arm-none-eabi/lib/thumb/v7e-m/nofp/libc.a(lib_a-lock.o)
 .ARM.attributes
                0x00000000000004e6       0x1e /usr/lib/gcc/arm-none-eabi/12.2.0/thumb/v7e-m/nofp/crtn.o

.comment        0x0000000000000000       0x3c
 .comment       0x0000000000000000       0x1e ./build/main.o
                                         0x1f (size before relaxing)
 .comment       0x000000000000001e       0x1f ./build/main_blinky.o
 .comment       0x000000000000001e       0x1f ./build/ParTest.o
 .comment       0x000000000000001e       0x1f ./build/asf/common/services/clock/sam4s/sysclk.o
 .comment       0x000000000000001e       0x1f ./build/asf/sam/boards/sam4s_xplained_pro/init.o
 .comment       0x000000000000001e       0x1f ./build/asf/sam/drivers/pio/pio.o
 .comment       0x000000000000001e       0x1f ./build/asf/sam/drivers/pio/pio_handler.o
 .comment       0x000000000000001e       0x1f ./build/asf/sam/drivers/pmc/pmc.o
 .comment       0x000000000000001e       0x1f ./build/asf/sam/drivers/wdt/wdt.o
 .comment       0x000000000000001e       0x1f ./build/asf/sam/utils/cmsis/sam4s/source/templates/gcc/startup_sam4s.o
 .comment       0x000000000000001e       0x1f ./build/asf/sam/utils/cmsis/sam4s/source/templates/system_sam4s.o
 .comment       0x000000000000001e       0x1f ./build/asf/thirdparty/FreeRTOS/list.o
 .comment       0x000000000000001e       0x1f ./build/asf/thirdparty/FreeRTOS/queue.o
 .comment       0x000000000000001e       0x1f ./build/asf/thirdparty/FreeRTOS/tasks.o
 .comment       0x000000000000001e       0x1f ./build/asf/thirdparty/FreeRTOS/timers.o
 .comment       0x000000000000001e       0x1f ./build/asf/thirdparty/FreeRTOS/portable/GCC/ARM_CM3/port.o
 .comment       0x000000000000001e       0x1f ./build/asf/thirdparty/FreeRTOS/portable/MemMang/heap_4.o
 .comment       0x000000000000001e       0x1e /usr/lib/gcc/arm-none-eabi/12.2.0/../../../../arm-none-eabi/lib/thumb/v7e-m/nofp/libc.a(lib_a-atexit.o)
                                         0x1f (size before relaxing)
 .comment       0x000000000000003c       0x1f /usr/lib/gcc/arm-none-eabi/12.2.0/../../../../arm-none-eabi/lib/thumb/v7e-m/nofp/libc.a(lib_a-fini.o)
 .comment       0x000000000000003c       0x1f /usr/lib/gcc/arm-none-eabi/12.2.0/../../../../arm-none-eabi/lib/thumb/v7e-m/nofp/libc.a(lib_a-impure.o)
 .comment       0x000000000000003c       0x1f /usr/lib/gcc/arm-none-eabi/12.2.0/../../../../arm-none-eabi/lib/thumb/v7e-m/nofp/libc.a(lib_a-init.o)
 .comment       0x000000000000003c       0x1f /usr/lib/gcc/arm-none-eabi/12.2.0/../../../../arm-none-eabi/lib/thumb/v7e-m/nofp/libc.a(lib_a-memset.o)
 .comment       0x000000000000003c       0x1f /usr/lib/gcc/arm-none-eabi/12.2.0/../../../../arm-none-eabi/lib/thumb/v7e-m/nofp/libc.a(lib_a-__atexit.o)
 .comment       0x000000000000003c       0x1f /usr/lib/gcc/arm-none-eabi/12.2.0/../../../../arm-none-eabi/lib/thumb/v7e-m/nofp/libc.a(lib_a-__call_atexit.o)
 .comment       0x000000000000003c       0x1f /usr/lib/gcc/arm-none-eabi/12.2.0/../../../../arm-none-eabi/lib/thumb/v7e-m/nofp/libc.a(lib_a-lock.o)

.debug_info     0x0000000000000000     0xffd2
 .debug_info    0x0000000000000000      0x436 ./build/main.o
 .debug_info    0x0000000000000436      0x494 ./build/main_blinky.o
 .debug_info    0x00000000000008ca      0x2df ./build/ParTest.o
 .debug_info    0x0000000000000ba9      0x9af ./build/asf/common/services/clock/sam4s/sysclk.o
 .debug_info    0x0000000000001558      0xec3 ./build/asf/sam/boards/sam4s_xplained_pro/init.o
 .debug_info    0x000000000000241b     0x18e5 ./build/asf/sam/drivers/pio/pio.o
 .debug_info    0x0000000000003d00      0xf30 ./build/asf/sam/drivers/pio/pio_handler.o
 .debug_info    0x0000000000004c30      0xfab ./build/asf/sam/drivers/pmc/pmc.o
 .debug_info    0x0000000000005bdb      0x284 ./build/asf/sam/drivers/wdt/wdt.o
 .debug_info    0x0000000000005e5f      0x59d ./build/asf/sam/utils/cmsis/sam4s/source/templates/gcc/startup_sam4s.o
 .debug_info    0x00000000000063fc      0x3bb ./build/asf/sam/utils/cmsis/sam4s/source/templates/system_sam4s.o
 .debug_info    0x00000000000067b7      0x2bc ./build/asf/thirdparty/FreeRTOS/list.o
 .debug_info    0x0000000000006a73     0x250d ./build/asf/thirdparty/FreeRTOS/queue.o
 .debug_info    0x0000000000008f80     0x2c61 ./build/asf/thirdparty/FreeRTOS/tasks.o
 .debug_info    0x000000000000bbe1     0x152b ./build/asf/thirdparty/FreeRTOS/timers.o
 .debug_info    0x000000000000d10c      0x502 ./build/asf/thirdparty/FreeRTOS/portable/GCC/ARM_CM3/port.o
 .debug_info    0x000000000000d60e      0x6b4 ./build/asf/thirdparty/FreeRTOS/portable/MemMang/heap_4.o
 .debug_info    0x000000000000dcc2      0x118 /usr/lib/gcc/arm-none-eabi/12.2.0/../../../../arm-none-eabi/lib/thumb/v7e-m/nofp/libc.a(lib_a-atexit.o)
 .debug_info    0x000000000000ddda       0xf7 /usr/lib/gcc/arm-none-eabi/12.2.0/../../../../arm-none-eabi/lib/thumb/v7e-m/nofp/libc.a(lib_a-fini.o)
 .debug_info    0x000000000000ded1      0x8c8 /usr/lib/gcc/arm-none-eabi/12.2.0/../../../../arm-none-eabi/lib/thumb/v7e-m/nofp/libc.a(lib_a-impure.o)
 .debug_info    0x000000000000e799      0x10b /usr/lib/gcc/arm-none-eabi/12.2.0/../../../../arm-none-eabi/lib/thumb/v7e-m/nofp/libc.a(lib_a-init.o)
 .debug_info    0x000000000000e8a4       0x25 /usr/lib/gcc/arm-none-eabi/12.2.0/../../../../arm-none-eabi/lib/thumb/v7e-m/nofp/libc.a(lib_a-memcpy.o)
 .debug_info    0x000000000000e8c9      0x135 /usr/lib/gcc/arm-none-eabi/12.2.0/../../../../arm-none-eabi/lib/thumb/v7e-m/nofp/libc.a(lib_a-memset.o)
 .debug_info    0x000000000000e9fe      0x999 /usr/lib/gcc/arm-none-eabi/12.2.0/../../../../arm-none-eabi/lib/thumb/v7e-m/nofp/libc.a(lib_a-__atexit.o)
 .debug_info    0x000000000000f397      0xa21 /usr/lib/gcc/arm-none-eabi/12.2.0/../../../../arm-none-eabi/lib/thumb/v7e-m/nofp/libc.a(lib_a-__call_atexit.o)
 .debug_info    0x000000000000fdb8      0x21a /usr/lib/gcc/arm-none-eabi/12.2.0/../../../../arm-none-eabi/lib/thumb/v7e-m/nofp/libc.a(lib_a-lock.o)

.debug_abbrev   0x0000000000000000     0x3565
 .debug_abbrev  0x0000000000000000      0x21c ./build/main.o
 .debug_abbrev  0x000000000000021c      0x18f ./build/main_blinky.o
 .debug_abbrev  0x00000000000003ab      0x175 ./build/ParTest.o
 .debug_abbrev  0x0000000000000520      0x324 ./build/asf/common/services/clock/sam4s/sysclk.o
 .debug_abbrev  0x0000000000000844      0x278 ./build/asf/sam/boards/sam4s_xplained_pro/init.o
 .debug_abbrev  0x0000000000000abc      0x305 ./build/asf/sam/drivers/pio/pio.o
 .debug_abbrev  0x0000000000000dc1      0x376 ./build/asf/sam/drivers/pio/pio_handler.o
 .debug_abbrev  0x0000000000001137      0x2a6 ./build/asf/sam/drivers/pmc/pmc.o
 .debug_abbrev  0x00000000000013dd      0x129 ./build/asf/sam/drivers/wdt/wdt.o
 .debug_abbrev  0x0000000000001506      0x1a7 ./build/asf/sam/utils/cmsis/sam4s/source/templates/gcc/startup_sam4s.o
 .debug_abbrev  0x00000000000016ad      0x119 ./build/asf/sam/utils/cmsis/sam4s/source/templates/system_sam4s.o
 .debug_abbrev  0x00000000000017c6      0x10c ./build/asf/thirdparty/FreeRTOS/list.o
 .debug_abbrev  0x00000000000018d2      0x37a ./build/asf/thirdparty/FreeRTOS/queue.o
 .debug_abbrev  0x0000000000001c4c      0x471 ./build/asf/thirdparty/FreeRTOS/tasks.o
 .debug_abbrev  0x00000000000020bd      0x3c3 ./build/asf/thirdparty/FreeRTOS/timers.o
 .debug_abbrev  0x0000000000002480      0x2a6 ./build/asf/thirdparty/FreeRTOS/portable/GCC/ARM_CM3/port.o
 .debug_abbrev  0x0000000000002726      0x2e7 ./build/asf/thirdparty/FreeRTOS/portable/MemMang/heap_4.o
 .debug_abbrev  0x0000000000002a0d       0xc1 /usr/lib/gcc/arm-none-eabi/12.2.0/../../../../arm-none-eabi/lib/thumb/v7e-m/nofp/libc.a(lib_a-atexit.o)
 .debug_abbrev  0x0000000000002ace       0xcc /usr/lib/gcc/arm-none-eabi/12.2.0/../../../../arm-none-eabi/lib/thumb/v7e-m/nofp/libc.a(lib_a-fini.o)
 .debug_abbrev  0x0000000000002b9a      0x1ca /usr/lib/gcc/arm-none-eabi/12.2.0/../../../../arm-none-eabi/lib/thumb/v7e-m/nofp/libc.a(lib_a-impure.o)
 .debug_abbrev  0x0000000000002d64       0xc9 /usr/lib/gcc/arm-none-eabi/12.2.0/../../../../arm-none-eabi/lib/thumb/v7e-m/nofp/libc.a(lib_a-init.o)
 .debug_abbrev  0x0000000000002e2d       0x14 /usr/lib/gcc/arm-none-eabi/12.2.0/../../../../arm-none-eabi/lib/thumb/v7e-m/nofp/libc.a(lib_a-memcpy.o)
 .debug_abbrev  0x0000000000002e41       0xb7 /usr/lib/gcc/arm-none-eabi/12.2.0/../../../../arm-none-eabi/lib/thumb/v7e-m/nofp/libc.a(lib_a-memset.o)
 .debug_abbrev  0x0000000000002ef8      0x272 /usr/lib/gcc/arm-none-eabi/12.2.0/../../../../arm-none-eabi/lib/thumb/v7e-m/nofp/libc.a(lib_a-__atexit.o)
 .debug_abbrev  0x000000000000316a      0x2e6 /usr/lib/gcc/arm-none-eabi/12.2.0/../../../../arm-none-eabi/lib/thumb/v7e-m/nofp/libc.a(lib_a-__call_atexit.o)
 .debug_abbrev  0x0000000000003450      0x115 /usr/lib/gcc/arm-none-eabi/12.2.0/../../../../arm-none-eabi/lib/thumb/v7e-m/nofp/libc.a(lib_a-lock.o)

.debug_loclists
                0x0000000000000000     0x50fb
 .debug_loclists
                0x0000000000000000       0x33 ./build/main.o
 .debug_loclists
                0x0000000000000033       0x3a ./build/main_blinky.o
 .debug_loclists
                0x000000000000006d       0xb6 ./build/ParTest.o
 .debug_loclists
                0x0000000000000123      0x129 ./build/asf/common/services/clock/sam4s/sysclk.o
 .debug_loclists
                0x000000000000024c      0x294 ./build/asf/sam/boards/sam4s_xplained_pro/init.o
 .debug_loclists
                0x00000000000004e0      0xa7d ./build/asf/sam/drivers/pio/pio.o
 .debug_loclists
                0x0000000000000f5d      0x313 ./build/asf/sam/drivers/pio/pio_handler.o
 .debug_loclists
                0x0000000000001270      0x7a8 ./build/asf/sam/drivers/pmc/pmc.o
 .debug_loclists
                0x0000000000001a18       0xb7 ./build/asf/sam/drivers/wdt/wdt.o
 .debug_loclists
                0x0000000000001acf       0x70 ./build/asf/sam/utils/cmsis/sam4s/source/templates/gcc/startup_sam4s.o
 .debug_loclists
                0x0000000000001b3f       0x68 ./build/asf/thirdparty/FreeRTOS/list.o
 .debug_loclists
                0x0000000000001ba7      0xf69 ./build/asf/thirdparty/FreeRTOS/queue.o
 .debug_loclists
                0x0000000000002b10     0x149b ./build/asf/thirdparty/FreeRTOS/tasks.o
 .debug_loclists
                0x0000000000003fab      0x909 ./build/asf/thirdparty/FreeRTOS/timers.o
 .debug_loclists
                0x00000000000048b4       0x92 ./build/asf/thirdparty/FreeRTOS/portable/GCC/ARM_CM3/port.o
 .debug_loclists
                0x0000000000004946      0x36a ./build/asf/thirdparty/FreeRTOS/portable/MemMang/heap_4.o
 .debug_loclists
                0x0000000000004cb0       0x2a /usr/lib/gcc/arm-none-eabi/12.2.0/../../../../arm-none-eabi/lib/thumb/v7e-m/nofp/libc.a(lib_a-atexit.o)
 .debug_loclists
                0x0000000000004cda       0x4c /usr/lib/gcc/arm-none-eabi/12.2.0/../../../../arm-none-eabi/lib/thumb/v7e-m/nofp/libc.a(lib_a-fini.o)
 .debug_loclists
                0x0000000000004d26       0x7a /usr/lib/gcc/arm-none-eabi/12.2.0/../../../../arm-none-eabi/lib/thumb/v7e-m/nofp/libc.a(lib_a-init.o)
 .debug_loclists
                0x0000000000004da0      0x1a5 /usr/lib/gcc/arm-none-eabi/12.2.0/../../../../arm-none-eabi/lib/thumb/v7e-m/nofp/libc.a(lib_a-memset.o)
 .debug_loclists
                0x0000000000004f45       0x79 /usr/lib/gcc/arm-none-eabi/12.2.0/../../../../arm-none-eabi/lib/thumb/v7e-m/nofp/libc.a(lib_a-__atexit.o)
 .debug_loclists
                0x0000000000004fbe      0x11a /usr/lib/gcc/arm-none-eabi/12.2.0/../../../../arm-none-eabi/lib/thumb/v7e-m/nofp/libc.a(lib_a-__call_atexit.o)
 .debug_loclists
                0x00000000000050d8       0x23 /usr/lib/gcc/arm-none-eabi/12.2.0/../../../../arm-none-eabi/lib/thumb/v7e-m/nofp/libc.a(lib_a-lock.o)

.debug_aranges  0x0000000000000000      0xb50
 .debug_aranges
                0x0000000000000000       0x40 ./build/main.o
 .debug_aranges
                0x0000000000000040       0x30 ./build/main_blinky.o
 .debug_aranges
                0x0000000000000070       0x30 ./build/ParTest.o
 .debug_aranges
                0x00000000000000a0       0x40 ./build/asf/common/services/clock/sam4s/sysclk.o
 .debug_aranges
                0x00000000000000e0       0x20 ./build/asf/sam/boards/sam4s_xplained_pro/init.o
 .debug_aranges
                0x0000000000000100      0x1a8 ./build/asf/sam/drivers/pio/pio.o
 .debug_aranges
                0x00000000000002a8       0x58 ./build/asf/sam/drivers/pio/pio_handler.o
 .debug_aranges
                0x0000000000000300      0x208 ./build/asf/sam/drivers/pmc/pmc.o
 .debug_aranges
                0x0000000000000508       0x48 ./build/asf/sam/drivers/wdt/wdt.o
 .debug_aranges
                0x0000000000000550       0x28 ./build/asf/sam/utils/cmsis/sam4s/source/templates/gcc/startup_sam4s.o
 .debug_aranges
                0x0000000000000578       0x30 ./build/asf/sam/utils/cmsis/sam4s/source/templates/system_sam4s.o
 .debug_aranges
                0x00000000000005a8       0x40 ./build/asf/thirdparty/FreeRTOS/list.o
 .debug_aranges
                0x00000000000005e8      0x110 ./build/asf/thirdparty/FreeRTOS/queue.o
 .debug_aranges
                0x00000000000006f8      0x1a0 ./build/asf/thirdparty/FreeRTOS/tasks.o
 .debug_aranges
                0x0000000000000898       0xc0 ./build/asf/thirdparty/FreeRTOS/timers.o
 .debug_aranges
                0x0000000000000958       0x78 ./build/asf/thirdparty/FreeRTOS/portable/GCC/ARM_CM3/port.o
 .debug_aranges
                0x00000000000009d0       0x58 ./build/asf/thirdparty/FreeRTOS/portable/MemMang/heap_4.o
 .debug_aranges
                0x0000000000000a28       0x20 /usr/lib/gcc/arm-none-eabi/12.2.0/../../../../arm-none-eabi/lib/thumb/v7e-m/nofp/libc.a(lib_a-atexit.o)
 .debug_aranges
                0x0000000000000a48       0x20 /usr/lib/gcc/arm-none-eabi/12.2.0/../../../../arm-none-eabi/lib/thumb/v7e-m/nofp/libc.a(lib_a-fini.o)
 .debug_aranges
                0x0000000000000a68       0x18 /usr/lib/gcc/arm-none-eabi/12.2.0/../../../../arm-none-eabi/lib/thumb/v7e-m/nofp/libc.a(lib_a-impure.o)
 .debug_aranges
                0x0000000000000a80       0x20 /usr/lib/gcc/arm-none-eabi/12.2.0/../../../../arm-none-eabi/lib/thumb/v7e-m/nofp/libc.a(lib_a-init.o)
 .debug_aranges
                0x0000000000000aa0       0x20 /usr/lib/gcc/arm-none-eabi/12.2.0/../../../../arm-none-eabi/lib/thumb/v7e-m/nofp/libc.a(lib_a-memcpy.o)
 .debug_aranges
                0x0000000000000ac0       0x20 /usr/lib/gcc/arm-none-eabi/12.2.0/../../../../arm-none-eabi/lib/thumb/v7e-m/nofp/libc.a(lib_a-memset.o)
 .debug_aranges
                0x0000000000000ae0       0x20 /usr/lib/gcc/arm-none-eabi/12.2.0/../../../../arm-none-eabi/lib/thumb/v7e-m/nofp/libc.a(lib_a-__atexit.o)
 .debug_aranges
                0x0000000000000b00       0x28 /usr/lib/gcc/arm-none-eabi/12.2.0/../../../../arm-none-eabi/lib/thumb/v7e-m/nofp/libc.a(lib_a-__call_atexit.o)
 .debug_aranges
                0x0000000000000b28       0x28 /usr/lib/gcc/arm-none-eabi/12.2.0/../../../../arm-none-eabi/lib/thumb/v7e-m/nofp/libc.a(lib_a-lock.o)

.debug_rnglists
                0x0000000000000000      0x9c3
 .debug_rnglists
                0x0000000000000000       0x2b ./build/main.o
 .debug_rnglists
                0x000000000000002b       0x1f ./build/main_blinky.o
 .debug_rnglists
                0x000000000000004a       0x1f ./build/ParTest.o
 .debug_rnglists
                0x0000000000000069       0x2b ./build/asf/common/services/clock/sam4s/sysclk.o
 .debug_rnglists
                0x0000000000000094       0x14 ./build/asf/sam/boards/sam4s_xplained_pro/init.o
 .debug_rnglists
                0x00000000000000a8      0x149 ./build/asf/sam/drivers/pio/pio.o
 .debug_rnglists
                0x00000000000001f1       0x49 ./build/asf/sam/drivers/pio/pio_handler.o
 .debug_rnglists
                0x000000000000023a      0x181 ./build/asf/sam/drivers/pmc/pmc.o
 .debug_rnglists
                0x00000000000003bb       0x31 ./build/asf/sam/drivers/wdt/wdt.o
 .debug_rnglists
                0x00000000000003ec       0x1a ./build/asf/sam/utils/cmsis/sam4s/source/templates/gcc/startup_sam4s.o
 .debug_rnglists
                0x0000000000000406       0x21 ./build/asf/sam/utils/cmsis/sam4s/source/templates/system_sam4s.o
 .debug_rnglists
                0x0000000000000427       0x2b ./build/asf/thirdparty/FreeRTOS/list.o
 .debug_rnglists
                0x0000000000000452      0x177 ./build/asf/thirdparty/FreeRTOS/queue.o
 .debug_rnglists
                0x00000000000005c9      0x1fd ./build/asf/thirdparty/FreeRTOS/tasks.o
 .debug_rnglists
                0x00000000000007c6       0xbe ./build/asf/thirdparty/FreeRTOS/timers.o
 .debug_rnglists
                0x0000000000000884       0x56 ./build/asf/thirdparty/FreeRTOS/portable/GCC/ARM_CM3/port.o
 .debug_rnglists
                0x00000000000008da       0x3f ./build/asf/thirdparty/FreeRTOS/portable/MemMang/heap_4.o
 .debug_rnglists
                0x0000000000000919       0x13 /usr/lib/gcc/arm-none-eabi/12.2.0/../../../../arm-none-eabi/lib/thumb/v7e-m/nofp/libc.a(lib_a-atexit.o)
 .debug_rnglists
                0x000000000000092c       0x13 /usr/lib/gcc/arm-none-eabi/12.2.0/../../../../arm-none-eabi/lib/thumb/v7e-m/nofp/libc.a(lib_a-fini.o)
 .debug_rnglists
                0x000000000000093f       0x13 /usr/lib/gcc/arm-none-eabi/12.2.0/../../../../arm-none-eabi/lib/thumb/v7e-m/nofp/libc.a(lib_a-init.o)
 .debug_rnglists
                0x0000000000000952       0x14 /usr/lib/gcc/arm-none-eabi/12.2.0/../../../../arm-none-eabi/lib/thumb/v7e-m/nofp/libc.a(lib_a-memset.o)
 .debug_rnglists
                0x0000000000000966       0x14 /usr/lib/gcc/arm-none-eabi/12.2.0/../../../../arm-none-eabi/lib/thumb/v7e-m/nofp/libc.a(lib_a-__atexit.o)
 .debug_rnglists
                0x000000000000097a       0x30 /usr/lib/gcc/arm-none-eabi/12.2.0/../../../../arm-none-eabi/lib/thumb/v7e-m/nofp/libc.a(lib_a-__call_atexit.o)
 .debug_rnglists
                0x00000000000009aa       0x19 /usr/lib/gcc/arm-none-eabi/12.2.0/../../../../arm-none-eabi/lib/thumb/v7e-m/nofp/libc.a(lib_a-lock.o)

.debug_macro    0x0000000000000000    0x14425
 .debug_macro   0x0000000000000000      0x685 ./build/main.o
 .debug_macro   0x0000000000000685      0xaba ./build/main.o
 .debug_macro   0x000000000000113f       0x22 ./build/main.o
 .debug_macro   0x0000000000001161       0x64 ./build/main.o
 .debug_macro   0x00000000000011c5       0x18 ./build/main.o
 .debug_macro   0x00000000000011dd       0x94 ./build/main.o
 .debug_macro   0x0000000000001271       0x3c ./build/main.o
 .debug_macro   0x00000000000012ad       0x34 ./build/main.o
 .debug_macro   0x00000000000012e1       0x16 ./build/main.o
 .debug_macro   0x00000000000012f7       0x57 ./build/main.o
 .debug_macro   0x000000000000134e       0x9e ./build/main.o
 .debug_macro   0x00000000000013ec      0x35d ./build/main.o
 .debug_macro   0x0000000000001749      0x104 ./build/main.o
 .debug_macro   0x000000000000184d       0x10 ./build/main.o
 .debug_macro   0x000000000000185d       0x16 ./build/main.o
 .debug_macro   0x0000000000001873       0x43 ./build/main.o
 .debug_macro   0x00000000000018b6       0x34 ./build/main.o
 .debug_macro   0x00000000000018ea       0x10 ./build/main.o
 .debug_macro   0x00000000000018fa       0x58 ./build/main.o
 .debug_macro   0x0000000000001952      0x182 ./build/main.o
 .debug_macro   0x0000000000001ad4       0x10 ./build/main.o
 .debug_macro   0x0000000000001ae4       0x6a ./build/main.o
 .debug_macro   0x0000000000001b4e       0x1c ./build/main.o
 .debug_macro   0x0000000000001b6a       0x52 ./build/main.o
 .debug_macro   0x0000000000001bbc       0x22 ./build/main.o
 .debug_macro   0x0000000000001bde       0x10 ./build/main.o
 .debug_macro   0x0000000000001bee       0x52 ./build/main.o
 .debug_macro   0x0000000000001c40       0xd5 ./build/main.o
 .debug_macro   0x0000000000001d15       0x1c ./build/main.o
 .debug_macro   0x0000000000001d31       0x3d ./build/main.o
 .debug_macro   0x0000000000001d6e       0x16 ./build/main.o
 .debug_macro   0x0000000000001d84      0x16f ./build/main.o
 .debug_macro   0x0000000000001ef3      0x103 ./build/main.o
 .debug_macro   0x0000000000001ff6      0x1df ./build/main.o
 .debug_macro   0x00000000000021d5      0x113 ./build/main.o
 .debug_macro   0x00000000000022e8      0x15a ./build/main.o
 .debug_macro   0x0000000000002442       0xe4 ./build/main.o
 .debug_macro   0x0000000000002526       0x28 ./build/main.o
 .debug_macro   0x000000000000254e       0x1f ./build/main.o
 .debug_macro   0x000000000000256d       0x12 ./build/main.o
 .debug_macro   0x000000000000257f      0x51f ./build/main.o
 .debug_macro   0x0000000000002a9e       0xc3 ./build/main.o
 .debug_macro   0x0000000000002b61      0x120 ./build/main.o
 .debug_macro   0x0000000000002c81       0x10 ./build/main.o
 .debug_macro   0x0000000000002c91      0x64b ./build/main.o
 .debug_macro   0x00000000000032dc       0x76 ./build/main.o
 .debug_macro   0x0000000000003352       0x16 ./build/main.o
 .debug_macro   0x0000000000003368      0x6da ./build/main.o
 .debug_macro   0x0000000000003a42       0x2d ./build/main.o
 .debug_macro   0x0000000000003a6f       0x35 ./build/main.o
 .debug_macro   0x0000000000003aa4       0x18 ./build/main.o
 .debug_macro   0x0000000000003abc       0x42 ./build/main.o
 .debug_macro   0x0000000000003afe      0x751 ./build/main.o
 .debug_macro   0x000000000000424f      0x154 ./build/main.o
 .debug_macro   0x00000000000043a3      0xaa5 ./build/main.o
 .debug_macro   0x0000000000004e48      0x1b4 ./build/main.o
 .debug_macro   0x0000000000004ffc      0x11e ./build/main.o
 .debug_macro   0x000000000000511a       0xac ./build/main.o
 .debug_macro   0x00000000000051c6      0x3f7 ./build/main.o
 .debug_macro   0x00000000000055bd      0x106 ./build/main.o
 .debug_macro   0x00000000000056c3       0x1c ./build/main.o
 .debug_macro   0x00000000000056df      0x72f ./build/main.o
 .debug_macro   0x0000000000005e0e      0x2c9 ./build/main.o
 .debug_macro   0x00000000000060d7       0xbe ./build/main.o
 .debug_macro   0x0000000000006195     0x2807 ./build/main.o
 .debug_macro   0x000000000000899c      0x76e ./build/main.o
 .debug_macro   0x000000000000910a      0xa84 ./build/main.o
 .debug_macro   0x0000000000009b8e       0x9a ./build/main.o
 .debug_macro   0x0000000000009c28      0x3cf ./build/main.o
 .debug_macro   0x0000000000009ff7       0x64 ./build/main.o
 .debug_macro   0x000000000000a05b      0x1a6 ./build/main.o
 .debug_macro   0x000000000000a201      0x37c ./build/main.o
 .debug_macro   0x000000000000a57d      0x61b ./build/main.o
 .debug_macro   0x000000000000ab98      0x686 ./build/main.o
 .debug_macro   0x000000000000b21e      0x595 ./build/main.o
 .debug_macro   0x000000000000b7b3      0x344 ./build/main.o
 .debug_macro   0x000000000000baf7      0x283 ./build/main.o
 .debug_macro   0x000000000000bd7a      0x2cd ./build/main.o
 .debug_macro   0x000000000000c047      0x6cf ./build/main.o
 .debug_macro   0x000000000000c716       0x76 ./build/main.o
 .debug_macro   0x000000000000c78c       0xb8 ./build/main.o
 .debug_macro   0x000000000000c844       0xb2 ./build/main.o
 .debug_macro   0x000000000000c8f6       0x88 ./build/main.o
 .debug_macro   0x000000000000c97e      0x100 ./build/main.o
 .debug_macro   0x000000000000ca7e      0x100 ./build/main.o
 .debug_macro   0x000000000000cb7e       0x88 ./build/main.o
 .debug_macro   0x000000000000cc06       0x88 ./build/main.o
 .debug_macro   0x000000000000cc8e      0x2cd ./build/main.o
 .debug_macro   0x000000000000cf5b       0xb2 ./build/main.o
 .debug_macro   0x000000000000d00d       0xb2 ./build/main.o
 .debug_macro   0x000000000000d0bf       0x52 ./build/main.o
 .debug_macro   0x000000000000d111       0xac ./build/main.o
 .debug_macro   0x000000000000d1bd       0x7c ./build/main.o
 .debug_macro   0x000000000000d239       0x40 ./build/main.o
 .debug_macro   0x000000000000d279       0x64 ./build/main.o
 .debug_macro   0x000000000000d2dd       0x46 ./build/main.o
 .debug_macro   0x000000000000d323       0x88 ./build/main.o
 .debug_macro   0x000000000000d3ab       0x4c ./build/main.o
 .debug_macro   0x000000000000d3f7       0xa6 ./build/main.o
 .debug_macro   0x000000000000d49d       0x7c ./build/main.o
 .debug_macro   0x000000000000d519       0x16 ./build/main.o
 .debug_macro   0x000000000000d52f       0x7c ./build/main.o
 .debug_macro   0x000000000000d5ab       0x22 ./build/main.o
 .debug_macro   0x000000000000d5cd       0x22 ./build/main.o
 .debug_macro   0x000000000000d5ef      0x18b ./build/main.o
 .debug_macro   0x000000000000d77a      0x15b ./build/main.o
 .debug_macro   0x000000000000d8d5      0x15b ./build/main.o
 .debug_macro   0x000000000000da30       0x1c ./build/main.o
 .debug_macro   0x000000000000da4c       0x2e ./build/main.o
 .debug_macro   0x000000000000da7a       0x22 ./build/main.o
 .debug_macro   0x000000000000da9c       0x1c ./build/main.o
 .debug_macro   0x000000000000dab8       0x52 ./build/main.o
 .debug_macro   0x000000000000db0a       0x10 ./build/main.o
 .debug_macro   0x000000000000db1a      0x234 ./build/main.o
 .debug_macro   0x000000000000dd4e      0x92e ./build/main.o
 .debug_macro   0x000000000000e67c      0x12a ./build/main.o
 .debug_macro   0x000000000000e7a6       0x22 ./build/main.o
 .debug_macro   0x000000000000e7c8       0x16 ./build/main.o
 .debug_macro   0x000000000000e7de       0x35 ./build/main.o
 .debug_macro   0x000000000000e813       0x16 ./build/main.o
 .debug_macro   0x000000000000e829       0x29 ./build/main.o
 .debug_macro   0x000000000000e852       0x73 ./build/main.o
 .debug_macro   0x000000000000e8c5       0x3f ./build/main.o
 .debug_macro   0x000000000000e904      0x3ca ./build/main.o
 .debug_macro   0x000000000000ecce       0x94 ./build/main.o
 .debug_macro   0x000000000000ed62       0x40 ./build/main.o
 .debug_macro   0x000000000000eda2      0x2c6 ./build/main.o
 .debug_macro   0x000000000000f068       0x2e ./build/main.o
 .debug_macro   0x000000000000f096      0x8da ./build/main.o
 .debug_macro   0x000000000000f970       0x58 ./build/main.o
 .debug_macro   0x000000000000f9c8       0x34 ./build/main.o
 .debug_macro   0x000000000000f9fc       0x46 ./build/main.o
 .debug_macro   0x000000000000fa42       0x6a ./build/main.o
 .debug_macro   0x000000000000faac       0x46 ./build/main.o
 .debug_macro   0x000000000000faf2       0x90 ./build/main.o
 .debug_macro   0x000000000000fb82       0x2e ./build/main.o
 .debug_macro   0x000000000000fbb0      0x6c7 ./build/main_blinky.o
 .debug_macro   0x0000000000010277       0x80 ./build/main_blinky.o
 .debug_macro   0x00000000000102f7       0x77 ./build/main_blinky.o
 .debug_macro   0x000000000001036e      0x5f9 ./build/ParTest.o
 .debug_macro   0x0000000000010967      0x182 ./build/ParTest.o
 .debug_macro   0x0000000000010ae9       0x8e ./build/ParTest.o
 .debug_macro   0x0000000000010b77       0x51 ./build/ParTest.o
 .debug_macro   0x0000000000010bc8       0x6a ./build/ParTest.o
 .debug_macro   0x0000000000010c32      0x2c0 ./build/ParTest.o
 .debug_macro   0x0000000000010ef2      0x5aa ./build/asf/common/services/clock/sam4s/sysclk.o
 .debug_macro   0x000000000001149c       0x27 ./build/asf/common/services/clock/sam4s/sysclk.o
 .debug_macro   0x00000000000114c3       0x64 ./build/asf/common/services/clock/sam4s/sysclk.o
 .debug_macro   0x0000000000011527      0x5f2 ./build/asf/sam/boards/sam4s_xplained_pro/init.o
 .debug_macro   0x0000000000011b19       0x82 ./build/asf/sam/boards/sam4s_xplained_pro/init.o
 .debug_macro   0x0000000000011b9b       0x10 ./build/asf/sam/boards/sam4s_xplained_pro/init.o
 .debug_macro   0x0000000000011bab      0x540 ./build/asf/sam/drivers/pio/pio.o
 .debug_macro   0x00000000000120eb       0x8e ./build/asf/sam/drivers/pio/pio.o
 .debug_macro   0x0000000000012179      0x54a ./build/asf/sam/drivers/pio/pio_handler.o
 .debug_macro   0x00000000000126c3      0x540 ./build/asf/sam/drivers/pmc/pmc.o
 .debug_macro   0x0000000000012c03       0x52 ./build/asf/sam/drivers/pmc/pmc.o
 .debug_macro   0x0000000000012c55      0x54d ./build/asf/sam/drivers/wdt/wdt.o
 .debug_macro   0x00000000000131a2      0x325 ./build/asf/sam/utils/cmsis/sam4s/source/templates/gcc/startup_sam4s.o
 .debug_macro   0x00000000000134c7      0x32d ./build/asf/sam/utils/cmsis/sam4s/source/templates/system_sam4s.o
 .debug_macro   0x00000000000137f4      0x189 ./build/asf/thirdparty/FreeRTOS/list.o
 .debug_macro   0x000000000001397d      0x21b ./build/asf/thirdparty/FreeRTOS/queue.o
 .debug_macro   0x0000000000013b98       0x16 ./build/asf/thirdparty/FreeRTOS/queue.o
 .debug_macro   0x0000000000013bae      0x26a ./build/asf/thirdparty/FreeRTOS/tasks.o
 .debug_macro   0x0000000000013e18       0x16 ./build/asf/thirdparty/FreeRTOS/tasks.o
 .debug_macro   0x0000000000013e2e      0x1d8 ./build/asf/thirdparty/FreeRTOS/timers.o
 .debug_macro   0x0000000000014006       0x97 ./build/asf/thirdparty/FreeRTOS/timers.o
 .debug_macro   0x000000000001409d      0x183 ./build/asf/thirdparty/FreeRTOS/portable/GCC/ARM_CM3/port.o
 .debug_macro   0x0000000000014220      0x205 ./build/asf/thirdparty/FreeRTOS/portable/MemMang/heap_4.o

.debug_line     0x0000000000000000    0x10a8b
 .debug_line    0x0000000000000000      0xd90 ./build/main.o
 .debug_line    0x0000000000000d90      0xdf3 ./build/main_blinky.o
 .debug_line    0x0000000000001b83      0xbd2 ./build/ParTest.o
 .debug_line    0x0000000000002755      0xc7a ./build/asf/common/services/clock/sam4s/sysclk.o
 .debug_line    0x00000000000033cf      0xe55 ./build/asf/sam/boards/sam4s_xplained_pro/init.o
 .debug_line    0x0000000000004224     0x155c ./build/asf/sam/drivers/pio/pio.o
 .debug_line    0x0000000000005780      0xc0e ./build/asf/sam/drivers/pio/pio_handler.o
 .debug_line    0x000000000000638e     0x18f1 ./build/asf/sam/drivers/pmc/pmc.o
 .debug_line    0x0000000000007c7f      0xa4c ./build/asf/sam/drivers/wdt/wdt.o
 .debug_line    0x00000000000086cb      0x80e ./build/asf/sam/utils/cmsis/sam4s/source/templates/gcc/startup_sam4s.o
 .debug_line    0x0000000000008ed9      0x8ff ./build/asf/sam/utils/cmsis/sam4s/source/templates/system_sam4s.o
 .debug_line    0x00000000000097d8      0x467 ./build/asf/thirdparty/FreeRTOS/list.o
 .debug_line    0x0000000000009c3f     0x1cf5 ./build/asf/thirdparty/FreeRTOS/queue.o
 .debug_line    0x000000000000b934     0x295a ./build/asf/thirdparty/FreeRTOS/tasks.o
 .debug_line    0x000000000000e28e      0xceb ./build/asf/thirdparty/FreeRTOS/timers.o
 .debug_line    0x000000000000ef79      0x65b ./build/asf/thirdparty/FreeRTOS/portable/GCC/ARM_CM3/port.o
 .debug_line    0x000000000000f5d4      0x882 ./build/asf/thirdparty/FreeRTOS/portable/MemMang/heap_4.o
 .debug_line    0x000000000000fe56       0xea /usr/lib/gcc/arm-none-eabi/12.2.0/../../../../arm-none-eabi/lib/thumb/v7e-m/nofp/libc.a(lib_a-atexit.o)
 .debug_line    0x000000000000ff40       0xf9 /usr/lib/gcc/arm-none-eabi/12.2.0/../../../../arm-none-eabi/lib/thumb/v7e-m/nofp/libc.a(lib_a-fini.o)
 .debug_line    0x0000000000010039      0x10e /usr/lib/gcc/arm-none-eabi/12.2.0/../../../../arm-none-eabi/lib/thumb/v7e-m/nofp/libc.a(lib_a-impure.o)
 .debug_line    0x0000000000010147      0x13a /usr/lib/gcc/arm-none-eabi/12.2.0/../../../../arm-none-eabi/lib/thumb/v7e-m/nofp/libc.a(lib_a-init.o)
 .debug_line    0x0000000000010281       0x95 /usr/lib/gcc/arm-none-eabi/12.2.0/../../../../arm-none-eabi/lib/thumb/v7e-m/nofp/libc.a(lib_a-memcpy.o)
 .debug_line    0x0000000000010316      0x1f0 /usr/lib/gcc/arm-none-eabi/12.2.0/../../../../arm-none-eabi/lib/thumb/v7e-m/nofp/libc.a(lib_a-memset.o)
 .debug_line    0x0000000000010506      0x1e4 /usr/lib/gcc/arm-none-eabi/12.2.0/../../../../arm-none-eabi/lib/thumb/v7e-m/nofp/libc.a(lib_a-__atexit.o)
 .debug_line    0x00000000000106ea      0x2b6 /usr/lib/gcc/arm-none-eabi/12.2.0/../../../../arm-none-eabi/lib/thumb/v7e-m/nofp/libc.a(lib_a-__call_atexit.o)
 .debug_line    0x00000000000109a0       0xeb /usr/lib/gcc/arm-none-eabi/12.2.0/../../../../arm-none-eabi/lib/thumb/v7e-m/nofp/libc.a(lib_a-lock.o)

.debug_str      0x0000000000000000    0x5a9e3
 .debug_str     0x0000000000000000    0x5327a ./build/main.o
                                      0x535f0 (size before relaxing)
 .debug_str     0x000000000005327a     0x1025 ./build/main_blinky.o
                                      0x544bf (size before relaxing)
 .debug_str     0x000000000005429f      0x148 ./build/ParTest.o
                                      0x52a65 (size before relaxing)
 .debug_str     0x00000000000543e7      0x484 ./build/asf/common/services/clock/sam4s/sysclk.o
                                      0x4e124 (size before relaxing)
 .debug_str     0x000000000005486b      0x6f3 ./build/asf/sam/boards/sam4s_xplained_pro/init.o
                                      0x4ea97 (size before relaxing)
 .debug_str     0x0000000000054f5e      0x571 ./build/asf/sam/drivers/pio/pio.o
                                      0x4a7d8 (size before relaxing)
 .debug_str     0x00000000000554cf      0x398 ./build/asf/sam/drivers/pio/pio_handler.o
                                      0x4a716 (size before relaxing)
 .debug_str     0x0000000000055867      0x57f ./build/asf/sam/drivers/pmc/pmc.o
                                      0x4a636 (size before relaxing)
 .debug_str     0x0000000000055de6       0xd6 ./build/asf/sam/drivers/wdt/wdt.o
                                      0x49cbf (size before relaxing)
 .debug_str     0x0000000000055ebc      0x419 ./build/asf/sam/utils/cmsis/sam4s/source/templates/gcc/startup_sam4s.o
                                      0x3a781 (size before relaxing)
 .debug_str     0x00000000000562d5       0xc2 ./build/asf/sam/utils/cmsis/sam4s/source/templates/system_sam4s.o
                                      0x3a533 (size before relaxing)
 .debug_str     0x0000000000056397      0x172 ./build/asf/thirdparty/FreeRTOS/list.o
                                       0xa8d5 (size before relaxing)
 .debug_str     0x0000000000056509      0xc5d ./build/asf/thirdparty/FreeRTOS/queue.o
                                       0xcf9d (size before relaxing)
 .debug_str     0x0000000000057166     0x1ab3 ./build/asf/thirdparty/FreeRTOS/tasks.o
                                       0xd9d9 (size before relaxing)
 .debug_str     0x0000000000058c19      0x5c6 ./build/asf/thirdparty/FreeRTOS/timers.o
                                       0xd1c2 (size before relaxing)
 .debug_str     0x00000000000591df      0x6c3 ./build/asf/thirdparty/FreeRTOS/portable/GCC/ARM_CM3/port.o
                                       0x986f (size before relaxing)
 .debug_str     0x00000000000598a2      0x5d8 ./build/asf/thirdparty/FreeRTOS/portable/MemMang/heap_4.o
                                       0xc0de (size before relaxing)
 .debug_str     0x0000000000059e7a      0x16e /usr/lib/gcc/arm-none-eabi/12.2.0/../../../../arm-none-eabi/lib/thumb/v7e-m/nofp/libc.a(lib_a-atexit.o)
                                        0x20a (size before relaxing)
 .debug_str     0x0000000000059fe8       0xd9 /usr/lib/gcc/arm-none-eabi/12.2.0/../../../../arm-none-eabi/lib/thumb/v7e-m/nofp/libc.a(lib_a-fini.o)
                                        0x202 (size before relaxing)
 .debug_str     0x000000000005a0c1      0x41f /usr/lib/gcc/arm-none-eabi/12.2.0/../../../../arm-none-eabi/lib/thumb/v7e-m/nofp/libc.a(lib_a-impure.o)
                                        0x5a5 (size before relaxing)
 .debug_str     0x000000000005a4e0       0x94 /usr/lib/gcc/arm-none-eabi/12.2.0/../../../../arm-none-eabi/lib/thumb/v7e-m/nofp/libc.a(lib_a-init.o)
                                        0x22c (size before relaxing)
 .debug_str     0x000000000005a574       0x80 /usr/lib/gcc/arm-none-eabi/12.2.0/../../../../arm-none-eabi/lib/thumb/v7e-m/nofp/libc.a(lib_a-memcpy.o)
 .debug_str     0x000000000005a5f4       0xbd /usr/lib/gcc/arm-none-eabi/12.2.0/../../../../arm-none-eabi/lib/thumb/v7e-m/nofp/libc.a(lib_a-memset.o)
                                        0x1e1 (size before relaxing)
 .debug_str     0x000000000005a6b1       0x90 /usr/lib/gcc/arm-none-eabi/12.2.0/../../../../arm-none-eabi/lib/thumb/v7e-m/nofp/libc.a(lib_a-__atexit.o)
                                        0x63c (size before relaxing)
 .debug_str     0x000000000005a741       0xa7 /usr/lib/gcc/arm-none-eabi/12.2.0/../../../../arm-none-eabi/lib/thumb/v7e-m/nofp/libc.a(lib_a-__call_atexit.o)
                                        0x66f (size before relaxing)
 .debug_str     0x000000000005a7e8      0x1fb /usr/lib/gcc/arm-none-eabi/12.2.0/../../../../arm-none-eabi/lib/thumb/v7e-m/nofp/libc.a(lib_a-lock.o)
                                        0x35d (size before relaxing)

.debug_frame    0x0000000000000000     0x1ac0
 .debug_frame   0x0000000000000000       0x68 ./build/main.o
 .debug_frame   0x0000000000000068       0x58 ./build/main_blinky.o
 .debug_frame   0x00000000000000c0       0x5c ./build/ParTest.o
 .debug_frame   0x000000000000011c       0x88 ./build/asf/common/services/clock/sam4s/sysclk.o
 .debug_frame   0x00000000000001a4       0x2c ./build/asf/sam/boards/sam4s_xplained_pro/init.o
 .debug_frame   0x00000000000001d0      0x378 ./build/asf/sam/drivers/pio/pio.o
 .debug_frame   0x0000000000000548       0xf4 ./build/asf/sam/drivers/pio/pio_handler.o
 .debug_frame   0x000000000000063c      0x444 ./build/asf/sam/drivers/pmc/pmc.o
 .debug_frame   0x0000000000000a80       0x7c ./build/asf/sam/drivers/wdt/wdt.o
 .debug_frame   0x0000000000000afc       0x38 ./build/asf/sam/utils/cmsis/sam4s/source/templates/gcc/startup_sam4s.o
 .debug_frame   0x0000000000000b34       0x40 ./build/asf/sam/utils/cmsis/sam4s/source/templates/system_sam4s.o
 .debug_frame   0x0000000000000b74       0x70 ./build/asf/thirdparty/FreeRTOS/list.o
 .debug_frame   0x0000000000000be4      0x3bc ./build/asf/thirdparty/FreeRTOS/queue.o
 .debug_frame   0x0000000000000fa0      0x528 ./build/asf/thirdparty/FreeRTOS/tasks.o
 .debug_frame   0x00000000000014c8      0x24c ./build/asf/thirdparty/FreeRTOS/timers.o
 .debug_frame   0x0000000000001714       0xf0 ./build/asf/thirdparty/FreeRTOS/portable/GCC/ARM_CM3/port.o
 .debug_frame   0x0000000000001804       0xd0 ./build/asf/thirdparty/FreeRTOS/portable/MemMang/heap_4.o
 .debug_frame   0x00000000000018d4       0x20 /usr/lib/gcc/arm-none-eabi/12.2.0/../../../../arm-none-eabi/lib/thumb/v7e-m/nofp/libc.a(lib_a-atexit.o)
 .debug_frame   0x00000000000018f4       0x34 /usr/lib/gcc/arm-none-eabi/12.2.0/../../../../arm-none-eabi/lib/thumb/v7e-m/nofp/libc.a(lib_a-fini.o)
 .debug_frame   0x0000000000001928       0x2c /usr/lib/gcc/arm-none-eabi/12.2.0/../../../../arm-none-eabi/lib/thumb/v7e-m/nofp/libc.a(lib_a-init.o)
 .debug_frame   0x0000000000001954       0x2c /usr/lib/gcc/arm-none-eabi/12.2.0/../../../../arm-none-eabi/lib/thumb/v7e-m/nofp/libc.a(lib_a-memset.o)
 .debug_frame   0x0000000000001980       0x34 /usr/lib/gcc/arm-none-eabi/12.2.0/../../../../arm-none-eabi/lib/thumb/v7e-m/nofp/libc.a(lib_a-__atexit.o)
 .debug_frame   0x00000000000019b4       0x5c /usr/lib/gcc/arm-none-eabi/12.2.0/../../../../arm-none-eabi/lib/thumb/v7e-m/nofp/libc.a(lib_a-__call_atexit.o)
 .debug_frame   0x0000000000001a10       0xb0 /usr/lib/gcc/arm-none-eabi/12.2.0/../../../../arm-none-eabi/lib/thumb/v7e-m/nofp/libc.a(lib_a-lock.o)

.debug_line_str
                0x0000000000000000       0x59
 .debug_line_str
                0x0000000000000000       0x59 /usr/lib/gcc/arm-none-eabi/12.2.0/../../../../arm-none-eabi/lib/thumb/v7e-m/nofp/libc.a(lib_a-memcpy.o)
                                         0xb2 (size before relaxing)

Cross Reference Table

Symbol                                            File
ACC_Handler                                       ./build/asf/sam/utils/cmsis/sam4s/source/templates/gcc/startup_sam4s.o
ADC_Handler                                       ./build/asf/sam/utils/cmsis/sam4s/source/templates/gcc/startup_sam4s.o
BusFault_Handler                                  ./build/asf/sam/utils/cmsis/sam4s/source/templates/gcc/startup_sam4s.o
CRCCU_Handler                                     ./build/asf/sam/utils/cmsis/sam4s/source/templates/gcc/startup_sam4s.o
DACC_Handler                                      ./build/asf/sam/utils/cmsis/sam4s/source/templates/gcc/startup_sam4s.o
DebugMon_Handler                                  ./build/asf/sam/utils/cmsis/sam4s/source/templates/gcc/startup_sam4s.o
Dummy_Handler                                     ./build/asf/sam/utils/cmsis/sam4s/source/templates/gcc/startup_sam4s.o
EFC0_Handler                                      ./build/asf/sam/utils/cmsis/sam4s/source/templates/gcc/startup_sam4s.o
EFC1_Handler                                      ./build/asf/sam/utils/cmsis/sam4s/source/templates/gcc/startup_sam4s.o
HSMCI_Handler                                     ./build/asf/sam/utils/cmsis/sam4s/source/templates/gcc/startup_sam4s.o
HardFault_Handler                                 ./build/asf/sam/utils/cmsis/sam4s/source/templates/gcc/startup_sam4s.o
MemManage_Handler                                 ./build/asf/sam/utils/cmsis/sam4s/source/templates/gcc/startup_sam4s.o
NMI_Handler                                       ./build/asf/sam/utils/cmsis/sam4s/source/templates/gcc/startup_sam4s.o
PIOA_Handler                                      ./build/asf/sam/drivers/pio/pio_handler.o
PIOB_Handler                                      ./build/asf/sam/drivers/pio/pio_handler.o
PIOC_Handler                                      ./build/asf/sam/drivers/pio/pio_handler.o
PMC_Handler                                       ./build/asf/sam/utils/cmsis/sam4s/source/templates/gcc/startup_sam4s.o
PWM_Handler                                       ./build/asf/sam/utils/cmsis/sam4s/source/templates/gcc/startup_sam4s.o
PendSV_Handler                                    ./build/asf/thirdparty/FreeRTOS/portable/GCC/ARM_CM3/port.o
                                                  ./build/asf/sam/utils/cmsis/sam4s/source/templates/gcc/startup_sam4s.o
RSTC_Handler                                      ./build/asf/sam/utils/cmsis/sam4s/source/templates/gcc/startup_sam4s.o
RTC_Handler                                       ./build/asf/sam/utils/cmsis/sam4s/source/templates/gcc/startup_sam4s.o
RTT_Handler                                       ./build/asf/sam/utils/cmsis/sam4s/source/templates/gcc/startup_sam4s.o
Reset_Handler                                     ./build/asf/sam/utils/cmsis/sam4s/source/templates/gcc/startup_sam4s.o
SPI_Handler                                       ./build/asf/sam/utils/cmsis/sam4s/source/templates/gcc/startup_sam4s.o
SSC_Handler                                       ./build/asf/sam/utils/cmsis/sam4s/source/templates/gcc/startup_sam4s.o
SUPC_Handler                                      ./build/asf/sam/utils/cmsis/sam4s/source/templates/gcc/startup_sam4s.o
SVC_Handler                                       ./build/asf/thirdparty/FreeRTOS/portable/GCC/ARM_CM3/port.o
                                                  ./build/asf/sam/utils/cmsis/sam4s/source/templates/gcc/startup_sam4s.o
SysTick_Handler                                   ./build/asf/thirdparty/FreeRTOS/portable/GCC/ARM_CM3/port.o
                                                  ./build/asf/sam/utils/cmsis/sam4s/source/templates/gcc/startup_sam4s.o
SystemCoreClock                                   ./build/asf/sam/utils/cmsis/sam4s/source/templates/system_sam4s.o
                                                  ./build/asf/thirdparty/FreeRTOS/portable/GCC/ARM_CM3/port.o
SystemCoreClockUpdate                             ./build/asf/sam/utils/cmsis/sam4s/source/templates/system_sam4s.o
                                                  ./build/asf/common/services/clock/sam4s/sysclk.o
SystemInit                                        ./build/asf/sam/utils/cmsis/sam4s/source/templates/system_sam4s.o
TC0_Handler                                       ./build/asf/sam/utils/cmsis/sam4s/source/templates/gcc/startup_sam4s.o
TC1_Handler                                       ./build/asf/sam/utils/cmsis/sam4s/source/templates/gcc/startup_sam4s.o
TC2_Handler                                       ./build/asf/sam/utils/cmsis/sam4s/source/templates/gcc/startup_sam4s.o
TC3_Handler                                       ./build/asf/sam/utils/cmsis/sam4s/source/templates/gcc/startup_sam4s.o
TC4_Handler                                       ./build/asf/sam/utils/cmsis/sam4s/source/templates/gcc/startup_sam4s.o
TC5_Handler                                       ./build/asf/sam/utils/cmsis/sam4s/source/templates/gcc/startup_sam4s.o
TWI0_Handler                                      ./build/asf/sam/utils/cmsis/sam4s/source/templates/gcc/startup_sam4s.o
TWI1_Handler                                      ./build/asf/sam/utils/cmsis/sam4s/source/templates/gcc/startup_sam4s.o
UART0_Handler                                     ./build/asf/sam/utils/cmsis/sam4s/source/templates/gcc/startup_sam4s.o
UART1_Handler                                     ./build/asf/sam/utils/cmsis/sam4s/source/templates/gcc/startup_sam4s.o
UDP_Handler                                       ./build/asf/sam/utils/cmsis/sam4s/source/templates/gcc/startup_sam4s.o
USART0_Handler                                    ./build/asf/sam/utils/cmsis/sam4s/source/templates/gcc/startup_sam4s.o
USART1_Handler                                    ./build/asf/sam/utils/cmsis/sam4s/source/templates/gcc/startup_sam4s.o
UsageFault_Handler                                ./build/asf/sam/utils/cmsis/sam4s/source/templates/gcc/startup_sam4s.o
WDT_Handler                                       ./build/asf/sam/utils/cmsis/sam4s/source/templates/gcc/startup_sam4s.o
__atexit_recursive_mutex                          /usr/lib/gcc/arm-none-eabi/12.2.0/../../../../arm-none-eabi/lib/thumb/v7e-m/nofp/libc.a(lib_a-__call_atexit.o)
                                                  /usr/lib/gcc/arm-none-eabi/12.2.0/../../../../arm-none-eabi/lib/thumb/v7e-m/nofp/libc.a(lib_a-__atexit.o)
__bss_end__                                       /usr/lib/gcc/arm-none-eabi/12.2.0/../../../../arm-none-eabi/lib/thumb/v7e-m/nofp/crt0.o
__bss_start__                                     /usr/lib/gcc/arm-none-eabi/12.2.0/../../../../arm-none-eabi/lib/thumb/v7e-m/nofp/crt0.o
__call_exitprocs                                  /usr/lib/gcc/arm-none-eabi/12.2.0/../../../../arm-none-eabi/lib/thumb/v7e-m/nofp/libc.a(lib_a-__call_atexit.o)
                                                  /usr/lib/gcc/arm-none-eabi/12.2.0/../../../../arm-none-eabi/lib/thumb/v7e-m/nofp/libc.a(lib_a-exit.o)
__deregister_frame_info                           /usr/lib/gcc/arm-none-eabi/12.2.0/thumb/v7e-m/nofp/crtbegin.o
__dso_handle                                      /usr/lib/gcc/arm-none-eabi/12.2.0/thumb/v7e-m/nofp/crtbegin.o
__fini_array_end                                  /usr/lib/gcc/arm-none-eabi/12.2.0/../../../../arm-none-eabi/lib/thumb/v7e-m/nofp/libc.a(lib_a-fini.o)
__fini_array_start                                /usr/lib/gcc/arm-none-eabi/12.2.0/../../../../arm-none-eabi/lib/thumb/v7e-m/nofp/libc.a(lib_a-fini.o)
__init_array_end                                  /usr/lib/gcc/arm-none-eabi/12.2.0/../../../../arm-none-eabi/lib/thumb/v7e-m/nofp/libc.a(lib_a-init.o)
__init_array_start                                /usr/lib/gcc/arm-none-eabi/12.2.0/../../../../arm-none-eabi/lib/thumb/v7e-m/nofp/libc.a(lib_a-init.o)
__libc_fini                                       /usr/lib/gcc/arm-none-eabi/12.2.0/../../../../arm-none-eabi/lib/thumb/v7e-m/nofp/libc.a(lib_a-__call_atexit.o)
__libc_fini_array                                 /usr/lib/gcc/arm-none-eabi/12.2.0/../../../../arm-none-eabi/lib/thumb/v7e-m/nofp/libc.a(lib_a-fini.o)
                                                  /usr/lib/gcc/arm-none-eabi/12.2.0/../../../../arm-none-eabi/lib/thumb/v7e-m/nofp/libc.a(lib_a-__call_atexit.o)
                                                  /usr/lib/gcc/arm-none-eabi/12.2.0/../../../../arm-none-eabi/lib/thumb/v7e-m/nofp/crt0.o
__libc_init_array                                 /usr/lib/gcc/arm-none-eabi/12.2.0/../../../../arm-none-eabi/lib/thumb/v7e-m/nofp/libc.a(lib_a-init.o)
                                                  ./build/asf/sam/utils/cmsis/sam4s/source/templates/gcc/startup_sam4s.o
                                                  /usr/lib/gcc/arm-none-eabi/12.2.0/../../../../arm-none-eabi/lib/thumb/v7e-m/nofp/crt0.o
__lock___arc4random_mutex                         /usr/lib/gcc/arm-none-eabi/12.2.0/../../../../arm-none-eabi/lib/thumb/v7e-m/nofp/libc.a(lib_a-lock.o)
__lock___at_quick_exit_mutex                      /usr/lib/gcc/arm-none-eabi/12.2.0/../../../../arm-none-eabi/lib/thumb/v7e-m/nofp/libc.a(lib_a-lock.o)
__lock___atexit_recursive_mutex                   /usr/lib/gcc/arm-none-eabi/12.2.0/../../../../arm-none-eabi/lib/thumb/v7e-m/nofp/libc.a(lib_a-lock.o)
                                                  /usr/lib/gcc/arm-none-eabi/12.2.0/../../../../arm-none-eabi/lib/thumb/v7e-m/nofp/libc.a(lib_a-__call_atexit.o)
__lock___dd_hash_mutex                            /usr/lib/gcc/arm-none-eabi/12.2.0/../../../../arm-none-eabi/lib/thumb/v7e-m/nofp/libc.a(lib_a-lock.o)
__lock___env_recursive_mutex                      /usr/lib/gcc/arm-none-eabi/12.2.0/../../../../arm-none-eabi/lib/thumb/v7e-m/nofp/libc.a(lib_a-lock.o)
__lock___malloc_recursive_mutex                   /usr/lib/gcc/arm-none-eabi/12.2.0/../../../../arm-none-eabi/lib/thumb/v7e-m/nofp/libc.a(lib_a-lock.o)
__lock___sfp_recursive_mutex                      /usr/lib/gcc/arm-none-eabi/12.2.0/../../../../arm-none-eabi/lib/thumb/v7e-m/nofp/libc.a(lib_a-lock.o)
__lock___sinit_recursive_mutex                    /usr/lib/gcc/arm-none-eabi/12.2.0/../../../../arm-none-eabi/lib/thumb/v7e-m/nofp/libc.a(lib_a-lock.o)
__lock___tz_mutex                                 /usr/lib/gcc/arm-none-eabi/12.2.0/../../../../arm-none-eabi/lib/thumb/v7e-m/nofp/libc.a(lib_a-lock.o)
__preinit_array_end                               /usr/lib/gcc/arm-none-eabi/12.2.0/../../../../arm-none-eabi/lib/thumb/v7e-m/nofp/libc.a(lib_a-init.o)
__preinit_array_start                             /usr/lib/gcc/arm-none-eabi/12.2.0/../../../../arm-none-eabi/lib/thumb/v7e-m/nofp/libc.a(lib_a-init.o)
__ram_end__                                       ./build/asf/sam/utils/syscalls/gcc/syscalls.o
__register_exitproc                               /usr/lib/gcc/arm-none-eabi/12.2.0/../../../../arm-none-eabi/lib/thumb/v7e-m/nofp/libc.a(lib_a-__atexit.o)
                                                  /usr/lib/gcc/arm-none-eabi/12.2.0/../../../../arm-none-eabi/lib/thumb/v7e-m/nofp/libc.a(lib_a-atexit.o)
__register_frame_info                             /usr/lib/gcc/arm-none-eabi/12.2.0/thumb/v7e-m/nofp/crtbegin.o
__retarget_lock_acquire                           /usr/lib/gcc/arm-none-eabi/12.2.0/../../../../arm-none-eabi/lib/thumb/v7e-m/nofp/libc.a(lib_a-lock.o)
__retarget_lock_acquire_recursive                 /usr/lib/gcc/arm-none-eabi/12.2.0/../../../../arm-none-eabi/lib/thumb/v7e-m/nofp/libc.a(lib_a-lock.o)
                                                  /usr/lib/gcc/arm-none-eabi/12.2.0/../../../../arm-none-eabi/lib/thumb/v7e-m/nofp/libc.a(lib_a-__call_atexit.o)
                                                  /usr/lib/gcc/arm-none-eabi/12.2.0/../../../../arm-none-eabi/lib/thumb/v7e-m/nofp/libc.a(lib_a-__atexit.o)
__retarget_lock_close                             /usr/lib/gcc/arm-none-eabi/12.2.0/../../../../arm-none-eabi/lib/thumb/v7e-m/nofp/libc.a(lib_a-lock.o)
__retarget_lock_close_recursive                   /usr/lib/gcc/arm-none-eabi/12.2.0/../../../../arm-none-eabi/lib/thumb/v7e-m/nofp/libc.a(lib_a-lock.o)
__retarget_lock_init                              /usr/lib/gcc/arm-none-eabi/12.2.0/../../../../arm-none-eabi/lib/thumb/v7e-m/nofp/libc.a(lib_a-lock.o)
__retarget_lock_init_recursive                    /usr/lib/gcc/arm-none-eabi/12.2.0/../../../../arm-none-eabi/lib/thumb/v7e-m/nofp/libc.a(lib_a-lock.o)
__retarget_lock_release                           /usr/lib/gcc/arm-none-eabi/12.2.0/../../../../arm-none-eabi/lib/thumb/v7e-m/nofp/libc.a(lib_a-lock.o)
__retarget_lock_release_recursive                 /usr/lib/gcc/arm-none-eabi/12.2.0/../../../../arm-none-eabi/lib/thumb/v7e-m/nofp/libc.a(lib_a-lock.o)
                                                  /usr/lib/gcc/arm-none-eabi/12.2.0/../../../../arm-none-eabi/lib/thumb/v7e-m/nofp/libc.a(lib_a-__call_atexit.o)
                                                  /usr/lib/gcc/arm-none-eabi/12.2.0/../../../../arm-none-eabi/lib/thumb/v7e-m/nofp/libc.a(lib_a-__atexit.o)
__retarget_lock_try_acquire                       /usr/lib/gcc/arm-none-eabi/12.2.0/../../../../arm-none-eabi/lib/thumb/v7e-m/nofp/libc.a(lib_a-lock.o)
__retarget_lock_try_acquire_recursive             /usr/lib/gcc/arm-none-eabi/12.2.0/../../../../arm-none-eabi/lib/thumb/v7e-m/nofp/libc.a(lib_a-lock.o)
__stack                                           /usr/lib/gcc/arm-none-eabi/12.2.0/../../../../arm-none-eabi/lib/thumb/v7e-m/nofp/crt0.o
_close                                            ./build/asf/sam/utils/syscalls/gcc/syscalls.o
_end                                              ./build/asf/sam/utils/syscalls/gcc/syscalls.o
_erelocate                                        ./build/asf/sam/utils/cmsis/sam4s/source/templates/gcc/startup_sam4s.o
_estack                                           ./build/asf/sam/utils/cmsis/sam4s/source/templates/gcc/startup_sam4s.o
_etext                                            ./build/asf/sam/utils/cmsis/sam4s/source/templates/gcc/startup_sam4s.o
_exit                                             ./build/asf/sam/utils/syscalls/gcc/syscalls.o
                                                  /usr/lib/gcc/arm-none-eabi/12.2.0/../../../../arm-none-eabi/lib/thumb/v7e-m/nofp/libc.a(lib_a-exit.o)
_ezero                                            ./build/asf/sam/utils/cmsis/sam4s/source/templates/gcc/startup_sam4s.o
_fini                                             /usr/lib/gcc/arm-none-eabi/12.2.0/thumb/v7e-m/nofp/crti.o
                                                  /usr/lib/gcc/arm-none-eabi/12.2.0/../../../../arm-none-eabi/lib/thumb/v7e-m/nofp/libc.a(lib_a-fini.o)
_fstat                                            ./build/asf/sam/utils/syscalls/gcc/syscalls.o
_getpid                                           ./build/asf/sam/utils/syscalls/gcc/syscalls.o
_global_impure_ptr                                /usr/lib/gcc/arm-none-eabi/12.2.0/../../../../arm-none-eabi/lib/thumb/v7e-m/nofp/libc.a(lib_a-impure.o)
                                                  /usr/lib/gcc/arm-none-eabi/12.2.0/../../../../arm-none-eabi/lib/thumb/v7e-m/nofp/libc.a(lib_a-__call_atexit.o)
                                                  /usr/lib/gcc/arm-none-eabi/12.2.0/../../../../arm-none-eabi/lib/thumb/v7e-m/nofp/libc.a(lib_a-__atexit.o)
                                                  /usr/lib/gcc/arm-none-eabi/12.2.0/../../../../arm-none-eabi/lib/thumb/v7e-m/nofp/libc.a(lib_a-exit.o)
_impure_ptr                                       /usr/lib/gcc/arm-none-eabi/12.2.0/../../../../arm-none-eabi/lib/thumb/v7e-m/nofp/libc.a(lib_a-impure.o)
_init                                             /usr/lib/gcc/arm-none-eabi/12.2.0/thumb/v7e-m/nofp/crti.o
                                                  /usr/lib/gcc/arm-none-eabi/12.2.0/../../../../arm-none-eabi/lib/thumb/v7e-m/nofp/libc.a(lib_a-init.o)
_isatty                                           ./build/asf/sam/utils/syscalls/gcc/syscalls.o
_kill                                             ./build/asf/sam/utils/syscalls/gcc/syscalls.o
_lseek                                            ./build/asf/sam/utils/syscalls/gcc/syscalls.o
_mainCRTStartup                                   /usr/lib/gcc/arm-none-eabi/12.2.0/../../../../arm-none-eabi/lib/thumb/v7e-m/nofp/crt0.o
_sbrk                                             ./build/asf/sam/utils/syscalls/gcc/syscalls.o
_sfixed                                           ./build/asf/sam/utils/cmsis/sam4s/source/templates/gcc/startup_sam4s.o
_srelocate                                        ./build/asf/sam/utils/cmsis/sam4s/source/templates/gcc/startup_sam4s.o